ERROR - 2025-10-30 12:36:26 --> mysqli_sql_exception: Column 'id_spp' cannot be null in /home/zreis/Downloads/Project/Project-e-Keuangan/system/Database/MySQLi/Connection.php:327
Stack trace:
#0 /home/zreis/Downloads/Project/Project-e-Keuangan/system/Database/MySQLi/Connection.php(327): mysqli->query()
#1 /home/zreis/Downloads/Project/Project-e-Keuangan/system/Database/BaseConnection.php(738): CodeIgniter\Database\MySQLi\Connection->execute()
#2 /home/zreis/Downloads/Project/Project-e-Keuangan/system/Database/BaseConnection.php(652): CodeIgniter\Database\BaseConnection->simpleQuery()
#3 /home/zreis/Downloads/Project/Project-e-Keuangan/system/Database/BaseBuilder.php(2345): CodeIgniter\Database\BaseConnection->query()
#4 /home/zreis/Downloads/Project/Project-e-Keuangan/system/Model.php(394): CodeIgniter\Database\BaseBuilder->insert()
#5 /home/zreis/Downloads/Project/Project-e-Keuangan/system/BaseModel.php(843): CodeIgniter\Model->doInsert()
#6 /home/zreis/Downloads/Project/Project-e-Keuangan/system/Model.php(800): CodeIgniter\BaseModel->insert()
#7 /home/zreis/Downloads/Project/Project-e-Keuangan/app/Controllers/SiswaController.php(171): CodeIgniter\Model->insert()
#8 /home/zreis/Downloads/Project/Project-e-Keuangan/system/CodeIgniter.php(933): App\Controllers\SiswaController->create()
#9 /home/zreis/Downloads/Project/Project-e-Keuangan/system/CodeIgniter.php(507): CodeIgniter\CodeIgniter->runController()
#10 /home/zreis/Downloads/Project/Project-e-Keuangan/system/CodeIgniter.php(354): CodeIgniter\CodeIgniter->handleRequest()
#11 /home/zreis/Downloads/Project/Project-e-Keuangan/system/Boot.php(334): CodeIgniter\CodeIgniter->run()
#12 /home/zreis/Downloads/Project/Project-e-Keuangan/system/Boot.php(67): CodeIgniter\Boot::runCodeIgniter()
#13 /home/zreis/Downloads/Project/Project-e-Keuangan/public/index.php(59): CodeIgniter\Boot::bootWeb()
#14 /home/zreis/Downloads/Project/Project-e-Keuangan/system/rewrite.php(44): require_once('...')
#15 {main}
CRITICAL - 2025-10-30 12:36:26 --> CodeIgniter\Database\Exceptions\DatabaseException: Column 'id_spp' cannot be null
[Method: POST, Route: siswa/create]
in SYSTEMPATH/Database/BaseConnection.php on line 692.
 1 SYSTEMPATH/Database/BaseBuilder.php(2345): CodeIgniter\Database\BaseConnection->query()
 2 SYSTEMPATH/Model.php(394): CodeIgniter\Database\BaseBuilder->insert()
 3 SYSTEMPATH/BaseModel.php(843): CodeIgniter\Model->doInsert()
 4 SYSTEMPATH/Model.php(800): CodeIgniter\BaseModel->insert()
 5 APPPATH/Controllers/SiswaController.php(171): CodeIgniter\Model->insert()
 6 SYSTEMPATH/CodeIgniter.php(933): App\Controllers\SiswaController->create()
 7 SYSTEMPATH/CodeIgniter.php(507): CodeIgniter\CodeIgniter->runController()
 8 SYSTEMPATH/CodeIgniter.php(354): CodeIgniter\CodeIgniter->handleRequest()
 9 SYSTEMPATH/Boot.php(334): CodeIgniter\CodeIgniter->run()
10 SYSTEMPATH/Boot.php(67): CodeIgniter\Boot::runCodeIgniter()
11 FCPATH/index.php(59): CodeIgniter\Boot::bootWeb()
12 SYSTEMPATH/rewrite.php(44): require_once('/home/zreis/Downloads/Project/Project-e-Keuangan/public/index.php')
CRITICAL - 2025-10-30 12:36:26 --> [Caused by] CodeIgniter\Database\Exceptions\DatabaseException: Column 'id_spp' cannot be null
in SYSTEMPATH/Database/MySQLi/Connection.php on line 332.
 1 SYSTEMPATH/Database/BaseConnection.php(738): CodeIgniter\Database\MySQLi\Connection->execute()
 2 SYSTEMPATH/Database/BaseConnection.php(652): CodeIgniter\Database\BaseConnection->simpleQuery()
 3 SYSTEMPATH/Database/BaseBuilder.php(2345): CodeIgniter\Database\BaseConnection->query()
 4 SYSTEMPATH/Model.php(394): CodeIgniter\Database\BaseBuilder->insert()
 5 SYSTEMPATH/BaseModel.php(843): CodeIgniter\Model->doInsert()
 6 SYSTEMPATH/Model.php(800): CodeIgniter\BaseModel->insert()
 7 APPPATH/Controllers/SiswaController.php(171): CodeIgniter\Model->insert()
 8 SYSTEMPATH/CodeIgniter.php(933): App\Controllers\SiswaController->create()
 9 SYSTEMPATH/CodeIgniter.php(507): CodeIgniter\CodeIgniter->runController()
10 SYSTEMPATH/CodeIgniter.php(354): CodeIgniter\CodeIgniter->handleRequest()
11 SYSTEMPATH/Boot.php(334): CodeIgniter\CodeIgniter->run()
12 SYSTEMPATH/Boot.php(67): CodeIgniter\Boot::runCodeIgniter()
13 FCPATH/index.php(59): CodeIgniter\Boot::bootWeb()
14 SYSTEMPATH/rewrite.php(44): require_once('/home/zreis/Downloads/Project/Project-e-Keuangan/public/index.php')
CRITICAL - 2025-10-30 12:36:26 --> [Caused by] mysqli_sql_exception: Column 'id_spp' cannot be null
in SYSTEMPATH/Database/MySQLi/Connection.php on line 327.
 1 SYSTEMPATH/Database/MySQLi/Connection.php(327): mysqli->query()
 2 SYSTEMPATH/Database/BaseConnection.php(738): CodeIgniter\Database\MySQLi\Connection->execute()
 3 SYSTEMPATH/Database/BaseConnection.php(652): CodeIgniter\Database\BaseConnection->simpleQuery()
 4 SYSTEMPATH/Database/BaseBuilder.php(2345): CodeIgniter\Database\BaseConnection->query()
 5 SYSTEMPATH/Model.php(394): CodeIgniter\Database\BaseBuilder->insert()
 6 SYSTEMPATH/BaseModel.php(843): CodeIgniter\Model->doInsert()
 7 SYSTEMPATH/Model.php(800): CodeIgniter\BaseModel->insert()
 8 APPPATH/Controllers/SiswaController.php(171): CodeIgniter\Model->insert()
 9 SYSTEMPATH/CodeIgniter.php(933): App\Controllers\SiswaController->create()
10 SYSTEMPATH/CodeIgniter.php(507): CodeIgniter\CodeIgniter->runController()
11 SYSTEMPATH/CodeIgniter.php(354): CodeIgniter\CodeIgniter->handleRequest()
12 SYSTEMPATH/Boot.php(334): CodeIgniter\CodeIgniter->run()
13 SYSTEMPATH/Boot.php(67): CodeIgniter\Boot::runCodeIgniter()
14 FCPATH/index.php(59): CodeIgniter\Boot::bootWeb()
15 SYSTEMPATH/rewrite.php(44): require_once('/home/zreis/Downloads/Project/Project-e-Keuangan/public/index.php')
ERROR - 2025-10-30 12:52:12 --> mysqli_sql_exception: Column 'id_spp' cannot be null in /home/zreis/Downloads/Project/Project-e-Keuangan/system/Database/MySQLi/Connection.php:327
Stack trace:
#0 /home/zreis/Downloads/Project/Project-e-Keuangan/system/Database/MySQLi/Connection.php(327): mysqli->query()
#1 /home/zreis/Downloads/Project/Project-e-Keuangan/system/Database/BaseConnection.php(738): CodeIgniter\Database\MySQLi\Connection->execute()
#2 /home/zreis/Downloads/Project/Project-e-Keuangan/system/Database/BaseConnection.php(652): CodeIgniter\Database\BaseConnection->simpleQuery()
#3 /home/zreis/Downloads/Project/Project-e-Keuangan/system/Database/BaseBuilder.php(2345): CodeIgniter\Database\BaseConnection->query()
#4 /home/zreis/Downloads/Project/Project-e-Keuangan/system/Model.php(394): CodeIgniter\Database\BaseBuilder->insert()
#5 /home/zreis/Downloads/Project/Project-e-Keuangan/system/BaseModel.php(843): CodeIgniter\Model->doInsert()
#6 /home/zreis/Downloads/Project/Project-e-Keuangan/system/Model.php(800): CodeIgniter\BaseModel->insert()
#7 /home/zreis/Downloads/Project/Project-e-Keuangan/app/Controllers/SiswaController.php(171): CodeIgniter\Model->insert()
#8 /home/zreis/Downloads/Project/Project-e-Keuangan/system/CodeIgniter.php(933): App\Controllers\SiswaController->create()
#9 /home/zreis/Downloads/Project/Project-e-Keuangan/system/CodeIgniter.php(507): CodeIgniter\CodeIgniter->runController()
#10 /home/zreis/Downloads/Project/Project-e-Keuangan/system/CodeIgniter.php(354): CodeIgniter\CodeIgniter->handleRequest()
#11 /home/zreis/Downloads/Project/Project-e-Keuangan/system/Boot.php(334): CodeIgniter\CodeIgniter->run()
#12 /home/zreis/Downloads/Project/Project-e-Keuangan/system/Boot.php(67): CodeIgniter\Boot::runCodeIgniter()
#13 /home/zreis/Downloads/Project/Project-e-Keuangan/public/index.php(59): CodeIgniter\Boot::bootWeb()
#14 /home/zreis/Downloads/Project/Project-e-Keuangan/system/rewrite.php(44): require_once('...')
#15 {main}
CRITICAL - 2025-10-30 12:52:12 --> CodeIgniter\Database\Exceptions\DatabaseException: Column 'id_spp' cannot be null
[Method: POST, Route: siswa/create]
in SYSTEMPATH/Database/BaseConnection.php on line 692.
 1 SYSTEMPATH/Database/BaseBuilder.php(2345): CodeIgniter\Database\BaseConnection->query()
 2 SYSTEMPATH/Model.php(394): CodeIgniter\Database\BaseBuilder->insert()
 3 SYSTEMPATH/BaseModel.php(843): CodeIgniter\Model->doInsert()
 4 SYSTEMPATH/Model.php(800): CodeIgniter\BaseModel->insert()
 5 APPPATH/Controllers/SiswaController.php(171): CodeIgniter\Model->insert()
 6 SYSTEMPATH/CodeIgniter.php(933): App\Controllers\SiswaController->create()
 7 SYSTEMPATH/CodeIgniter.php(507): CodeIgniter\CodeIgniter->runController()
 8 SYSTEMPATH/CodeIgniter.php(354): CodeIgniter\CodeIgniter->handleRequest()
 9 SYSTEMPATH/Boot.php(334): CodeIgniter\CodeIgniter->run()
10 SYSTEMPATH/Boot.php(67): CodeIgniter\Boot::runCodeIgniter()
11 FCPATH/index.php(59): CodeIgniter\Boot::bootWeb()
12 SYSTEMPATH/rewrite.php(44): require_once('/home/zreis/Downloads/Project/Project-e-Keuangan/public/index.php')
CRITICAL - 2025-10-30 12:52:12 --> [Caused by] CodeIgniter\Database\Exceptions\DatabaseException: Column 'id_spp' cannot be null
in SYSTEMPATH/Database/MySQLi/Connection.php on line 332.
 1 SYSTEMPATH/Database/BaseConnection.php(738): CodeIgniter\Database\MySQLi\Connection->execute()
 2 SYSTEMPATH/Database/BaseConnection.php(652): CodeIgniter\Database\BaseConnection->simpleQuery()
 3 SYSTEMPATH/Database/BaseBuilder.php(2345): CodeIgniter\Database\BaseConnection->query()
 4 SYSTEMPATH/Model.php(394): CodeIgniter\Database\BaseBuilder->insert()
 5 SYSTEMPATH/BaseModel.php(843): CodeIgniter\Model->doInsert()
 6 SYSTEMPATH/Model.php(800): CodeIgniter\BaseModel->insert()
 7 APPPATH/Controllers/SiswaController.php(171): CodeIgniter\Model->insert()
 8 SYSTEMPATH/CodeIgniter.php(933): App\Controllers\SiswaController->create()
 9 SYSTEMPATH/CodeIgniter.php(507): CodeIgniter\CodeIgniter->runController()
10 SYSTEMPATH/CodeIgniter.php(354): CodeIgniter\CodeIgniter->handleRequest()
11 SYSTEMPATH/Boot.php(334): CodeIgniter\CodeIgniter->run()
12 SYSTEMPATH/Boot.php(67): CodeIgniter\Boot::runCodeIgniter()
13 FCPATH/index.php(59): CodeIgniter\Boot::bootWeb()
14 SYSTEMPATH/rewrite.php(44): require_once('/home/zreis/Downloads/Project/Project-e-Keuangan/public/index.php')
CRITICAL - 2025-10-30 12:52:12 --> [Caused by] mysqli_sql_exception: Column 'id_spp' cannot be null
in SYSTEMPATH/Database/MySQLi/Connection.php on line 327.
 1 SYSTEMPATH/Database/MySQLi/Connection.php(327): mysqli->query()
 2 SYSTEMPATH/Database/BaseConnection.php(738): CodeIgniter\Database\MySQLi\Connection->execute()
 3 SYSTEMPATH/Database/BaseConnection.php(652): CodeIgniter\Database\BaseConnection->simpleQuery()
 4 SYSTEMPATH/Database/BaseBuilder.php(2345): CodeIgniter\Database\BaseConnection->query()
 5 SYSTEMPATH/Model.php(394): CodeIgniter\Database\BaseBuilder->insert()
 6 SYSTEMPATH/BaseModel.php(843): CodeIgniter\Model->doInsert()
 7 SYSTEMPATH/Model.php(800): CodeIgniter\BaseModel->insert()
 8 APPPATH/Controllers/SiswaController.php(171): CodeIgniter\Model->insert()
 9 SYSTEMPATH/CodeIgniter.php(933): App\Controllers\SiswaController->create()
10 SYSTEMPATH/CodeIgniter.php(507): CodeIgniter\CodeIgniter->runController()
11 SYSTEMPATH/CodeIgniter.php(354): CodeIgniter\CodeIgniter->handleRequest()
12 SYSTEMPATH/Boot.php(334): CodeIgniter\CodeIgniter->run()
13 SYSTEMPATH/Boot.php(67): CodeIgniter\Boot::runCodeIgniter()
14 FCPATH/index.php(59): CodeIgniter\Boot::bootWeb()
15 SYSTEMPATH/rewrite.php(44): require_once('/home/zreis/Downloads/Project/Project-e-Keuangan/public/index.php')
CRITICAL - 2025-10-30 13:13:59 --> ErrorException: Undefined array key "status"
[Method: GET, Route: kas-masuk/spp]
in APPPATH/Views/admin/kas-masuk/kas-spp.php on line 57.
 1 APPPATH/Views/admin/kas-masuk/kas-spp.php(57): CodeIgniter\Debug\Exceptions->errorHandler()
 2 SYSTEMPATH/View/View.php(224): include('/home/zreis/Downloads/Project/Project-e-Keuangan/app/Views/admin/kas-masuk/kas-spp.php')
 3 SYSTEMPATH/View/View.php(227): CodeIgniter\View\View->{closure:CodeIgniter\View\View::render():221}()
 4 SYSTEMPATH/Common.php(1173): CodeIgniter\View\View->render()
 5 APPPATH/Controllers/SppController.php(182): view()
 6 SYSTEMPATH/CodeIgniter.php(933): App\Controllers\SppController->SppMasuk()
 7 SYSTEMPATH/CodeIgniter.php(507): CodeIgniter\CodeIgniter->runController()
 8 SYSTEMPATH/CodeIgniter.php(354): CodeIgniter\CodeIgniter->handleRequest()
 9 SYSTEMPATH/Boot.php(334): CodeIgniter\CodeIgniter->run()
10 SYSTEMPATH/Boot.php(67): CodeIgniter\Boot::runCodeIgniter()
11 FCPATH/index.php(59): CodeIgniter\Boot::bootWeb()
12 SYSTEMPATH/rewrite.php(44): require_once('/home/zreis/Downloads/Project/Project-e-Keuangan/public/index.php')
CRITICAL - 2025-10-30 13:14:00 --> ErrorException: Undefined array key "status"
[Method: GET, Route: kas-masuk/spp]
in APPPATH/Views/admin/kas-masuk/kas-spp.php on line 57.
 1 APPPATH/Views/admin/kas-masuk/kas-spp.php(57): CodeIgniter\Debug\Exceptions->errorHandler()
 2 SYSTEMPATH/View/View.php(224): include('/home/zreis/Downloads/Project/Project-e-Keuangan/app/Views/admin/kas-masuk/kas-spp.php')
 3 SYSTEMPATH/View/View.php(227): CodeIgniter\View\View->{closure:CodeIgniter\View\View::render():221}()
 4 SYSTEMPATH/Common.php(1173): CodeIgniter\View\View->render()
 5 APPPATH/Controllers/SppController.php(182): view()
 6 SYSTEMPATH/CodeIgniter.php(933): App\Controllers\SppController->SppMasuk()
 7 SYSTEMPATH/CodeIgniter.php(507): CodeIgniter\CodeIgniter->runController()
 8 SYSTEMPATH/CodeIgniter.php(354): CodeIgniter\CodeIgniter->handleRequest()
 9 SYSTEMPATH/Boot.php(334): CodeIgniter\CodeIgniter->run()
10 SYSTEMPATH/Boot.php(67): CodeIgniter\Boot::runCodeIgniter()
11 FCPATH/index.php(59): CodeIgniter\Boot::bootWeb()
12 SYSTEMPATH/rewrite.php(44): require_once('/home/zreis/Downloads/Project/Project-e-Keuangan/public/index.php')
CRITICAL - 2025-10-30 16:18:33 --> ErrorException: Undefined variable $data
[Method: GET, Route: kas-masuk/spp/detail/1]
in APPPATH/Views/admin/Details/kas-spp-detail.php on line 55.
 1 APPPATH/Views/admin/Details/kas-spp-detail.php(55): CodeIgniter\Debug\Exceptions->errorHandler()
 2 SYSTEMPATH/View/View.php(224): include('/home/zreis/Downloads/Project/Project-e-Keuangan/app/Views/admin/Details/kas-spp-detail.php')
 3 SYSTEMPATH/View/View.php(227): CodeIgniter\View\View->{closure:CodeIgniter\View\View::render():221}()
 4 SYSTEMPATH/Common.php(1173): CodeIgniter\View\View->render()
 5 APPPATH/Controllers/SppController.php(191): view()
 6 SYSTEMPATH/CodeIgniter.php(933): App\Controllers\SppController->SppDetail()
 7 SYSTEMPATH/CodeIgniter.php(507): CodeIgniter\CodeIgniter->runController()
 8 SYSTEMPATH/CodeIgniter.php(354): CodeIgniter\CodeIgniter->handleRequest()
 9 SYSTEMPATH/Boot.php(334): CodeIgniter\CodeIgniter->run()
10 SYSTEMPATH/Boot.php(67): CodeIgniter\Boot::runCodeIgniter()
11 FCPATH/index.php(59): CodeIgniter\Boot::bootWeb()
12 SYSTEMPATH/rewrite.php(44): require_once('/home/zreis/Downloads/Project/Project-e-Keuangan/public/index.php')
CRITICAL - 2025-10-30 16:29:41 --> CodeIgniter\Exceptions\BadMethodCallException: Call to undefined method App\Models\PembayaranSPPModel::getDataSort
[Method: GET, Route: kas-masuk/spp]
in SYSTEMPATH/Model.php on line 930.
 1 APPPATH/Controllers/SppController.php(179): CodeIgniter\Model->__call()
 2 SYSTEMPATH/CodeIgniter.php(933): App\Controllers\SppController->SppMasuk()
 3 SYSTEMPATH/CodeIgniter.php(507): CodeIgniter\CodeIgniter->runController()
 4 SYSTEMPATH/CodeIgniter.php(354): CodeIgniter\CodeIgniter->handleRequest()
 5 SYSTEMPATH/Boot.php(334): CodeIgniter\CodeIgniter->run()
 6 SYSTEMPATH/Boot.php(67): CodeIgniter\Boot::runCodeIgniter()
 7 FCPATH/index.php(59): CodeIgniter\Boot::bootWeb()
 8 SYSTEMPATH/rewrite.php(44): require_once('/home/zreis/Downloads/Project/Project-e-Keuangan/public/index.php')
CRITICAL - 2025-10-30 16:30:57 --> CodeIgniter\Exceptions\BadMethodCallException: Call to undefined method App\Models\PembayaranSPPModel::getDataSort
[Method: GET, Route: kas-masuk/spp]
in SYSTEMPATH/Model.php on line 930.
 1 APPPATH/Controllers/SppController.php(179): CodeIgniter\Model->__call()
 2 SYSTEMPATH/CodeIgniter.php(933): App\Controllers\SppController->SppMasuk()
 3 SYSTEMPATH/CodeIgniter.php(507): CodeIgniter\CodeIgniter->runController()
 4 SYSTEMPATH/CodeIgniter.php(354): CodeIgniter\CodeIgniter->handleRequest()
 5 SYSTEMPATH/Boot.php(334): CodeIgniter\CodeIgniter->run()
 6 SYSTEMPATH/Boot.php(67): CodeIgniter\Boot::runCodeIgniter()
 7 FCPATH/index.php(59): CodeIgniter\Boot::bootWeb()
 8 SYSTEMPATH/rewrite.php(44): require_once('/home/zreis/Downloads/Project/Project-e-Keuangan/public/index.php')
CRITICAL - 2025-10-30 16:30:58 --> CodeIgniter\Exceptions\BadMethodCallException: Call to undefined method App\Models\PembayaranSPPModel::getDataSort
[Method: GET, Route: kas-masuk/spp]
in SYSTEMPATH/Model.php on line 930.
 1 APPPATH/Controllers/SppController.php(179): CodeIgniter\Model->__call()
 2 SYSTEMPATH/CodeIgniter.php(933): App\Controllers\SppController->SppMasuk()
 3 SYSTEMPATH/CodeIgniter.php(507): CodeIgniter\CodeIgniter->runController()
 4 SYSTEMPATH/CodeIgniter.php(354): CodeIgniter\CodeIgniter->handleRequest()
 5 SYSTEMPATH/Boot.php(334): CodeIgniter\CodeIgniter->run()
 6 SYSTEMPATH/Boot.php(67): CodeIgniter\Boot::runCodeIgniter()
 7 FCPATH/index.php(59): CodeIgniter\Boot::bootWeb()
 8 SYSTEMPATH/rewrite.php(44): require_once('/home/zreis/Downloads/Project/Project-e-Keuangan/public/index.php')
CRITICAL - 2025-10-30 16:32:03 --> ErrorException: Undefined array key "nama_siswa"
[Method: GET, Route: kas-masuk/spp]
in APPPATH/Views/admin/kas-masuk/kas-spp.php on line 50.
 1 APPPATH/Views/admin/kas-masuk/kas-spp.php(50): CodeIgniter\Debug\Exceptions->errorHandler()
 2 SYSTEMPATH/View/View.php(224): include('/home/zreis/Downloads/Project/Project-e-Keuangan/app/Views/admin/kas-masuk/kas-spp.php')
 3 SYSTEMPATH/View/View.php(227): CodeIgniter\View\View->{closure:CodeIgniter\View\View::render():221}()
 4 SYSTEMPATH/Common.php(1173): CodeIgniter\View\View->render()
 5 APPPATH/Controllers/SppController.php(186): view()
 6 SYSTEMPATH/CodeIgniter.php(933): App\Controllers\SppController->SppMasuk()
 7 SYSTEMPATH/CodeIgniter.php(507): CodeIgniter\CodeIgniter->runController()
 8 SYSTEMPATH/CodeIgniter.php(354): CodeIgniter\CodeIgniter->handleRequest()
 9 SYSTEMPATH/Boot.php(334): CodeIgniter\CodeIgniter->run()
10 SYSTEMPATH/Boot.php(67): CodeIgniter\Boot::runCodeIgniter()
11 FCPATH/index.php(59): CodeIgniter\Boot::bootWeb()
12 SYSTEMPATH/rewrite.php(44): require_once('/home/zreis/Downloads/Project/Project-e-Keuangan/public/index.php')
CRITICAL - 2025-10-30 16:32:05 --> ErrorException: Undefined array key "nama_siswa"
[Method: GET, Route: kas-masuk/spp]
in APPPATH/Views/admin/kas-masuk/kas-spp.php on line 50.
 1 APPPATH/Views/admin/kas-masuk/kas-spp.php(50): CodeIgniter\Debug\Exceptions->errorHandler()
 2 SYSTEMPATH/View/View.php(224): include('/home/zreis/Downloads/Project/Project-e-Keuangan/app/Views/admin/kas-masuk/kas-spp.php')
 3 SYSTEMPATH/View/View.php(227): CodeIgniter\View\View->{closure:CodeIgniter\View\View::render():221}()
 4 SYSTEMPATH/Common.php(1173): CodeIgniter\View\View->render()
 5 APPPATH/Controllers/SppController.php(186): view()
 6 SYSTEMPATH/CodeIgniter.php(933): App\Controllers\SppController->SppMasuk()
 7 SYSTEMPATH/CodeIgniter.php(507): CodeIgniter\CodeIgniter->runController()
 8 SYSTEMPATH/CodeIgniter.php(354): CodeIgniter\CodeIgniter->handleRequest()
 9 SYSTEMPATH/Boot.php(334): CodeIgniter\CodeIgniter->run()
10 SYSTEMPATH/Boot.php(67): CodeIgniter\Boot::runCodeIgniter()
11 FCPATH/index.php(59): CodeIgniter\Boot::bootWeb()
12 SYSTEMPATH/rewrite.php(44): require_once('/home/zreis/Downloads/Project/Project-e-Keuangan/public/index.php')
CRITICAL - 2025-10-30 16:32:42 --> ErrorException: Undefined array key "nama_siswa"
[Method: GET, Route: kas-masuk/spp]
in APPPATH/Views/admin/kas-masuk/kas-spp.php on line 50.
 1 APPPATH/Views/admin/kas-masuk/kas-spp.php(50): CodeIgniter\Debug\Exceptions->errorHandler()
 2 SYSTEMPATH/View/View.php(224): include('/home/zreis/Downloads/Project/Project-e-Keuangan/app/Views/admin/kas-masuk/kas-spp.php')
 3 SYSTEMPATH/View/View.php(227): CodeIgniter\View\View->{closure:CodeIgniter\View\View::render():221}()
 4 SYSTEMPATH/Common.php(1173): CodeIgniter\View\View->render()
 5 APPPATH/Controllers/SppController.php(186): view()
 6 SYSTEMPATH/CodeIgniter.php(933): App\Controllers\SppController->SppMasuk()
 7 SYSTEMPATH/CodeIgniter.php(507): CodeIgniter\CodeIgniter->runController()
 8 SYSTEMPATH/CodeIgniter.php(354): CodeIgniter\CodeIgniter->handleRequest()
 9 SYSTEMPATH/Boot.php(334): CodeIgniter\CodeIgniter->run()
10 SYSTEMPATH/Boot.php(67): CodeIgniter\Boot::runCodeIgniter()
11 FCPATH/index.php(59): CodeIgniter\Boot::bootWeb()
12 SYSTEMPATH/rewrite.php(44): require_once('/home/zreis/Downloads/Project/Project-e-Keuangan/public/index.php')
CRITICAL - 2025-10-30 16:37:25 --> ErrorException: Undefined array key "nama_siswa"
[Method: GET, Route: kas-masuk/spp]
in APPPATH/Views/admin/kas-masuk/kas-spp.php on line 50.
 1 APPPATH/Views/admin/kas-masuk/kas-spp.php(50): CodeIgniter\Debug\Exceptions->errorHandler()
 2 SYSTEMPATH/View/View.php(224): include('/home/zreis/Downloads/Project/Project-e-Keuangan/app/Views/admin/kas-masuk/kas-spp.php')
 3 SYSTEMPATH/View/View.php(227): CodeIgniter\View\View->{closure:CodeIgniter\View\View::render():221}()
 4 SYSTEMPATH/Common.php(1173): CodeIgniter\View\View->render()
 5 APPPATH/Controllers/SppController.php(186): view()
 6 SYSTEMPATH/CodeIgniter.php(933): App\Controllers\SppController->SppMasuk()
 7 SYSTEMPATH/CodeIgniter.php(507): CodeIgniter\CodeIgniter->runController()
 8 SYSTEMPATH/CodeIgniter.php(354): CodeIgniter\CodeIgniter->handleRequest()
 9 SYSTEMPATH/Boot.php(334): CodeIgniter\CodeIgniter->run()
10 SYSTEMPATH/Boot.php(67): CodeIgniter\Boot::runCodeIgniter()
11 FCPATH/index.php(59): CodeIgniter\Boot::bootWeb()
12 SYSTEMPATH/rewrite.php(44): require_once('/home/zreis/Downloads/Project/Project-e-Keuangan/public/index.php')
CRITICAL - 2025-10-30 16:37:26 --> ErrorException: Undefined array key "nama_siswa"
[Method: GET, Route: kas-masuk/spp]
in APPPATH/Views/admin/kas-masuk/kas-spp.php on line 50.
 1 APPPATH/Views/admin/kas-masuk/kas-spp.php(50): CodeIgniter\Debug\Exceptions->errorHandler()
 2 SYSTEMPATH/View/View.php(224): include('/home/zreis/Downloads/Project/Project-e-Keuangan/app/Views/admin/kas-masuk/kas-spp.php')
 3 SYSTEMPATH/View/View.php(227): CodeIgniter\View\View->{closure:CodeIgniter\View\View::render():221}()
 4 SYSTEMPATH/Common.php(1173): CodeIgniter\View\View->render()
 5 APPPATH/Controllers/SppController.php(186): view()
 6 SYSTEMPATH/CodeIgniter.php(933): App\Controllers\SppController->SppMasuk()
 7 SYSTEMPATH/CodeIgniter.php(507): CodeIgniter\CodeIgniter->runController()
 8 SYSTEMPATH/CodeIgniter.php(354): CodeIgniter\CodeIgniter->handleRequest()
 9 SYSTEMPATH/Boot.php(334): CodeIgniter\CodeIgniter->run()
10 SYSTEMPATH/Boot.php(67): CodeIgniter\Boot::runCodeIgniter()
11 FCPATH/index.php(59): CodeIgniter\Boot::bootWeb()
12 SYSTEMPATH/rewrite.php(44): require_once('/home/zreis/Downloads/Project/Project-e-Keuangan/public/index.php')
CRITICAL - 2025-10-30 16:37:57 --> ErrorException: Undefined array key "nama_siswa"
[Method: GET, Route: kas-masuk/spp]
in APPPATH/Views/admin/kas-masuk/kas-spp.php on line 50.
 1 APPPATH/Views/admin/kas-masuk/kas-spp.php(50): CodeIgniter\Debug\Exceptions->errorHandler()
 2 SYSTEMPATH/View/View.php(224): include('/home/zreis/Downloads/Project/Project-e-Keuangan/app/Views/admin/kas-masuk/kas-spp.php')
 3 SYSTEMPATH/View/View.php(227): CodeIgniter\View\View->{closure:CodeIgniter\View\View::render():221}()
 4 SYSTEMPATH/Common.php(1173): CodeIgniter\View\View->render()
 5 APPPATH/Controllers/SppController.php(186): view()
 6 SYSTEMPATH/CodeIgniter.php(933): App\Controllers\SppController->SppMasuk()
 7 SYSTEMPATH/CodeIgniter.php(507): CodeIgniter\CodeIgniter->runController()
 8 SYSTEMPATH/CodeIgniter.php(354): CodeIgniter\CodeIgniter->handleRequest()
 9 SYSTEMPATH/Boot.php(334): CodeIgniter\CodeIgniter->run()
10 SYSTEMPATH/Boot.php(67): CodeIgniter\Boot::runCodeIgniter()
11 FCPATH/index.php(59): CodeIgniter\Boot::bootWeb()
12 SYSTEMPATH/rewrite.php(44): require_once('/home/zreis/Downloads/Project/Project-e-Keuangan/public/index.php')
CRITICAL - 2025-10-30 16:37:58 --> ErrorException: Undefined array key "nama_siswa"
[Method: GET, Route: kas-masuk/spp]
in APPPATH/Views/admin/kas-masuk/kas-spp.php on line 50.
 1 APPPATH/Views/admin/kas-masuk/kas-spp.php(50): CodeIgniter\Debug\Exceptions->errorHandler()
 2 SYSTEMPATH/View/View.php(224): include('/home/zreis/Downloads/Project/Project-e-Keuangan/app/Views/admin/kas-masuk/kas-spp.php')
 3 SYSTEMPATH/View/View.php(227): CodeIgniter\View\View->{closure:CodeIgniter\View\View::render():221}()
 4 SYSTEMPATH/Common.php(1173): CodeIgniter\View\View->render()
 5 APPPATH/Controllers/SppController.php(186): view()
 6 SYSTEMPATH/CodeIgniter.php(933): App\Controllers\SppController->SppMasuk()
 7 SYSTEMPATH/CodeIgniter.php(507): CodeIgniter\CodeIgniter->runController()
 8 SYSTEMPATH/CodeIgniter.php(354): CodeIgniter\CodeIgniter->handleRequest()
 9 SYSTEMPATH/Boot.php(334): CodeIgniter\CodeIgniter->run()
10 SYSTEMPATH/Boot.php(67): CodeIgniter\Boot::runCodeIgniter()
11 FCPATH/index.php(59): CodeIgniter\Boot::bootWeb()
12 SYSTEMPATH/rewrite.php(44): require_once('/home/zreis/Downloads/Project/Project-e-Keuangan/public/index.php')
CRITICAL - 2025-10-30 16:37:58 --> ErrorException: Undefined array key "nama_siswa"
[Method: GET, Route: kas-masuk/spp]
in APPPATH/Views/admin/kas-masuk/kas-spp.php on line 50.
 1 APPPATH/Views/admin/kas-masuk/kas-spp.php(50): CodeIgniter\Debug\Exceptions->errorHandler()
 2 SYSTEMPATH/View/View.php(224): include('/home/zreis/Downloads/Project/Project-e-Keuangan/app/Views/admin/kas-masuk/kas-spp.php')
 3 SYSTEMPATH/View/View.php(227): CodeIgniter\View\View->{closure:CodeIgniter\View\View::render():221}()
 4 SYSTEMPATH/Common.php(1173): CodeIgniter\View\View->render()
 5 APPPATH/Controllers/SppController.php(186): view()
 6 SYSTEMPATH/CodeIgniter.php(933): App\Controllers\SppController->SppMasuk()
 7 SYSTEMPATH/CodeIgniter.php(507): CodeIgniter\CodeIgniter->runController()
 8 SYSTEMPATH/CodeIgniter.php(354): CodeIgniter\CodeIgniter->handleRequest()
 9 SYSTEMPATH/Boot.php(334): CodeIgniter\CodeIgniter->run()
10 SYSTEMPATH/Boot.php(67): CodeIgniter\Boot::runCodeIgniter()
11 FCPATH/index.php(59): CodeIgniter\Boot::bootWeb()
12 SYSTEMPATH/rewrite.php(44): require_once('/home/zreis/Downloads/Project/Project-e-Keuangan/public/index.php')
CRITICAL - 2025-10-30 16:37:59 --> ErrorException: Undefined array key "nama_siswa"
[Method: GET, Route: kas-masuk/spp]
in APPPATH/Views/admin/kas-masuk/kas-spp.php on line 50.
 1 APPPATH/Views/admin/kas-masuk/kas-spp.php(50): CodeIgniter\Debug\Exceptions->errorHandler()
 2 SYSTEMPATH/View/View.php(224): include('/home/zreis/Downloads/Project/Project-e-Keuangan/app/Views/admin/kas-masuk/kas-spp.php')
 3 SYSTEMPATH/View/View.php(227): CodeIgniter\View\View->{closure:CodeIgniter\View\View::render():221}()
 4 SYSTEMPATH/Common.php(1173): CodeIgniter\View\View->render()
 5 APPPATH/Controllers/SppController.php(186): view()
 6 SYSTEMPATH/CodeIgniter.php(933): App\Controllers\SppController->SppMasuk()
 7 SYSTEMPATH/CodeIgniter.php(507): CodeIgniter\CodeIgniter->runController()
 8 SYSTEMPATH/CodeIgniter.php(354): CodeIgniter\CodeIgniter->handleRequest()
 9 SYSTEMPATH/Boot.php(334): CodeIgniter\CodeIgniter->run()
10 SYSTEMPATH/Boot.php(67): CodeIgniter\Boot::runCodeIgniter()
11 FCPATH/index.php(59): CodeIgniter\Boot::bootWeb()
12 SYSTEMPATH/rewrite.php(44): require_once('/home/zreis/Downloads/Project/Project-e-Keuangan/public/index.php')
CRITICAL - 2025-10-30 16:40:19 --> ErrorException: Undefined variable $kelas
[Method: GET, Route: kas-masuk/spp]
in APPPATH/Views/admin/kas-masuk/kas-spp.php on line 14.
 1 APPPATH/Views/admin/kas-masuk/kas-spp.php(14): CodeIgniter\Debug\Exceptions->errorHandler()
 2 SYSTEMPATH/View/View.php(224): include('/home/zreis/Downloads/Project/Project-e-Keuangan/app/Views/admin/kas-masuk/kas-spp.php')
 3 SYSTEMPATH/View/View.php(227): CodeIgniter\View\View->{closure:CodeIgniter\View\View::render():221}()
 4 SYSTEMPATH/Common.php(1173): CodeIgniter\View\View->render()
 5 APPPATH/Controllers/SppController.php(186): view()
 6 SYSTEMPATH/CodeIgniter.php(933): App\Controllers\SppController->SppMasuk()
 7 SYSTEMPATH/CodeIgniter.php(507): CodeIgniter\CodeIgniter->runController()
 8 SYSTEMPATH/CodeIgniter.php(354): CodeIgniter\CodeIgniter->handleRequest()
 9 SYSTEMPATH/Boot.php(334): CodeIgniter\CodeIgniter->run()
10 SYSTEMPATH/Boot.php(67): CodeIgniter\Boot::runCodeIgniter()
11 FCPATH/index.php(59): CodeIgniter\Boot::bootWeb()
12 SYSTEMPATH/rewrite.php(44): require_once('/home/zreis/Downloads/Project/Project-e-Keuangan/public/index.php')
CRITICAL - 2025-10-30 16:44:08 --> ErrorException: Undefined variable $current_sort
[Method: GET, Route: kas-masuk/spp]
in APPPATH/Views/admin/kas-masuk/kas-spp.php on line 13.
 1 APPPATH/Views/admin/kas-masuk/kas-spp.php(13): CodeIgniter\Debug\Exceptions->errorHandler()
 2 SYSTEMPATH/View/View.php(224): include('/home/zreis/Downloads/Project/Project-e-Keuangan/app/Views/admin/kas-masuk/kas-spp.php')
 3 SYSTEMPATH/View/View.php(227): CodeIgniter\View\View->{closure:CodeIgniter\View\View::render():221}()
 4 SYSTEMPATH/Common.php(1173): CodeIgniter\View\View->render()
 5 APPPATH/Controllers/SppController.php(186): view()
 6 SYSTEMPATH/CodeIgniter.php(933): App\Controllers\SppController->SppMasuk()
 7 SYSTEMPATH/CodeIgniter.php(507): CodeIgniter\CodeIgniter->runController()
 8 SYSTEMPATH/CodeIgniter.php(354): CodeIgniter\CodeIgniter->handleRequest()
 9 SYSTEMPATH/Boot.php(334): CodeIgniter\CodeIgniter->run()
10 SYSTEMPATH/Boot.php(67): CodeIgniter\Boot::runCodeIgniter()
11 FCPATH/index.php(59): CodeIgniter\Boot::bootWeb()
12 SYSTEMPATH/rewrite.php(44): require_once('/home/zreis/Downloads/Project/Project-e-Keuangan/public/index.php')
CRITICAL - 2025-10-30 16:48:22 --> ErrorException: Undefined array key "nama_siswa"
[Method: GET, Route: kas-masuk/spp]
in APPPATH/Views/admin/kas-masuk/kas-spp.php on line 51.
 1 APPPATH/Views/admin/kas-masuk/kas-spp.php(51): CodeIgniter\Debug\Exceptions->errorHandler()
 2 SYSTEMPATH/View/View.php(224): include('/home/zreis/Downloads/Project/Project-e-Keuangan/app/Views/admin/kas-masuk/kas-spp.php')
 3 SYSTEMPATH/View/View.php(227): CodeIgniter\View\View->{closure:CodeIgniter\View\View::render():221}()
 4 SYSTEMPATH/Common.php(1173): CodeIgniter\View\View->render()
 5 APPPATH/Controllers/SppController.php(186): view()
 6 SYSTEMPATH/CodeIgniter.php(933): App\Controllers\SppController->SppMasuk()
 7 SYSTEMPATH/CodeIgniter.php(507): CodeIgniter\CodeIgniter->runController()
 8 SYSTEMPATH/CodeIgniter.php(354): CodeIgniter\CodeIgniter->handleRequest()
 9 SYSTEMPATH/Boot.php(334): CodeIgniter\CodeIgniter->run()
10 SYSTEMPATH/Boot.php(67): CodeIgniter\Boot::runCodeIgniter()
11 FCPATH/index.php(59): CodeIgniter\Boot::bootWeb()
12 SYSTEMPATH/rewrite.php(44): require_once('/home/zreis/Downloads/Project/Project-e-Keuangan/public/index.php')
ERROR - 2025-10-30 16:49:38 --> mysqli_sql_exception: Unknown column 'spp.nominal' in 'field list' in /home/zreis/Downloads/Project/Project-e-Keuangan/system/Database/MySQLi/Connection.php:327
Stack trace:
#0 /home/zreis/Downloads/Project/Project-e-Keuangan/system/Database/MySQLi/Connection.php(327): mysqli->query()
#1 /home/zreis/Downloads/Project/Project-e-Keuangan/system/Database/BaseConnection.php(738): CodeIgniter\Database\MySQLi\Connection->execute()
#2 /home/zreis/Downloads/Project/Project-e-Keuangan/system/Database/BaseConnection.php(652): CodeIgniter\Database\BaseConnection->simpleQuery()
#3 /home/zreis/Downloads/Project/Project-e-Keuangan/system/Database/BaseBuilder.php(1649): CodeIgniter\Database\BaseConnection->query()
#4 /home/zreis/Downloads/Project/Project-e-Keuangan/system/Model.php(928): CodeIgniter\Database\BaseBuilder->get()
#5 /home/zreis/Downloads/Project/Project-e-Keuangan/app/Models/PembayaranSPPModel.php(69): CodeIgniter\Model->__call()
#6 /home/zreis/Downloads/Project/Project-e-Keuangan/app/Controllers/SppController.php(179): App\Models\PembayaranSPPModel->getDataSort()
#7 /home/zreis/Downloads/Project/Project-e-Keuangan/system/CodeIgniter.php(933): App\Controllers\SppController->SppMasuk()
#8 /home/zreis/Downloads/Project/Project-e-Keuangan/system/CodeIgniter.php(507): CodeIgniter\CodeIgniter->runController()
#9 /home/zreis/Downloads/Project/Project-e-Keuangan/system/CodeIgniter.php(354): CodeIgniter\CodeIgniter->handleRequest()
#10 /home/zreis/Downloads/Project/Project-e-Keuangan/system/Boot.php(334): CodeIgniter\CodeIgniter->run()
#11 /home/zreis/Downloads/Project/Project-e-Keuangan/system/Boot.php(67): CodeIgniter\Boot::runCodeIgniter()
#12 /home/zreis/Downloads/Project/Project-e-Keuangan/public/index.php(59): CodeIgniter\Boot::bootWeb()
#13 /home/zreis/Downloads/Project/Project-e-Keuangan/system/rewrite.php(44): require_once('...')
#14 {main}
CRITICAL - 2025-10-30 16:49:38 --> CodeIgniter\Database\Exceptions\DatabaseException: Unknown column 'spp.nominal' in 'field list'
[Method: GET, Route: kas-masuk/spp]
in SYSTEMPATH/Database/BaseConnection.php on line 692.
 1 SYSTEMPATH/Database/BaseBuilder.php(1649): CodeIgniter\Database\BaseConnection->query()
 2 SYSTEMPATH/Model.php(928): CodeIgniter\Database\BaseBuilder->get()
 3 APPPATH/Models/PembayaranSPPModel.php(69): CodeIgniter\Model->__call()
 4 APPPATH/Controllers/SppController.php(179): App\Models\PembayaranSPPModel->getDataSort()
 5 SYSTEMPATH/CodeIgniter.php(933): App\Controllers\SppController->SppMasuk()
 6 SYSTEMPATH/CodeIgniter.php(507): CodeIgniter\CodeIgniter->runController()
 7 SYSTEMPATH/CodeIgniter.php(354): CodeIgniter\CodeIgniter->handleRequest()
 8 SYSTEMPATH/Boot.php(334): CodeIgniter\CodeIgniter->run()
 9 SYSTEMPATH/Boot.php(67): CodeIgniter\Boot::runCodeIgniter()
10 FCPATH/index.php(59): CodeIgniter\Boot::bootWeb()
11 SYSTEMPATH/rewrite.php(44): require_once('/home/zreis/Downloads/Project/Project-e-Keuangan/public/index.php')
CRITICAL - 2025-10-30 16:49:38 --> [Caused by] CodeIgniter\Database\Exceptions\DatabaseException: Unknown column 'spp.nominal' in 'field list'
in SYSTEMPATH/Database/MySQLi/Connection.php on line 332.
 1 SYSTEMPATH/Database/BaseConnection.php(738): CodeIgniter\Database\MySQLi\Connection->execute()
 2 SYSTEMPATH/Database/BaseConnection.php(652): CodeIgniter\Database\BaseConnection->simpleQuery()
 3 SYSTEMPATH/Database/BaseBuilder.php(1649): CodeIgniter\Database\BaseConnection->query()
 4 SYSTEMPATH/Model.php(928): CodeIgniter\Database\BaseBuilder->get()
 5 APPPATH/Models/PembayaranSPPModel.php(69): CodeIgniter\Model->__call()
 6 APPPATH/Controllers/SppController.php(179): App\Models\PembayaranSPPModel->getDataSort()
 7 SYSTEMPATH/CodeIgniter.php(933): App\Controllers\SppController->SppMasuk()
 8 SYSTEMPATH/CodeIgniter.php(507): CodeIgniter\CodeIgniter->runController()
 9 SYSTEMPATH/CodeIgniter.php(354): CodeIgniter\CodeIgniter->handleRequest()
10 SYSTEMPATH/Boot.php(334): CodeIgniter\CodeIgniter->run()
11 SYSTEMPATH/Boot.php(67): CodeIgniter\Boot::runCodeIgniter()
12 FCPATH/index.php(59): CodeIgniter\Boot::bootWeb()
13 SYSTEMPATH/rewrite.php(44): require_once('/home/zreis/Downloads/Project/Project-e-Keuangan/public/index.php')
CRITICAL - 2025-10-30 16:49:38 --> [Caused by] mysqli_sql_exception: Unknown column 'spp.nominal' in 'field list'
in SYSTEMPATH/Database/MySQLi/Connection.php on line 327.
 1 SYSTEMPATH/Database/MySQLi/Connection.php(327): mysqli->query()
 2 SYSTEMPATH/Database/BaseConnection.php(738): CodeIgniter\Database\MySQLi\Connection->execute()
 3 SYSTEMPATH/Database/BaseConnection.php(652): CodeIgniter\Database\BaseConnection->simpleQuery()
 4 SYSTEMPATH/Database/BaseBuilder.php(1649): CodeIgniter\Database\BaseConnection->query()
 5 SYSTEMPATH/Model.php(928): CodeIgniter\Database\BaseBuilder->get()
 6 APPPATH/Models/PembayaranSPPModel.php(69): CodeIgniter\Model->__call()
 7 APPPATH/Controllers/SppController.php(179): App\Models\PembayaranSPPModel->getDataSort()
 8 SYSTEMPATH/CodeIgniter.php(933): App\Controllers\SppController->SppMasuk()
 9 SYSTEMPATH/CodeIgniter.php(507): CodeIgniter\CodeIgniter->runController()
10 SYSTEMPATH/CodeIgniter.php(354): CodeIgniter\CodeIgniter->handleRequest()
11 SYSTEMPATH/Boot.php(334): CodeIgniter\CodeIgniter->run()
12 SYSTEMPATH/Boot.php(67): CodeIgniter\Boot::runCodeIgniter()
13 FCPATH/index.php(59): CodeIgniter\Boot::bootWeb()
14 SYSTEMPATH/rewrite.php(44): require_once('/home/zreis/Downloads/Project/Project-e-Keuangan/public/index.php')
ERROR - 2025-10-30 17:23:31 --> mysqli_sql_exception: Incorrect DATETIME value: '0000-00-00 00:00:00' in /home/zreis/Downloads/Project/Project-e-Keuangan/system/Database/MySQLi/Connection.php:327
Stack trace:
#0 /home/zreis/Downloads/Project/Project-e-Keuangan/system/Database/MySQLi/Connection.php(327): mysqli->query()
#1 /home/zreis/Downloads/Project/Project-e-Keuangan/system/Database/BaseConnection.php(738): CodeIgniter\Database\MySQLi\Connection->execute()
#2 /home/zreis/Downloads/Project/Project-e-Keuangan/system/Database/BaseConnection.php(652): CodeIgniter\Database\BaseConnection->simpleQuery()
#3 /home/zreis/Downloads/Project/Project-e-Keuangan/system/Database/BaseBuilder.php(1649): CodeIgniter\Database\BaseConnection->query()
#4 /home/zreis/Downloads/Project/Project-e-Keuangan/system/Model.php(928): CodeIgniter\Database\BaseBuilder->get()
#5 /home/zreis/Downloads/Project/Project-e-Keuangan/app/Models/PembayaranSPPModel.php(93): CodeIgniter\Model->__call()
#6 /home/zreis/Downloads/Project/Project-e-Keuangan/app/Controllers/SppController.php(182): App\Models\PembayaranSPPModel->getDataSort()
#7 /home/zreis/Downloads/Project/Project-e-Keuangan/system/CodeIgniter.php(933): App\Controllers\SppController->SppMasuk()
#8 /home/zreis/Downloads/Project/Project-e-Keuangan/system/CodeIgniter.php(507): CodeIgniter\CodeIgniter->runController()
#9 /home/zreis/Downloads/Project/Project-e-Keuangan/system/CodeIgniter.php(354): CodeIgniter\CodeIgniter->handleRequest()
#10 /home/zreis/Downloads/Project/Project-e-Keuangan/system/Boot.php(334): CodeIgniter\CodeIgniter->run()
#11 /home/zreis/Downloads/Project/Project-e-Keuangan/system/Boot.php(67): CodeIgniter\Boot::runCodeIgniter()
#12 /home/zreis/Downloads/Project/Project-e-Keuangan/public/index.php(59): CodeIgniter\Boot::bootWeb()
#13 /home/zreis/Downloads/Project/Project-e-Keuangan/system/rewrite.php(44): require_once('...')
#14 {main}
CRITICAL - 2025-10-30 17:23:31 --> CodeIgniter\Database\Exceptions\DatabaseException: Incorrect DATETIME value: '0000-00-00 00:00:00'
[Method: GET, Route: kas-masuk/spp]
in SYSTEMPATH/Database/BaseConnection.php on line 692.
 1 SYSTEMPATH/Database/BaseBuilder.php(1649): CodeIgniter\Database\BaseConnection->query()
 2 SYSTEMPATH/Model.php(928): CodeIgniter\Database\BaseBuilder->get()
 3 APPPATH/Models/PembayaranSPPModel.php(93): CodeIgniter\Model->__call()
 4 APPPATH/Controllers/SppController.php(182): App\Models\PembayaranSPPModel->getDataSort()
 5 SYSTEMPATH/CodeIgniter.php(933): App\Controllers\SppController->SppMasuk()
 6 SYSTEMPATH/CodeIgniter.php(507): CodeIgniter\CodeIgniter->runController()
 7 SYSTEMPATH/CodeIgniter.php(354): CodeIgniter\CodeIgniter->handleRequest()
 8 SYSTEMPATH/Boot.php(334): CodeIgniter\CodeIgniter->run()
 9 SYSTEMPATH/Boot.php(67): CodeIgniter\Boot::runCodeIgniter()
10 FCPATH/index.php(59): CodeIgniter\Boot::bootWeb()
11 SYSTEMPATH/rewrite.php(44): require_once('/home/zreis/Downloads/Project/Project-e-Keuangan/public/index.php')
CRITICAL - 2025-10-30 17:23:31 --> [Caused by] CodeIgniter\Database\Exceptions\DatabaseException: Incorrect DATETIME value: '0000-00-00 00:00:00'
in SYSTEMPATH/Database/MySQLi/Connection.php on line 332.
 1 SYSTEMPATH/Database/BaseConnection.php(738): CodeIgniter\Database\MySQLi\Connection->execute()
 2 SYSTEMPATH/Database/BaseConnection.php(652): CodeIgniter\Database\BaseConnection->simpleQuery()
 3 SYSTEMPATH/Database/BaseBuilder.php(1649): CodeIgniter\Database\BaseConnection->query()
 4 SYSTEMPATH/Model.php(928): CodeIgniter\Database\BaseBuilder->get()
 5 APPPATH/Models/PembayaranSPPModel.php(93): CodeIgniter\Model->__call()
 6 APPPATH/Controllers/SppController.php(182): App\Models\PembayaranSPPModel->getDataSort()
 7 SYSTEMPATH/CodeIgniter.php(933): App\Controllers\SppController->SppMasuk()
 8 SYSTEMPATH/CodeIgniter.php(507): CodeIgniter\CodeIgniter->runController()
 9 SYSTEMPATH/CodeIgniter.php(354): CodeIgniter\CodeIgniter->handleRequest()
10 SYSTEMPATH/Boot.php(334): CodeIgniter\CodeIgniter->run()
11 SYSTEMPATH/Boot.php(67): CodeIgniter\Boot::runCodeIgniter()
12 FCPATH/index.php(59): CodeIgniter\Boot::bootWeb()
13 SYSTEMPATH/rewrite.php(44): require_once('/home/zreis/Downloads/Project/Project-e-Keuangan/public/index.php')
CRITICAL - 2025-10-30 17:23:31 --> [Caused by] mysqli_sql_exception: Incorrect DATETIME value: '0000-00-00 00:00:00'
in SYSTEMPATH/Database/MySQLi/Connection.php on line 327.
 1 SYSTEMPATH/Database/MySQLi/Connection.php(327): mysqli->query()
 2 SYSTEMPATH/Database/BaseConnection.php(738): CodeIgniter\Database\MySQLi\Connection->execute()
 3 SYSTEMPATH/Database/BaseConnection.php(652): CodeIgniter\Database\BaseConnection->simpleQuery()
 4 SYSTEMPATH/Database/BaseBuilder.php(1649): CodeIgniter\Database\BaseConnection->query()
 5 SYSTEMPATH/Model.php(928): CodeIgniter\Database\BaseBuilder->get()
 6 APPPATH/Models/PembayaranSPPModel.php(93): CodeIgniter\Model->__call()
 7 APPPATH/Controllers/SppController.php(182): App\Models\PembayaranSPPModel->getDataSort()
 8 SYSTEMPATH/CodeIgniter.php(933): App\Controllers\SppController->SppMasuk()
 9 SYSTEMPATH/CodeIgniter.php(507): CodeIgniter\CodeIgniter->runController()
10 SYSTEMPATH/CodeIgniter.php(354): CodeIgniter\CodeIgniter->handleRequest()
11 SYSTEMPATH/Boot.php(334): CodeIgniter\CodeIgniter->run()
12 SYSTEMPATH/Boot.php(67): CodeIgniter\Boot::runCodeIgniter()
13 FCPATH/index.php(59): CodeIgniter\Boot::bootWeb()
14 SYSTEMPATH/rewrite.php(44): require_once('/home/zreis/Downloads/Project/Project-e-Keuangan/public/index.php')
ERROR - 2025-10-30 17:23:33 --> mysqli_sql_exception: Incorrect DATETIME value: '0000-00-00 00:00:00' in /home/zreis/Downloads/Project/Project-e-Keuangan/system/Database/MySQLi/Connection.php:327
Stack trace:
#0 /home/zreis/Downloads/Project/Project-e-Keuangan/system/Database/MySQLi/Connection.php(327): mysqli->query()
#1 /home/zreis/Downloads/Project/Project-e-Keuangan/system/Database/BaseConnection.php(738): CodeIgniter\Database\MySQLi\Connection->execute()
#2 /home/zreis/Downloads/Project/Project-e-Keuangan/system/Database/BaseConnection.php(652): CodeIgniter\Database\BaseConnection->simpleQuery()
#3 /home/zreis/Downloads/Project/Project-e-Keuangan/system/Database/BaseBuilder.php(1649): CodeIgniter\Database\BaseConnection->query()
#4 /home/zreis/Downloads/Project/Project-e-Keuangan/system/Model.php(928): CodeIgniter\Database\BaseBuilder->get()
#5 /home/zreis/Downloads/Project/Project-e-Keuangan/app/Models/PembayaranSPPModel.php(93): CodeIgniter\Model->__call()
#6 /home/zreis/Downloads/Project/Project-e-Keuangan/app/Controllers/SppController.php(182): App\Models\PembayaranSPPModel->getDataSort()
#7 /home/zreis/Downloads/Project/Project-e-Keuangan/system/CodeIgniter.php(933): App\Controllers\SppController->SppMasuk()
#8 /home/zreis/Downloads/Project/Project-e-Keuangan/system/CodeIgniter.php(507): CodeIgniter\CodeIgniter->runController()
#9 /home/zreis/Downloads/Project/Project-e-Keuangan/system/CodeIgniter.php(354): CodeIgniter\CodeIgniter->handleRequest()
#10 /home/zreis/Downloads/Project/Project-e-Keuangan/system/Boot.php(334): CodeIgniter\CodeIgniter->run()
#11 /home/zreis/Downloads/Project/Project-e-Keuangan/system/Boot.php(67): CodeIgniter\Boot::runCodeIgniter()
#12 /home/zreis/Downloads/Project/Project-e-Keuangan/public/index.php(59): CodeIgniter\Boot::bootWeb()
#13 /home/zreis/Downloads/Project/Project-e-Keuangan/system/rewrite.php(44): require_once('...')
#14 {main}
CRITICAL - 2025-10-30 17:23:33 --> CodeIgniter\Database\Exceptions\DatabaseException: Incorrect DATETIME value: '0000-00-00 00:00:00'
[Method: GET, Route: kas-masuk/spp]
in SYSTEMPATH/Database/BaseConnection.php on line 692.
 1 SYSTEMPATH/Database/BaseBuilder.php(1649): CodeIgniter\Database\BaseConnection->query()
 2 SYSTEMPATH/Model.php(928): CodeIgniter\Database\BaseBuilder->get()
 3 APPPATH/Models/PembayaranSPPModel.php(93): CodeIgniter\Model->__call()
 4 APPPATH/Controllers/SppController.php(182): App\Models\PembayaranSPPModel->getDataSort()
 5 SYSTEMPATH/CodeIgniter.php(933): App\Controllers\SppController->SppMasuk()
 6 SYSTEMPATH/CodeIgniter.php(507): CodeIgniter\CodeIgniter->runController()
 7 SYSTEMPATH/CodeIgniter.php(354): CodeIgniter\CodeIgniter->handleRequest()
 8 SYSTEMPATH/Boot.php(334): CodeIgniter\CodeIgniter->run()
 9 SYSTEMPATH/Boot.php(67): CodeIgniter\Boot::runCodeIgniter()
10 FCPATH/index.php(59): CodeIgniter\Boot::bootWeb()
11 SYSTEMPATH/rewrite.php(44): require_once('/home/zreis/Downloads/Project/Project-e-Keuangan/public/index.php')
CRITICAL - 2025-10-30 17:23:33 --> [Caused by] CodeIgniter\Database\Exceptions\DatabaseException: Incorrect DATETIME value: '0000-00-00 00:00:00'
in SYSTEMPATH/Database/MySQLi/Connection.php on line 332.
 1 SYSTEMPATH/Database/BaseConnection.php(738): CodeIgniter\Database\MySQLi\Connection->execute()
 2 SYSTEMPATH/Database/BaseConnection.php(652): CodeIgniter\Database\BaseConnection->simpleQuery()
 3 SYSTEMPATH/Database/BaseBuilder.php(1649): CodeIgniter\Database\BaseConnection->query()
 4 SYSTEMPATH/Model.php(928): CodeIgniter\Database\BaseBuilder->get()
 5 APPPATH/Models/PembayaranSPPModel.php(93): CodeIgniter\Model->__call()
 6 APPPATH/Controllers/SppController.php(182): App\Models\PembayaranSPPModel->getDataSort()
 7 SYSTEMPATH/CodeIgniter.php(933): App\Controllers\SppController->SppMasuk()
 8 SYSTEMPATH/CodeIgniter.php(507): CodeIgniter\CodeIgniter->runController()
 9 SYSTEMPATH/CodeIgniter.php(354): CodeIgniter\CodeIgniter->handleRequest()
10 SYSTEMPATH/Boot.php(334): CodeIgniter\CodeIgniter->run()
11 SYSTEMPATH/Boot.php(67): CodeIgniter\Boot::runCodeIgniter()
12 FCPATH/index.php(59): CodeIgniter\Boot::bootWeb()
13 SYSTEMPATH/rewrite.php(44): require_once('/home/zreis/Downloads/Project/Project-e-Keuangan/public/index.php')
CRITICAL - 2025-10-30 17:23:33 --> [Caused by] mysqli_sql_exception: Incorrect DATETIME value: '0000-00-00 00:00:00'
in SYSTEMPATH/Database/MySQLi/Connection.php on line 327.
 1 SYSTEMPATH/Database/MySQLi/Connection.php(327): mysqli->query()
 2 SYSTEMPATH/Database/BaseConnection.php(738): CodeIgniter\Database\MySQLi\Connection->execute()
 3 SYSTEMPATH/Database/BaseConnection.php(652): CodeIgniter\Database\BaseConnection->simpleQuery()
 4 SYSTEMPATH/Database/BaseBuilder.php(1649): CodeIgniter\Database\BaseConnection->query()
 5 SYSTEMPATH/Model.php(928): CodeIgniter\Database\BaseBuilder->get()
 6 APPPATH/Models/PembayaranSPPModel.php(93): CodeIgniter\Model->__call()
 7 APPPATH/Controllers/SppController.php(182): App\Models\PembayaranSPPModel->getDataSort()
 8 SYSTEMPATH/CodeIgniter.php(933): App\Controllers\SppController->SppMasuk()
 9 SYSTEMPATH/CodeIgniter.php(507): CodeIgniter\CodeIgniter->runController()
10 SYSTEMPATH/CodeIgniter.php(354): CodeIgniter\CodeIgniter->handleRequest()
11 SYSTEMPATH/Boot.php(334): CodeIgniter\CodeIgniter->run()
12 SYSTEMPATH/Boot.php(67): CodeIgniter\Boot::runCodeIgniter()
13 FCPATH/index.php(59): CodeIgniter\Boot::bootWeb()
14 SYSTEMPATH/rewrite.php(44): require_once('/home/zreis/Downloads/Project/Project-e-Keuangan/public/index.php')
ERROR - 2025-10-30 17:23:33 --> mysqli_sql_exception: Incorrect DATETIME value: '0000-00-00 00:00:00' in /home/zreis/Downloads/Project/Project-e-Keuangan/system/Database/MySQLi/Connection.php:327
Stack trace:
#0 /home/zreis/Downloads/Project/Project-e-Keuangan/system/Database/MySQLi/Connection.php(327): mysqli->query()
#1 /home/zreis/Downloads/Project/Project-e-Keuangan/system/Database/BaseConnection.php(738): CodeIgniter\Database\MySQLi\Connection->execute()
#2 /home/zreis/Downloads/Project/Project-e-Keuangan/system/Database/BaseConnection.php(652): CodeIgniter\Database\BaseConnection->simpleQuery()
#3 /home/zreis/Downloads/Project/Project-e-Keuangan/system/Database/BaseBuilder.php(1649): CodeIgniter\Database\BaseConnection->query()
#4 /home/zreis/Downloads/Project/Project-e-Keuangan/system/Model.php(928): CodeIgniter\Database\BaseBuilder->get()
#5 /home/zreis/Downloads/Project/Project-e-Keuangan/app/Models/PembayaranSPPModel.php(93): CodeIgniter\Model->__call()
#6 /home/zreis/Downloads/Project/Project-e-Keuangan/app/Controllers/SppController.php(182): App\Models\PembayaranSPPModel->getDataSort()
#7 /home/zreis/Downloads/Project/Project-e-Keuangan/system/CodeIgniter.php(933): App\Controllers\SppController->SppMasuk()
#8 /home/zreis/Downloads/Project/Project-e-Keuangan/system/CodeIgniter.php(507): CodeIgniter\CodeIgniter->runController()
#9 /home/zreis/Downloads/Project/Project-e-Keuangan/system/CodeIgniter.php(354): CodeIgniter\CodeIgniter->handleRequest()
#10 /home/zreis/Downloads/Project/Project-e-Keuangan/system/Boot.php(334): CodeIgniter\CodeIgniter->run()
#11 /home/zreis/Downloads/Project/Project-e-Keuangan/system/Boot.php(67): CodeIgniter\Boot::runCodeIgniter()
#12 /home/zreis/Downloads/Project/Project-e-Keuangan/public/index.php(59): CodeIgniter\Boot::bootWeb()
#13 /home/zreis/Downloads/Project/Project-e-Keuangan/system/rewrite.php(44): require_once('...')
#14 {main}
CRITICAL - 2025-10-30 17:23:33 --> CodeIgniter\Database\Exceptions\DatabaseException: Incorrect DATETIME value: '0000-00-00 00:00:00'
[Method: GET, Route: kas-masuk/spp]
in SYSTEMPATH/Database/BaseConnection.php on line 692.
 1 SYSTEMPATH/Database/BaseBuilder.php(1649): CodeIgniter\Database\BaseConnection->query()
 2 SYSTEMPATH/Model.php(928): CodeIgniter\Database\BaseBuilder->get()
 3 APPPATH/Models/PembayaranSPPModel.php(93): CodeIgniter\Model->__call()
 4 APPPATH/Controllers/SppController.php(182): App\Models\PembayaranSPPModel->getDataSort()
 5 SYSTEMPATH/CodeIgniter.php(933): App\Controllers\SppController->SppMasuk()
 6 SYSTEMPATH/CodeIgniter.php(507): CodeIgniter\CodeIgniter->runController()
 7 SYSTEMPATH/CodeIgniter.php(354): CodeIgniter\CodeIgniter->handleRequest()
 8 SYSTEMPATH/Boot.php(334): CodeIgniter\CodeIgniter->run()
 9 SYSTEMPATH/Boot.php(67): CodeIgniter\Boot::runCodeIgniter()
10 FCPATH/index.php(59): CodeIgniter\Boot::bootWeb()
11 SYSTEMPATH/rewrite.php(44): require_once('/home/zreis/Downloads/Project/Project-e-Keuangan/public/index.php')
CRITICAL - 2025-10-30 17:23:33 --> [Caused by] CodeIgniter\Database\Exceptions\DatabaseException: Incorrect DATETIME value: '0000-00-00 00:00:00'
in SYSTEMPATH/Database/MySQLi/Connection.php on line 332.
 1 SYSTEMPATH/Database/BaseConnection.php(738): CodeIgniter\Database\MySQLi\Connection->execute()
 2 SYSTEMPATH/Database/BaseConnection.php(652): CodeIgniter\Database\BaseConnection->simpleQuery()
 3 SYSTEMPATH/Database/BaseBuilder.php(1649): CodeIgniter\Database\BaseConnection->query()
 4 SYSTEMPATH/Model.php(928): CodeIgniter\Database\BaseBuilder->get()
 5 APPPATH/Models/PembayaranSPPModel.php(93): CodeIgniter\Model->__call()
 6 APPPATH/Controllers/SppController.php(182): App\Models\PembayaranSPPModel->getDataSort()
 7 SYSTEMPATH/CodeIgniter.php(933): App\Controllers\SppController->SppMasuk()
 8 SYSTEMPATH/CodeIgniter.php(507): CodeIgniter\CodeIgniter->runController()
 9 SYSTEMPATH/CodeIgniter.php(354): CodeIgniter\CodeIgniter->handleRequest()
10 SYSTEMPATH/Boot.php(334): CodeIgniter\CodeIgniter->run()
11 SYSTEMPATH/Boot.php(67): CodeIgniter\Boot::runCodeIgniter()
12 FCPATH/index.php(59): CodeIgniter\Boot::bootWeb()
13 SYSTEMPATH/rewrite.php(44): require_once('/home/zreis/Downloads/Project/Project-e-Keuangan/public/index.php')
CRITICAL - 2025-10-30 17:23:33 --> [Caused by] mysqli_sql_exception: Incorrect DATETIME value: '0000-00-00 00:00:00'
in SYSTEMPATH/Database/MySQLi/Connection.php on line 327.
 1 SYSTEMPATH/Database/MySQLi/Connection.php(327): mysqli->query()
 2 SYSTEMPATH/Database/BaseConnection.php(738): CodeIgniter\Database\MySQLi\Connection->execute()
 3 SYSTEMPATH/Database/BaseConnection.php(652): CodeIgniter\Database\BaseConnection->simpleQuery()
 4 SYSTEMPATH/Database/BaseBuilder.php(1649): CodeIgniter\Database\BaseConnection->query()
 5 SYSTEMPATH/Model.php(928): CodeIgniter\Database\BaseBuilder->get()
 6 APPPATH/Models/PembayaranSPPModel.php(93): CodeIgniter\Model->__call()
 7 APPPATH/Controllers/SppController.php(182): App\Models\PembayaranSPPModel->getDataSort()
 8 SYSTEMPATH/CodeIgniter.php(933): App\Controllers\SppController->SppMasuk()
 9 SYSTEMPATH/CodeIgniter.php(507): CodeIgniter\CodeIgniter->runController()
10 SYSTEMPATH/CodeIgniter.php(354): CodeIgniter\CodeIgniter->handleRequest()
11 SYSTEMPATH/Boot.php(334): CodeIgniter\CodeIgniter->run()
12 SYSTEMPATH/Boot.php(67): CodeIgniter\Boot::runCodeIgniter()
13 FCPATH/index.php(59): CodeIgniter\Boot::bootWeb()
14 SYSTEMPATH/rewrite.php(44): require_once('/home/zreis/Downloads/Project/Project-e-Keuangan/public/index.php')
