CRITICAL - 2025-10-13 16:45:46 --> ParseError: syntax error, unexpected token "}"
[Method: GET, Route: data-kas/semester]
in APPPATH/Controllers/SemesterController.php on line 43.
 1 SYSTEMPATH/Autoloader/Autoloader.php(295): CodeIgniter\Autoloader\Autoloader->includeFile()
 2 SYSTEMPATH/Autoloader/Autoloader.php(271): CodeIgniter\Autoloader\Autoloader->loadInNamespace()
 3 [internal function]: CodeIgniter\Autoloader\Autoloader->loadClass()
 4 SYSTEMPATH/CodeIgniter.php(885): class_exists()
 5 SYSTEMPATH/CodeIgniter.php(494): CodeIgniter\CodeIgniter->startController()
 6 SYSTEMPATH/CodeIgniter.php(354): CodeIgniter\CodeIgniter->handleRequest()
 7 SYSTEMPATH/Boot.php(334): CodeIgniter\CodeIgniter->run()
 8 SYSTEMPATH/Boot.php(67): CodeIgniter\Boot::runCodeIgniter()
 9 FCPATH/index.php(59): CodeIgniter\Boot::bootWeb()
10 SYSTEMPATH/rewrite.php(44): require_once('/home/zreis/Downloads/Project/Project-e-Keuangan/public/index.php')
ERROR - 2025-10-13 17:31:00 --> mysqli_sql_exception: Table 'ci_keuangan.pembayaransemesters' doesn't exist in /home/zreis/Downloads/Project/Project-e-Keuangan/system/Database/MySQLi/Connection.php:327
Stack trace:
#0 /home/zreis/Downloads/Project/Project-e-Keuangan/system/Database/MySQLi/Connection.php(327): mysqli->query()
#1 /home/zreis/Downloads/Project/Project-e-Keuangan/system/Database/BaseConnection.php(738): CodeIgniter\Database\MySQLi\Connection->execute()
#2 /home/zreis/Downloads/Project/Project-e-Keuangan/system/Database/BaseConnection.php(652): CodeIgniter\Database\BaseConnection->simpleQuery()
#3 /home/zreis/Downloads/Project/Project-e-Keuangan/system/Database/BaseBuilder.php(1649): CodeIgniter\Database\BaseConnection->query()
#4 /home/zreis/Downloads/Project/Project-e-Keuangan/system/Model.php(330): CodeIgniter\Database\BaseBuilder->get()
#5 /home/zreis/Downloads/Project/Project-e-Keuangan/system/BaseModel.php(717): CodeIgniter\Model->doFirst()
#6 /home/zreis/Downloads/Project/Project-e-Keuangan/app/Commands/GeneratePembayaranSemester.php(32): CodeIgniter\BaseModel->first()
#7 /home/zreis/Downloads/Project/Project-e-Keuangan/system/CLI/Commands.php(74): App\Commands\GeneratePembayaranSemester->run()
#8 /home/zreis/Downloads/Project/Project-e-Keuangan/system/CLI/Console.php(47): CodeIgniter\CLI\Commands->run()
#9 /home/zreis/Downloads/Project/Project-e-Keuangan/system/Boot.php(360): CodeIgniter\CLI\Console->run()
#10 /home/zreis/Downloads/Project/Project-e-Keuangan/system/Boot.php(104): CodeIgniter\Boot::runCommand()
#11 /home/zreis/Downloads/Project/Project-e-Keuangan/spark(87): CodeIgniter\Boot::bootSpark()
#12 {main}
CRITICAL - 2025-10-13 17:31:00 --> CodeIgniter\Database\Exceptions\DatabaseException: Table 'ci_keuangan.pembayaransemesters' doesn't exist
[Method: CLI, Route: semester:generate-pembayaran]
in SYSTEMPATH/Database/BaseConnection.php on line 692.
 1 SYSTEMPATH/Database/BaseBuilder.php(1649): CodeIgniter\Database\BaseConnection->query()
 2 SYSTEMPATH/Model.php(330): CodeIgniter\Database\BaseBuilder->get()
 3 SYSTEMPATH/BaseModel.php(717): CodeIgniter\Model->doFirst()
 4 APPPATH/Commands/GeneratePembayaranSemester.php(32): CodeIgniter\BaseModel->first()
 5 SYSTEMPATH/CLI/Commands.php(74): App\Commands\GeneratePembayaranSemester->run()
 6 SYSTEMPATH/CLI/Console.php(47): CodeIgniter\CLI\Commands->run()
 7 SYSTEMPATH/Boot.php(360): CodeIgniter\CLI\Console->run()
 8 SYSTEMPATH/Boot.php(104): CodeIgniter\Boot::runCommand()
 9 ROOTPATH/spark(87): CodeIgniter\Boot::bootSpark()
CRITICAL - 2025-10-13 17:31:00 --> [Caused by] CodeIgniter\Database\Exceptions\DatabaseException: Table 'ci_keuangan.pembayaransemesters' doesn't exist
in SYSTEMPATH/Database/MySQLi/Connection.php on line 332.
 1 SYSTEMPATH/Database/BaseConnection.php(738): CodeIgniter\Database\MySQLi\Connection->execute()
 2 SYSTEMPATH/Database/BaseConnection.php(652): CodeIgniter\Database\BaseConnection->simpleQuery()
 3 SYSTEMPATH/Database/BaseBuilder.php(1649): CodeIgniter\Database\BaseConnection->query()
 4 SYSTEMPATH/Model.php(330): CodeIgniter\Database\BaseBuilder->get()
 5 SYSTEMPATH/BaseModel.php(717): CodeIgniter\Model->doFirst()
 6 APPPATH/Commands/GeneratePembayaranSemester.php(32): CodeIgniter\BaseModel->first()
 7 SYSTEMPATH/CLI/Commands.php(74): App\Commands\GeneratePembayaranSemester->run()
 8 SYSTEMPATH/CLI/Console.php(47): CodeIgniter\CLI\Commands->run()
 9 SYSTEMPATH/Boot.php(360): CodeIgniter\CLI\Console->run()
10 SYSTEMPATH/Boot.php(104): CodeIgniter\Boot::runCommand()
11 ROOTPATH/spark(87): CodeIgniter\Boot::bootSpark()
CRITICAL - 2025-10-13 17:31:00 --> [Caused by] mysqli_sql_exception: Table 'ci_keuangan.pembayaransemesters' doesn't exist
in SYSTEMPATH/Database/MySQLi/Connection.php on line 327.
 1 SYSTEMPATH/Database/MySQLi/Connection.php(327): mysqli->query()
 2 SYSTEMPATH/Database/BaseConnection.php(738): CodeIgniter\Database\MySQLi\Connection->execute()
 3 SYSTEMPATH/Database/BaseConnection.php(652): CodeIgniter\Database\BaseConnection->simpleQuery()
 4 SYSTEMPATH/Database/BaseBuilder.php(1649): CodeIgniter\Database\BaseConnection->query()
 5 SYSTEMPATH/Model.php(330): CodeIgniter\Database\BaseBuilder->get()
 6 SYSTEMPATH/BaseModel.php(717): CodeIgniter\Model->doFirst()
 7 APPPATH/Commands/GeneratePembayaranSemester.php(32): CodeIgniter\BaseModel->first()
 8 SYSTEMPATH/CLI/Commands.php(74): App\Commands\GeneratePembayaranSemester->run()
 9 SYSTEMPATH/CLI/Console.php(47): CodeIgniter\CLI\Commands->run()
10 SYSTEMPATH/Boot.php(360): CodeIgniter\CLI\Console->run()
11 SYSTEMPATH/Boot.php(104): CodeIgniter\Boot::runCommand()
12 ROOTPATH/spark(87): CodeIgniter\Boot::bootSpark()
