CRITICAL - 2025-09-22 12:50:18 --> CodeIgniter\View\Exceptions\ViewException: Invalid file: "admin/data-tabel/edit-kelas.php"
[Method: GET, Route: kelas/edit/22]
in SYSTEMPATH\Exceptions\FrameworkException.php on line 39.
 1 SYSTEMPATH\View\View.php(212): CodeIgniter\Exceptions\FrameworkException::forInvalidFile('admin/data-tabel/edit-kelas.php')
 2 SYSTEMPATH\Common.php(1173): CodeIgniter\View\View->render('admin/data-tabel/edit-kelas', [], true)
 3 APPPATH\Controllers\KelasController.php(126): view('admin/data-tabel/edit-kelas', [...])
 4 SYSTEMPATH\CodeIgniter.php(933): App\Controllers\KelasController->edit('22')
 5 SYSTEMPATH\CodeIgniter.php(507): CodeIgniter\CodeIgniter->runController(Object(App\Controllers\KelasController))
 6 SYSTEMPATH\CodeIgniter.php(354): CodeIgniter\CodeIgniter->handleRequest(null, Object(Config\Cache), false)
 7 SYSTEMPATH\Boot.php(334): CodeIgniter\CodeIgniter->run()
 8 SYSTEMPATH\Boot.php(67): CodeIgniter\Boot::runCodeIgniter(Object(CodeIgniter\CodeIgniter))
 9 FCPATH\index.php(59): CodeIgniter\Boot::bootWeb(Object(Config\Paths))
10 SYSTEMPATH\rewrite.php(44): require_once('E:\\laragon\\www\\Project-e-Keuangan\\public\\index.php')
CRITICAL - 2025-09-22 12:50:43 --> ErrorException: Undefined variable $data
[Method: GET, Route: kelas/edit/22]
in APPPATH\Views\admin\edit-tabel\edit-kelas.php on line 7.
 1 APPPATH\Views\admin\edit-tabel\edit-kelas.php(7): CodeIgniter\Debug\Exceptions->errorHandler(2, 'Undefined variable $data', 'E:\\laragon\\www\\Project-e-Keuangan\\app\\Views\\admin\\edit-tabel\\edit-kelas.php', 7)
 2 SYSTEMPATH\View\View.php(224): include('E:\\laragon\\www\\Project-e-Keuangan\\app\\Views\\admin\\edit-tabel\\edit-kelas.php')
 3 SYSTEMPATH\View\View.php(227): CodeIgniter\View\View->CodeIgniter\View\{closure}()
 4 SYSTEMPATH\Common.php(1173): CodeIgniter\View\View->render('admin/edit-tabel/edit-kelas', [], true)
 5 APPPATH\Controllers\KelasController.php(126): view('admin/edit-tabel/edit-kelas', [...])
 6 SYSTEMPATH\CodeIgniter.php(933): App\Controllers\KelasController->edit('22')
 7 SYSTEMPATH\CodeIgniter.php(507): CodeIgniter\CodeIgniter->runController(Object(App\Controllers\KelasController))
 8 SYSTEMPATH\CodeIgniter.php(354): CodeIgniter\CodeIgniter->handleRequest(null, Object(Config\Cache), false)
 9 SYSTEMPATH\Boot.php(334): CodeIgniter\CodeIgniter->run()
10 SYSTEMPATH\Boot.php(67): CodeIgniter\Boot::runCodeIgniter(Object(CodeIgniter\CodeIgniter))
11 FCPATH\index.php(59): CodeIgniter\Boot::bootWeb(Object(Config\Paths))
12 SYSTEMPATH\rewrite.php(44): require_once('E:\\laragon\\www\\Project-e-Keuangan\\public\\index.php')
CRITICAL - 2025-09-22 13:09:51 --> ErrorException: Undefined variable $sort
[Method: GET, Route: kelas]
in APPPATH\Views\admin\data-tabel\data-kelas.php on line 20.
 1 APPPATH\Views\admin\data-tabel\data-kelas.php(20): CodeIgniter\Debug\Exceptions->errorHandler(2, 'Undefined variable $sort', 'E:\\laragon\\www\\Project-e-Keuangan\\app\\Views\\admin\\data-tabel\\data-kelas.php', 20)
 2 SYSTEMPATH\View\View.php(224): include('E:\\laragon\\www\\Project-e-Keuangan\\app\\Views\\admin\\data-tabel\\data-kelas.php')
 3 SYSTEMPATH\View\View.php(227): CodeIgniter\View\View->CodeIgniter\View\{closure}()
 4 SYSTEMPATH\Common.php(1173): CodeIgniter\View\View->render('admin/data-tabel/data-kelas', [], true)
 5 APPPATH\Controllers\KelasController.php(57): view('admin/data-tabel/data-kelas', [...])
 6 SYSTEMPATH\CodeIgniter.php(933): App\Controllers\KelasController->index()
 7 SYSTEMPATH\CodeIgniter.php(507): CodeIgniter\CodeIgniter->runController(Object(App\Controllers\KelasController))
 8 SYSTEMPATH\CodeIgniter.php(354): CodeIgniter\CodeIgniter->handleRequest(null, Object(Config\Cache), false)
 9 SYSTEMPATH\Boot.php(334): CodeIgniter\CodeIgniter->run()
10 SYSTEMPATH\Boot.php(67): CodeIgniter\Boot::runCodeIgniter(Object(CodeIgniter\CodeIgniter))
11 FCPATH\index.php(59): CodeIgniter\Boot::bootWeb(Object(Config\Paths))
12 SYSTEMPATH\rewrite.php(44): require_once('E:\\laragon\\www\\Project-e-Keuangan\\public\\index.php')
CRITICAL - 2025-09-22 13:12:44 --> ErrorException: Undefined variable $sort
[Method: GET, Route: kelas]
in APPPATH\Views\admin\data-tabel\data-kelas.php on line 20.
 1 APPPATH\Views\admin\data-tabel\data-kelas.php(20): CodeIgniter\Debug\Exceptions->errorHandler(2, 'Undefined variable $sort', 'E:\\laragon\\www\\Project-e-Keuangan\\app\\Views\\admin\\data-tabel\\data-kelas.php', 20)
 2 SYSTEMPATH\View\View.php(224): include('E:\\laragon\\www\\Project-e-Keuangan\\app\\Views\\admin\\data-tabel\\data-kelas.php')
 3 SYSTEMPATH\View\View.php(227): CodeIgniter\View\View->CodeIgniter\View\{closure}()
 4 SYSTEMPATH\Common.php(1173): CodeIgniter\View\View->render('admin/data-tabel/data-kelas', [], true)
 5 APPPATH\Controllers\KelasController.php(57): view('admin/data-tabel/data-kelas', [...])
 6 SYSTEMPATH\CodeIgniter.php(933): App\Controllers\KelasController->index()
 7 SYSTEMPATH\CodeIgniter.php(507): CodeIgniter\CodeIgniter->runController(Object(App\Controllers\KelasController))
 8 SYSTEMPATH\CodeIgniter.php(354): CodeIgniter\CodeIgniter->handleRequest(null, Object(Config\Cache), false)
 9 SYSTEMPATH\Boot.php(334): CodeIgniter\CodeIgniter->run()
10 SYSTEMPATH\Boot.php(67): CodeIgniter\Boot::runCodeIgniter(Object(CodeIgniter\CodeIgniter))
11 FCPATH\index.php(59): CodeIgniter\Boot::bootWeb(Object(Config\Paths))
12 SYSTEMPATH\rewrite.php(44): require_once('E:\\laragon\\www\\Project-e-Keuangan\\public\\index.php')
CRITICAL - 2025-09-22 13:28:26 --> CodeIgniter\Exceptions\BadMethodCallException: Call to undefined method App\Models\KelasModel::getKelasByIds
[Method: POST, Route: kelas/bulk-action]
in SYSTEMPATH\Model.php on line 930.
 1 APPPATH\Controllers\KelasController.php(216): CodeIgniter\Model->__call('getKelasByIds', [...])
 2 APPPATH\Controllers\KelasController.php(209): App\Controllers\KelasController->exportToExcel([...])
 3 SYSTEMPATH\CodeIgniter.php(933): App\Controllers\KelasController->bulkAction()
 4 SYSTEMPATH\CodeIgniter.php(507): CodeIgniter\CodeIgniter->runController(Object(App\Controllers\KelasController))
 5 SYSTEMPATH\CodeIgniter.php(354): CodeIgniter\CodeIgniter->handleRequest(null, Object(Config\Cache), false)
 6 SYSTEMPATH\Boot.php(334): CodeIgniter\CodeIgniter->run()
 7 SYSTEMPATH\Boot.php(67): CodeIgniter\Boot::runCodeIgniter(Object(CodeIgniter\CodeIgniter))
 8 FCPATH\index.php(59): CodeIgniter\Boot::bootWeb(Object(Config\Paths))
 9 SYSTEMPATH\rewrite.php(44): require_once('E:\\laragon\\www\\Project-e-Keuangan\\public\\index.php')
ERROR - 2025-09-22 13:29:31 --> mysqli_sql_exception: Operand should contain 1 column(s) in E:\laragon\www\Project-e-Keuangan\system\Database\MySQLi\Connection.php:327
Stack trace:
#0 E:\laragon\www\Project-e-Keuangan\system\Database\MySQLi\Connection.php(327): mysqli->query('SELECT *\nFROM `...', 0)
#1 E:\laragon\www\Project-e-Keuangan\system\Database\BaseConnection.php(738): CodeIgniter\Database\MySQLi\Connection->execute('SELECT *\nFROM `...')
#2 E:\laragon\www\Project-e-Keuangan\system\Database\BaseConnection.php(652): CodeIgniter\Database\BaseConnection->simpleQuery('SELECT *\nFROM `...')
#3 E:\laragon\www\Project-e-Keuangan\system\Database\BaseBuilder.php(1649): CodeIgniter\Database\BaseConnection->query('SELECT *\nFROM `...', Array, false)
#4 E:\laragon\www\Project-e-Keuangan\system\Model.php(330): CodeIgniter\Database\BaseBuilder->get()
#5 E:\laragon\www\Project-e-Keuangan\system\BaseModel.php(717): CodeIgniter\Model->doFirst()
#6 E:\laragon\www\Project-e-Keuangan\app\Models\KelasModel.php(54): CodeIgniter\BaseModel->first()
#7 E:\laragon\www\Project-e-Keuangan\app\Controllers\KelasController.php(216): App\Models\KelasModel->getKelasById(Array)
#8 E:\laragon\www\Project-e-Keuangan\app\Controllers\KelasController.php(209): App\Controllers\KelasController->exportToExcel(Array)
#9 E:\laragon\www\Project-e-Keuangan\system\CodeIgniter.php(933): App\Controllers\KelasController->bulkAction()
#10 E:\laragon\www\Project-e-Keuangan\system\CodeIgniter.php(507): CodeIgniter\CodeIgniter->runController(Object(App\Controllers\KelasController))
#11 E:\laragon\www\Project-e-Keuangan\system\CodeIgniter.php(354): CodeIgniter\CodeIgniter->handleRequest(NULL, Object(Config\Cache), false)
#12 E:\laragon\www\Project-e-Keuangan\system\Boot.php(334): CodeIgniter\CodeIgniter->run()
#13 E:\laragon\www\Project-e-Keuangan\system\Boot.php(67): CodeIgniter\Boot::runCodeIgniter(Object(CodeIgniter\CodeIgniter))
#14 E:\laragon\www\Project-e-Keuangan\public\index.php(59): CodeIgniter\Boot::bootWeb(Object(Config\Paths))
#15 E:\laragon\www\Project-e-Keuangan\system\rewrite.php(44): require_once('E:\\laragon\\www\\...')
#16 {main}
CRITICAL - 2025-09-22 13:29:31 --> CodeIgniter\Database\Exceptions\DatabaseException: Operand should contain 1 column(s)
[Method: POST, Route: kelas/bulk-action]
in SYSTEMPATH\Database\BaseConnection.php on line 692.
 1 SYSTEMPATH\Database\BaseBuilder.php(1649): CodeIgniter\Database\BaseConnection->query('SELECT *
FROM `kelas`
WHERE `id_kelas` = :id_kelas:
 LIMIT 1', [...], false)
 2 SYSTEMPATH\Model.php(330): CodeIgniter\Database\BaseBuilder->get()
 3 SYSTEMPATH\BaseModel.php(717): CodeIgniter\Model->doFirst()
 4 APPPATH\Models\KelasModel.php(54): CodeIgniter\BaseModel->first()
 5 APPPATH\Controllers\KelasController.php(216): App\Models\KelasModel->getKelasById([...])
 6 APPPATH\Controllers\KelasController.php(209): App\Controllers\KelasController->exportToExcel([...])
 7 SYSTEMPATH\CodeIgniter.php(933): App\Controllers\KelasController->bulkAction()
 8 SYSTEMPATH\CodeIgniter.php(507): CodeIgniter\CodeIgniter->runController(Object(App\Controllers\KelasController))
 9 SYSTEMPATH\CodeIgniter.php(354): CodeIgniter\CodeIgniter->handleRequest(null, Object(Config\Cache), false)
10 SYSTEMPATH\Boot.php(334): CodeIgniter\CodeIgniter->run()
11 SYSTEMPATH\Boot.php(67): CodeIgniter\Boot::runCodeIgniter(Object(CodeIgniter\CodeIgniter))
12 FCPATH\index.php(59): CodeIgniter\Boot::bootWeb(Object(Config\Paths))
13 SYSTEMPATH\rewrite.php(44): require_once('E:\\laragon\\www\\Project-e-Keuangan\\public\\index.php')
CRITICAL - 2025-09-22 13:29:31 --> [Caused by] CodeIgniter\Database\Exceptions\DatabaseException: Operand should contain 1 column(s)
in SYSTEMPATH\Database\MySQLi\Connection.php on line 332.
 1 SYSTEMPATH\Database\BaseConnection.php(738): CodeIgniter\Database\MySQLi\Connection->execute('SELECT *
FROM `kelas`
WHERE `id_kelas` = (\'17\',\'16\')
 LIMIT 1')
 2 SYSTEMPATH\Database\BaseConnection.php(652): CodeIgniter\Database\BaseConnection->simpleQuery('SELECT *
FROM `kelas`
WHERE `id_kelas` = (\'17\',\'16\')
 LIMIT 1')
 3 SYSTEMPATH\Database\BaseBuilder.php(1649): CodeIgniter\Database\BaseConnection->query('SELECT *
FROM `kelas`
WHERE `id_kelas` = :id_kelas:
 LIMIT 1', [...], false)
 4 SYSTEMPATH\Model.php(330): CodeIgniter\Database\BaseBuilder->get()
 5 SYSTEMPATH\BaseModel.php(717): CodeIgniter\Model->doFirst()
 6 APPPATH\Models\KelasModel.php(54): CodeIgniter\BaseModel->first()
 7 APPPATH\Controllers\KelasController.php(216): App\Models\KelasModel->getKelasById([...])
 8 APPPATH\Controllers\KelasController.php(209): App\Controllers\KelasController->exportToExcel([...])
 9 SYSTEMPATH\CodeIgniter.php(933): App\Controllers\KelasController->bulkAction()
10 SYSTEMPATH\CodeIgniter.php(507): CodeIgniter\CodeIgniter->runController(Object(App\Controllers\KelasController))
11 SYSTEMPATH\CodeIgniter.php(354): CodeIgniter\CodeIgniter->handleRequest(null, Object(Config\Cache), false)
12 SYSTEMPATH\Boot.php(334): CodeIgniter\CodeIgniter->run()
13 SYSTEMPATH\Boot.php(67): CodeIgniter\Boot::runCodeIgniter(Object(CodeIgniter\CodeIgniter))
14 FCPATH\index.php(59): CodeIgniter\Boot::bootWeb(Object(Config\Paths))
15 SYSTEMPATH\rewrite.php(44): require_once('E:\\laragon\\www\\Project-e-Keuangan\\public\\index.php')
CRITICAL - 2025-09-22 13:29:31 --> [Caused by] mysqli_sql_exception: Operand should contain 1 column(s)
in SYSTEMPATH\Database\MySQLi\Connection.php on line 327.
 1 SYSTEMPATH\Database\MySQLi\Connection.php(327): mysqli->query('SELECT *
FROM `kelas`
WHERE `id_kelas` = (\'17\',\'16\')
 LIMIT 1', 0)
 2 SYSTEMPATH\Database\BaseConnection.php(738): CodeIgniter\Database\MySQLi\Connection->execute('SELECT *
FROM `kelas`
WHERE `id_kelas` = (\'17\',\'16\')
 LIMIT 1')
 3 SYSTEMPATH\Database\BaseConnection.php(652): CodeIgniter\Database\BaseConnection->simpleQuery('SELECT *
FROM `kelas`
WHERE `id_kelas` = (\'17\',\'16\')
 LIMIT 1')
 4 SYSTEMPATH\Database\BaseBuilder.php(1649): CodeIgniter\Database\BaseConnection->query('SELECT *
FROM `kelas`
WHERE `id_kelas` = :id_kelas:
 LIMIT 1', [...], false)
 5 SYSTEMPATH\Model.php(330): CodeIgniter\Database\BaseBuilder->get()
 6 SYSTEMPATH\BaseModel.php(717): CodeIgniter\Model->doFirst()
 7 APPPATH\Models\KelasModel.php(54): CodeIgniter\BaseModel->first()
 8 APPPATH\Controllers\KelasController.php(216): App\Models\KelasModel->getKelasById([...])
 9 APPPATH\Controllers\KelasController.php(209): App\Controllers\KelasController->exportToExcel([...])
10 SYSTEMPATH\CodeIgniter.php(933): App\Controllers\KelasController->bulkAction()
11 SYSTEMPATH\CodeIgniter.php(507): CodeIgniter\CodeIgniter->runController(Object(App\Controllers\KelasController))
12 SYSTEMPATH\CodeIgniter.php(354): CodeIgniter\CodeIgniter->handleRequest(null, Object(Config\Cache), false)
13 SYSTEMPATH\Boot.php(334): CodeIgniter\CodeIgniter->run()
14 SYSTEMPATH\Boot.php(67): CodeIgniter\Boot::runCodeIgniter(Object(CodeIgniter\CodeIgniter))
15 FCPATH\index.php(59): CodeIgniter\Boot::bootWeb(Object(Config\Paths))
16 SYSTEMPATH\rewrite.php(44): require_once('E:\\laragon\\www\\Project-e-Keuangan\\public\\index.php')
ERROR - 2025-09-22 13:31:51 --> mysqli_sql_exception: Operand should contain 1 column(s) in E:\laragon\www\Project-e-Keuangan\system\Database\MySQLi\Connection.php:327
Stack trace:
#0 E:\laragon\www\Project-e-Keuangan\system\Database\MySQLi\Connection.php(327): mysqli->query('SELECT *\nFROM `...', 0)
#1 E:\laragon\www\Project-e-Keuangan\system\Database\BaseConnection.php(738): CodeIgniter\Database\MySQLi\Connection->execute('SELECT *\nFROM `...')
#2 E:\laragon\www\Project-e-Keuangan\system\Database\BaseConnection.php(652): CodeIgniter\Database\BaseConnection->simpleQuery('SELECT *\nFROM `...')
#3 E:\laragon\www\Project-e-Keuangan\system\Database\BaseBuilder.php(1649): CodeIgniter\Database\BaseConnection->query('SELECT *\nFROM `...', Array, false)
#4 E:\laragon\www\Project-e-Keuangan\system\Model.php(330): CodeIgniter\Database\BaseBuilder->get()
#5 E:\laragon\www\Project-e-Keuangan\system\BaseModel.php(717): CodeIgniter\Model->doFirst()
#6 E:\laragon\www\Project-e-Keuangan\app\Models\KelasModel.php(54): CodeIgniter\BaseModel->first()
#7 E:\laragon\www\Project-e-Keuangan\app\Controllers\KelasController.php(222): App\Models\KelasModel->getKelasById(Array)
#8 E:\laragon\www\Project-e-Keuangan\app\Controllers\KelasController.php(215): App\Controllers\KelasController->exportToExcel(Array)
#9 E:\laragon\www\Project-e-Keuangan\system\CodeIgniter.php(933): App\Controllers\KelasController->bulkAction()
#10 E:\laragon\www\Project-e-Keuangan\system\CodeIgniter.php(507): CodeIgniter\CodeIgniter->runController(Object(App\Controllers\KelasController))
#11 E:\laragon\www\Project-e-Keuangan\system\CodeIgniter.php(354): CodeIgniter\CodeIgniter->handleRequest(NULL, Object(Config\Cache), false)
#12 E:\laragon\www\Project-e-Keuangan\system\Boot.php(334): CodeIgniter\CodeIgniter->run()
#13 E:\laragon\www\Project-e-Keuangan\system\Boot.php(67): CodeIgniter\Boot::runCodeIgniter(Object(CodeIgniter\CodeIgniter))
#14 E:\laragon\www\Project-e-Keuangan\public\index.php(59): CodeIgniter\Boot::bootWeb(Object(Config\Paths))
#15 E:\laragon\www\Project-e-Keuangan\system\rewrite.php(44): require_once('E:\\laragon\\www\\...')
#16 {main}
CRITICAL - 2025-09-22 13:31:51 --> CodeIgniter\Database\Exceptions\DatabaseException: Operand should contain 1 column(s)
[Method: POST, Route: kelas/bulk-action]
in SYSTEMPATH\Database\BaseConnection.php on line 692.
 1 SYSTEMPATH\Database\BaseBuilder.php(1649): CodeIgniter\Database\BaseConnection->query('SELECT *
FROM `kelas`
WHERE `id_kelas` = :id_kelas:
 LIMIT 1', [...], false)
 2 SYSTEMPATH\Model.php(330): CodeIgniter\Database\BaseBuilder->get()
 3 SYSTEMPATH\BaseModel.php(717): CodeIgniter\Model->doFirst()
 4 APPPATH\Models\KelasModel.php(54): CodeIgniter\BaseModel->first()
 5 APPPATH\Controllers\KelasController.php(222): App\Models\KelasModel->getKelasById([...])
 6 APPPATH\Controllers\KelasController.php(215): App\Controllers\KelasController->exportToExcel([...])
 7 SYSTEMPATH\CodeIgniter.php(933): App\Controllers\KelasController->bulkAction()
 8 SYSTEMPATH\CodeIgniter.php(507): CodeIgniter\CodeIgniter->runController(Object(App\Controllers\KelasController))
 9 SYSTEMPATH\CodeIgniter.php(354): CodeIgniter\CodeIgniter->handleRequest(null, Object(Config\Cache), false)
10 SYSTEMPATH\Boot.php(334): CodeIgniter\CodeIgniter->run()
11 SYSTEMPATH\Boot.php(67): CodeIgniter\Boot::runCodeIgniter(Object(CodeIgniter\CodeIgniter))
12 FCPATH\index.php(59): CodeIgniter\Boot::bootWeb(Object(Config\Paths))
13 SYSTEMPATH\rewrite.php(44): require_once('E:\\laragon\\www\\Project-e-Keuangan\\public\\index.php')
CRITICAL - 2025-09-22 13:31:51 --> [Caused by] CodeIgniter\Database\Exceptions\DatabaseException: Operand should contain 1 column(s)
in SYSTEMPATH\Database\MySQLi\Connection.php on line 332.
 1 SYSTEMPATH\Database\BaseConnection.php(738): CodeIgniter\Database\MySQLi\Connection->execute('SELECT *
FROM `kelas`
WHERE `id_kelas` = (17,16)
 LIMIT 1')
 2 SYSTEMPATH\Database\BaseConnection.php(652): CodeIgniter\Database\BaseConnection->simpleQuery('SELECT *
FROM `kelas`
WHERE `id_kelas` = (17,16)
 LIMIT 1')
 3 SYSTEMPATH\Database\BaseBuilder.php(1649): CodeIgniter\Database\BaseConnection->query('SELECT *
FROM `kelas`
WHERE `id_kelas` = :id_kelas:
 LIMIT 1', [...], false)
 4 SYSTEMPATH\Model.php(330): CodeIgniter\Database\BaseBuilder->get()
 5 SYSTEMPATH\BaseModel.php(717): CodeIgniter\Model->doFirst()
 6 APPPATH\Models\KelasModel.php(54): CodeIgniter\BaseModel->first()
 7 APPPATH\Controllers\KelasController.php(222): App\Models\KelasModel->getKelasById([...])
 8 APPPATH\Controllers\KelasController.php(215): App\Controllers\KelasController->exportToExcel([...])
 9 SYSTEMPATH\CodeIgniter.php(933): App\Controllers\KelasController->bulkAction()
10 SYSTEMPATH\CodeIgniter.php(507): CodeIgniter\CodeIgniter->runController(Object(App\Controllers\KelasController))
11 SYSTEMPATH\CodeIgniter.php(354): CodeIgniter\CodeIgniter->handleRequest(null, Object(Config\Cache), false)
12 SYSTEMPATH\Boot.php(334): CodeIgniter\CodeIgniter->run()
13 SYSTEMPATH\Boot.php(67): CodeIgniter\Boot::runCodeIgniter(Object(CodeIgniter\CodeIgniter))
14 FCPATH\index.php(59): CodeIgniter\Boot::bootWeb(Object(Config\Paths))
15 SYSTEMPATH\rewrite.php(44): require_once('E:\\laragon\\www\\Project-e-Keuangan\\public\\index.php')
CRITICAL - 2025-09-22 13:31:51 --> [Caused by] mysqli_sql_exception: Operand should contain 1 column(s)
in SYSTEMPATH\Database\MySQLi\Connection.php on line 327.
 1 SYSTEMPATH\Database\MySQLi\Connection.php(327): mysqli->query('SELECT *
FROM `kelas`
WHERE `id_kelas` = (17,16)
 LIMIT 1', 0)
 2 SYSTEMPATH\Database\BaseConnection.php(738): CodeIgniter\Database\MySQLi\Connection->execute('SELECT *
FROM `kelas`
WHERE `id_kelas` = (17,16)
 LIMIT 1')
 3 SYSTEMPATH\Database\BaseConnection.php(652): CodeIgniter\Database\BaseConnection->simpleQuery('SELECT *
FROM `kelas`
WHERE `id_kelas` = (17,16)
 LIMIT 1')
 4 SYSTEMPATH\Database\BaseBuilder.php(1649): CodeIgniter\Database\BaseConnection->query('SELECT *
FROM `kelas`
WHERE `id_kelas` = :id_kelas:
 LIMIT 1', [...], false)
 5 SYSTEMPATH\Model.php(330): CodeIgniter\Database\BaseBuilder->get()
 6 SYSTEMPATH\BaseModel.php(717): CodeIgniter\Model->doFirst()
 7 APPPATH\Models\KelasModel.php(54): CodeIgniter\BaseModel->first()
 8 APPPATH\Controllers\KelasController.php(222): App\Models\KelasModel->getKelasById([...])
 9 APPPATH\Controllers\KelasController.php(215): App\Controllers\KelasController->exportToExcel([...])
10 SYSTEMPATH\CodeIgniter.php(933): App\Controllers\KelasController->bulkAction()
11 SYSTEMPATH\CodeIgniter.php(507): CodeIgniter\CodeIgniter->runController(Object(App\Controllers\KelasController))
12 SYSTEMPATH\CodeIgniter.php(354): CodeIgniter\CodeIgniter->handleRequest(null, Object(Config\Cache), false)
13 SYSTEMPATH\Boot.php(334): CodeIgniter\CodeIgniter->run()
14 SYSTEMPATH\Boot.php(67): CodeIgniter\Boot::runCodeIgniter(Object(CodeIgniter\CodeIgniter))
15 FCPATH\index.php(59): CodeIgniter\Boot::bootWeb(Object(Config\Paths))
16 SYSTEMPATH\rewrite.php(44): require_once('E:\\laragon\\www\\Project-e-Keuangan\\public\\index.php')
ERROR - 2025-09-22 13:34:14 --> mysqli_sql_exception: Operand should contain 1 column(s) in E:\laragon\www\Project-e-Keuangan\system\Database\MySQLi\Connection.php:327
Stack trace:
#0 E:\laragon\www\Project-e-Keuangan\system\Database\MySQLi\Connection.php(327): mysqli->query('SELECT *\nFROM `...', 0)
#1 E:\laragon\www\Project-e-Keuangan\system\Database\BaseConnection.php(738): CodeIgniter\Database\MySQLi\Connection->execute('SELECT *\nFROM `...')
#2 E:\laragon\www\Project-e-Keuangan\system\Database\BaseConnection.php(652): CodeIgniter\Database\BaseConnection->simpleQuery('SELECT *\nFROM `...')
#3 E:\laragon\www\Project-e-Keuangan\system\Database\BaseBuilder.php(1649): CodeIgniter\Database\BaseConnection->query('SELECT *\nFROM `...', Array, false)
#4 E:\laragon\www\Project-e-Keuangan\system\Model.php(330): CodeIgniter\Database\BaseBuilder->get()
#5 E:\laragon\www\Project-e-Keuangan\system\BaseModel.php(717): CodeIgniter\Model->doFirst()
#6 E:\laragon\www\Project-e-Keuangan\app\Models\KelasModel.php(54): CodeIgniter\BaseModel->first()
#7 E:\laragon\www\Project-e-Keuangan\app\Controllers\KelasController.php(222): App\Models\KelasModel->getKelasById(Array)
#8 E:\laragon\www\Project-e-Keuangan\app\Controllers\KelasController.php(215): App\Controllers\KelasController->exportToExcel(Array)
#9 E:\laragon\www\Project-e-Keuangan\system\CodeIgniter.php(933): App\Controllers\KelasController->bulkAction()
#10 E:\laragon\www\Project-e-Keuangan\system\CodeIgniter.php(507): CodeIgniter\CodeIgniter->runController(Object(App\Controllers\KelasController))
#11 E:\laragon\www\Project-e-Keuangan\system\CodeIgniter.php(354): CodeIgniter\CodeIgniter->handleRequest(NULL, Object(Config\Cache), false)
#12 E:\laragon\www\Project-e-Keuangan\system\Boot.php(334): CodeIgniter\CodeIgniter->run()
#13 E:\laragon\www\Project-e-Keuangan\system\Boot.php(67): CodeIgniter\Boot::runCodeIgniter(Object(CodeIgniter\CodeIgniter))
#14 E:\laragon\www\Project-e-Keuangan\public\index.php(59): CodeIgniter\Boot::bootWeb(Object(Config\Paths))
#15 E:\laragon\www\Project-e-Keuangan\system\rewrite.php(44): require_once('E:\\laragon\\www\\...')
#16 {main}
CRITICAL - 2025-09-22 13:34:14 --> CodeIgniter\Database\Exceptions\DatabaseException: Operand should contain 1 column(s)
[Method: POST, Route: kelas/bulk-action]
in SYSTEMPATH\Database\BaseConnection.php on line 692.
 1 SYSTEMPATH\Database\BaseBuilder.php(1649): CodeIgniter\Database\BaseConnection->query('SELECT *
FROM `kelas`
WHERE `id_kelas` = :id_kelas:
 LIMIT 1', [...], false)
 2 SYSTEMPATH\Model.php(330): CodeIgniter\Database\BaseBuilder->get()
 3 SYSTEMPATH\BaseModel.php(717): CodeIgniter\Model->doFirst()
 4 APPPATH\Models\KelasModel.php(54): CodeIgniter\BaseModel->first()
 5 APPPATH\Controllers\KelasController.php(222): App\Models\KelasModel->getKelasById([...])
 6 APPPATH\Controllers\KelasController.php(215): App\Controllers\KelasController->exportToExcel([...])
 7 SYSTEMPATH\CodeIgniter.php(933): App\Controllers\KelasController->bulkAction()
 8 SYSTEMPATH\CodeIgniter.php(507): CodeIgniter\CodeIgniter->runController(Object(App\Controllers\KelasController))
 9 SYSTEMPATH\CodeIgniter.php(354): CodeIgniter\CodeIgniter->handleRequest(null, Object(Config\Cache), false)
10 SYSTEMPATH\Boot.php(334): CodeIgniter\CodeIgniter->run()
11 SYSTEMPATH\Boot.php(67): CodeIgniter\Boot::runCodeIgniter(Object(CodeIgniter\CodeIgniter))
12 FCPATH\index.php(59): CodeIgniter\Boot::bootWeb(Object(Config\Paths))
13 SYSTEMPATH\rewrite.php(44): require_once('E:\\laragon\\www\\Project-e-Keuangan\\public\\index.php')
CRITICAL - 2025-09-22 13:34:14 --> [Caused by] CodeIgniter\Database\Exceptions\DatabaseException: Operand should contain 1 column(s)
in SYSTEMPATH\Database\MySQLi\Connection.php on line 332.
 1 SYSTEMPATH\Database\BaseConnection.php(738): CodeIgniter\Database\MySQLi\Connection->execute('SELECT *
FROM `kelas`
WHERE `id_kelas` = (17,16)
 LIMIT 1')
 2 SYSTEMPATH\Database\BaseConnection.php(652): CodeIgniter\Database\BaseConnection->simpleQuery('SELECT *
FROM `kelas`
WHERE `id_kelas` = (17,16)
 LIMIT 1')
 3 SYSTEMPATH\Database\BaseBuilder.php(1649): CodeIgniter\Database\BaseConnection->query('SELECT *
FROM `kelas`
WHERE `id_kelas` = :id_kelas:
 LIMIT 1', [...], false)
 4 SYSTEMPATH\Model.php(330): CodeIgniter\Database\BaseBuilder->get()
 5 SYSTEMPATH\BaseModel.php(717): CodeIgniter\Model->doFirst()
 6 APPPATH\Models\KelasModel.php(54): CodeIgniter\BaseModel->first()
 7 APPPATH\Controllers\KelasController.php(222): App\Models\KelasModel->getKelasById([...])
 8 APPPATH\Controllers\KelasController.php(215): App\Controllers\KelasController->exportToExcel([...])
 9 SYSTEMPATH\CodeIgniter.php(933): App\Controllers\KelasController->bulkAction()
10 SYSTEMPATH\CodeIgniter.php(507): CodeIgniter\CodeIgniter->runController(Object(App\Controllers\KelasController))
11 SYSTEMPATH\CodeIgniter.php(354): CodeIgniter\CodeIgniter->handleRequest(null, Object(Config\Cache), false)
12 SYSTEMPATH\Boot.php(334): CodeIgniter\CodeIgniter->run()
13 SYSTEMPATH\Boot.php(67): CodeIgniter\Boot::runCodeIgniter(Object(CodeIgniter\CodeIgniter))
14 FCPATH\index.php(59): CodeIgniter\Boot::bootWeb(Object(Config\Paths))
15 SYSTEMPATH\rewrite.php(44): require_once('E:\\laragon\\www\\Project-e-Keuangan\\public\\index.php')
CRITICAL - 2025-09-22 13:34:14 --> [Caused by] mysqli_sql_exception: Operand should contain 1 column(s)
in SYSTEMPATH\Database\MySQLi\Connection.php on line 327.
 1 SYSTEMPATH\Database\MySQLi\Connection.php(327): mysqli->query('SELECT *
FROM `kelas`
WHERE `id_kelas` = (17,16)
 LIMIT 1', 0)
 2 SYSTEMPATH\Database\BaseConnection.php(738): CodeIgniter\Database\MySQLi\Connection->execute('SELECT *
FROM `kelas`
WHERE `id_kelas` = (17,16)
 LIMIT 1')
 3 SYSTEMPATH\Database\BaseConnection.php(652): CodeIgniter\Database\BaseConnection->simpleQuery('SELECT *
FROM `kelas`
WHERE `id_kelas` = (17,16)
 LIMIT 1')
 4 SYSTEMPATH\Database\BaseBuilder.php(1649): CodeIgniter\Database\BaseConnection->query('SELECT *
FROM `kelas`
WHERE `id_kelas` = :id_kelas:
 LIMIT 1', [...], false)
 5 SYSTEMPATH\Model.php(330): CodeIgniter\Database\BaseBuilder->get()
 6 SYSTEMPATH\BaseModel.php(717): CodeIgniter\Model->doFirst()
 7 APPPATH\Models\KelasModel.php(54): CodeIgniter\BaseModel->first()
 8 APPPATH\Controllers\KelasController.php(222): App\Models\KelasModel->getKelasById([...])
 9 APPPATH\Controllers\KelasController.php(215): App\Controllers\KelasController->exportToExcel([...])
10 SYSTEMPATH\CodeIgniter.php(933): App\Controllers\KelasController->bulkAction()
11 SYSTEMPATH\CodeIgniter.php(507): CodeIgniter\CodeIgniter->runController(Object(App\Controllers\KelasController))
12 SYSTEMPATH\CodeIgniter.php(354): CodeIgniter\CodeIgniter->handleRequest(null, Object(Config\Cache), false)
13 SYSTEMPATH\Boot.php(334): CodeIgniter\CodeIgniter->run()
14 SYSTEMPATH\Boot.php(67): CodeIgniter\Boot::runCodeIgniter(Object(CodeIgniter\CodeIgniter))
15 FCPATH\index.php(59): CodeIgniter\Boot::bootWeb(Object(Config\Paths))
16 SYSTEMPATH\rewrite.php(44): require_once('E:\\laragon\\www\\Project-e-Keuangan\\public\\index.php')
CRITICAL - 2025-09-22 13:45:14 --> Error: Class "App\Controllers\Fill" not found
[Method: POST, Route: kelas/bulk-action]
in APPPATH\Controllers\KelasController.php on line 244.
 1 APPPATH\Controllers\KelasController.php(215): App\Controllers\KelasController->exportToExcel([...])
 2 SYSTEMPATH\CodeIgniter.php(933): App\Controllers\KelasController->bulkAction()
 3 SYSTEMPATH\CodeIgniter.php(507): CodeIgniter\CodeIgniter->runController(Object(App\Controllers\KelasController))
 4 SYSTEMPATH\CodeIgniter.php(354): CodeIgniter\CodeIgniter->handleRequest(null, Object(Config\Cache), false)
 5 SYSTEMPATH\Boot.php(334): CodeIgniter\CodeIgniter->run()
 6 SYSTEMPATH\Boot.php(67): CodeIgniter\Boot::runCodeIgniter(Object(CodeIgniter\CodeIgniter))
 7 FCPATH\index.php(59): CodeIgniter\Boot::bootWeb(Object(Config\Paths))
 8 SYSTEMPATH\rewrite.php(44): require_once('E:\\laragon\\www\\Project-e-Keuangan\\public\\index.php')
