CRITICAL - 2025-12-09 15:27:55 --> CodeIgniter\View\Exceptions\ViewException: Invalid file: "admin/Inputs/input-kas-gaji.php"
[Method: GET, Route: data-kas/input-gaji]
in SYSTEMPATH\Exceptions\FrameworkException.php on line 39.
 1 SYSTEMPATH\View\View.php(212): CodeIgniter\Exceptions\FrameworkException::forInvalidFile('admin/Inputs/input-kas-gaji.php')
 2 SYSTEMPATH\Common.php(1173): CodeIgniter\View\View->render('admin/Inputs/input-kas-gaji', [], true)
 3 APPPATH\Controllers\GajiController.php(25): view('admin/Inputs/input-kas-gaji', [...])
 4 SYSTEMPATH\CodeIgniter.php(933): App\Controllers\GajiController->inputGaji()
 5 SYSTEMPATH\CodeIgniter.php(507): CodeIgniter\CodeIgniter->runController(Object(App\Controllers\GajiController))
 6 SYSTEMPATH\CodeIgniter.php(354): CodeIgniter\CodeIgniter->handleRequest(null, Object(Config\Cache), false)
 7 SYSTEMPATH\Boot.php(334): CodeIgniter\CodeIgniter->run()
 8 SYSTEMPATH\Boot.php(67): CodeIgniter\Boot::runCodeIgniter(Object(CodeIgniter\CodeIgniter))
 9 FCPATH\index.php(59): CodeIgniter\Boot::bootWeb(Object(Config\Paths))
10 SYSTEMPATH\rewrite.php(44): require_once('E:\\laragon\\www\\Project-e-Keuangan\\public\\index.php')
CRITICAL - 2025-12-09 15:28:16 --> CodeIgniter\View\Exceptions\ViewException: Invalid file: "admin/inputs/input-kas-gaji.php"
[Method: GET, Route: data-kas/input-gaji]
in SYSTEMPATH\Exceptions\FrameworkException.php on line 39.
 1 SYSTEMPATH\View\View.php(212): CodeIgniter\Exceptions\FrameworkException::forInvalidFile('admin/inputs/input-kas-gaji.php')
 2 SYSTEMPATH\Common.php(1173): CodeIgniter\View\View->render('admin/inputs/input-kas-gaji', [], true)
 3 APPPATH\Controllers\GajiController.php(25): view('admin/inputs/input-kas-gaji', [...])
 4 SYSTEMPATH\CodeIgniter.php(933): App\Controllers\GajiController->inputGaji()
 5 SYSTEMPATH\CodeIgniter.php(507): CodeIgniter\CodeIgniter->runController(Object(App\Controllers\GajiController))
 6 SYSTEMPATH\CodeIgniter.php(354): CodeIgniter\CodeIgniter->handleRequest(null, Object(Config\Cache), false)
 7 SYSTEMPATH\Boot.php(334): CodeIgniter\CodeIgniter->run()
 8 SYSTEMPATH\Boot.php(67): CodeIgniter\Boot::runCodeIgniter(Object(CodeIgniter\CodeIgniter))
 9 FCPATH\index.php(59): CodeIgniter\Boot::bootWeb(Object(Config\Paths))
10 SYSTEMPATH\rewrite.php(44): require_once('E:\\laragon\\www\\Project-e-Keuangan\\public\\index.php')
CRITICAL - 2025-12-09 16:27:37 --> ErrorException: Undefined variable $data
[Method: GET, Route: data-kas/edit-gaji/2]
in APPPATH\Controllers\GajiController.php on line 89.
 1 APPPATH\Controllers\GajiController.php(89): CodeIgniter\Debug\Exceptions->errorHandler(2, 'Undefined variable $data', 'E:\\laragon\\www\\Project-e-Keuangan\\app\\Controllers\\GajiController.php', 89)
 2 SYSTEMPATH\CodeIgniter.php(933): App\Controllers\GajiController->editGaji('2')
 3 SYSTEMPATH\CodeIgniter.php(507): CodeIgniter\CodeIgniter->runController(Object(App\Controllers\GajiController))
 4 SYSTEMPATH\CodeIgniter.php(354): CodeIgniter\CodeIgniter->handleRequest(null, Object(Config\Cache), false)
 5 SYSTEMPATH\Boot.php(334): CodeIgniter\CodeIgniter->run()
 6 SYSTEMPATH\Boot.php(67): CodeIgniter\Boot::runCodeIgniter(Object(CodeIgniter\CodeIgniter))
 7 FCPATH\index.php(59): CodeIgniter\Boot::bootWeb(Object(Config\Paths))
 8 SYSTEMPATH\rewrite.php(44): require_once('E:\\laragon\\www\\Project-e-Keuangan\\public\\index.php')
CRITICAL - 2025-12-09 16:29:52 --> ErrorException: Undefined variable $gajiFinal
[Method: GET, Route: data-kas/edit-gaji/2]
in APPPATH\Views\admin\Edits\edit-data-kas-gaji.php on line 26.
 1 APPPATH\Views\admin\Edits\edit-data-kas-gaji.php(26): CodeIgniter\Debug\Exceptions->errorHandler(2, 'Undefined variable $gajiFinal', 'E:\\laragon\\www\\Project-e-Keuangan\\app\\Views\\admin\\Edits\\edit-data-kas-gaji.php', 26)
 2 SYSTEMPATH\View\View.php(224): include('E:\\laragon\\www\\Project-e-Keuangan\\app\\Views\\admin\\Edits\\edit-data-kas-gaji.php')
 3 SYSTEMPATH\View\View.php(227): CodeIgniter\View\View->CodeIgniter\View\{closure}()
 4 SYSTEMPATH\Common.php(1173): CodeIgniter\View\View->render('admin/Edits/edit-data-kas-gaji', [], true)
 5 APPPATH\Controllers\GajiController.php(100): view('admin/Edits/edit-data-kas-gaji', [...])
 6 SYSTEMPATH\CodeIgniter.php(933): App\Controllers\GajiController->editGaji('2')
 7 SYSTEMPATH\CodeIgniter.php(507): CodeIgniter\CodeIgniter->runController(Object(App\Controllers\GajiController))
 8 SYSTEMPATH\CodeIgniter.php(354): CodeIgniter\CodeIgniter->handleRequest(null, Object(Config\Cache), false)
 9 SYSTEMPATH\Boot.php(334): CodeIgniter\CodeIgniter->run()
10 SYSTEMPATH\Boot.php(67): CodeIgniter\Boot::runCodeIgniter(Object(CodeIgniter\CodeIgniter))
11 FCPATH\index.php(59): CodeIgniter\Boot::bootWeb(Object(Config\Paths))
12 SYSTEMPATH\rewrite.php(44): require_once('E:\\laragon\\www\\Project-e-Keuangan\\public\\index.php')
ERROR - 2025-12-09 17:17:38 --> mysqli_sql_exception: Column 'tanggal_bayar' cannot be null in E:\laragon\www\Project-e-Keuangan\system\Database\MySQLi\Connection.php:327
Stack trace:
#0 E:\laragon\www\Project-e-Keuangan\system\Database\MySQLi\Connection.php(327): mysqli->query('INSERT INTO `pe...', 0)
#1 E:\laragon\www\Project-e-Keuangan\system\Database\BaseConnection.php(738): CodeIgniter\Database\MySQLi\Connection->execute('INSERT INTO `pe...')
#2 E:\laragon\www\Project-e-Keuangan\system\Database\BaseConnection.php(652): CodeIgniter\Database\BaseConnection->simpleQuery('INSERT INTO `pe...')
#3 E:\laragon\www\Project-e-Keuangan\system\Database\BaseBuilder.php(2345): CodeIgniter\Database\BaseConnection->query('INSERT INTO `pe...', Array, false)
#4 E:\laragon\www\Project-e-Keuangan\system\Model.php(394): CodeIgniter\Database\BaseBuilder->insert()
#5 E:\laragon\www\Project-e-Keuangan\system\BaseModel.php(843): CodeIgniter\Model->doInsert(Array)
#6 E:\laragon\www\Project-e-Keuangan\system\Model.php(800): CodeIgniter\BaseModel->insert(Array, true)
#7 E:\laragon\www\Project-e-Keuangan\app\Commands\GeneratePembayaranGaji.php(35): CodeIgniter\Model->insert(Array)
#8 E:\laragon\www\Project-e-Keuangan\system\CLI\Commands.php(74): App\Commands\GeneratePembayaranGaji->run(Array)
#9 E:\laragon\www\Project-e-Keuangan\system\CLI\Console.php(47): CodeIgniter\CLI\Commands->run('gaji:generate-p...', Array)
#10 E:\laragon\www\Project-e-Keuangan\system\Boot.php(360): CodeIgniter\CLI\Console->run()
#11 E:\laragon\www\Project-e-Keuangan\system\Boot.php(104): CodeIgniter\Boot::runCommand(Object(CodeIgniter\CLI\Console))
#12 E:\laragon\www\Project-e-Keuangan\spark(87): CodeIgniter\Boot::bootSpark(Object(Config\Paths))
#13 {main}
CRITICAL - 2025-12-09 17:17:38 --> CodeIgniter\Database\Exceptions\DatabaseException: Column 'tanggal_bayar' cannot be null
[Method: CLI, Route: gaji:generate-pembayaran]
in SYSTEMPATH\Database\BaseConnection.php on line 692.
 1 SYSTEMPATH\Database\BaseBuilder.php(2345): CodeIgniter\Database\BaseConnection->query('INSERT INTO `pembayaran_gaji` (`id_gaji`, `tanggal_bayar`, `status_pembayaran`, `created_at`, `updated_at`) VALUES (:id_gaji:, :tanggal_bayar:, :status_pembayaran:, :created_at:, :updated_at:)', [...], false)
 2 SYSTEMPATH\Model.php(394): CodeIgniter\Database\BaseBuilder->insert()
 3 SYSTEMPATH\BaseModel.php(843): CodeIgniter\Model->doInsert([...])
 4 SYSTEMPATH\Model.php(800): CodeIgniter\BaseModel->insert([...], true)
 5 APPPATH\Commands\GeneratePembayaranGaji.php(35): CodeIgniter\Model->insert([...])
 6 SYSTEMPATH\CLI\Commands.php(74): App\Commands\GeneratePembayaranGaji->run([])
 7 SYSTEMPATH\CLI\Console.php(47): CodeIgniter\CLI\Commands->run('gaji:generate-pembayaran', [])
 8 SYSTEMPATH\Boot.php(360): CodeIgniter\CLI\Console->run()
 9 SYSTEMPATH\Boot.php(104): CodeIgniter\Boot::runCommand(Object(CodeIgniter\CLI\Console))
10 ROOTPATH\spark(87): CodeIgniter\Boot::bootSpark(Object(Config\Paths))
CRITICAL - 2025-12-09 17:17:38 --> [Caused by] CodeIgniter\Database\Exceptions\DatabaseException: Column 'tanggal_bayar' cannot be null
in SYSTEMPATH\Database\MySQLi\Connection.php on line 332.
 1 SYSTEMPATH\Database\BaseConnection.php(738): CodeIgniter\Database\MySQLi\Connection->execute('INSERT INTO `pembayaran_gaji` (`id_gaji`, `tanggal_bayar`, `status_pembayaran`, `created_at`, `updated_at`) VALUES (\'2\', NULL, \'Belum Lunas\', \'2025-12-09 17:17:38\', \'2025-12-09 17:17:38\')')
 2 SYSTEMPATH\Database\BaseConnection.php(652): CodeIgniter\Database\BaseConnection->simpleQuery('INSERT INTO `pembayaran_gaji` (`id_gaji`, `tanggal_bayar`, `status_pembayaran`, `created_at`, `updated_at`) VALUES (\'2\', NULL, \'Belum Lunas\', \'2025-12-09 17:17:38\', \'2025-12-09 17:17:38\')')
 3 SYSTEMPATH\Database\BaseBuilder.php(2345): CodeIgniter\Database\BaseConnection->query('INSERT INTO `pembayaran_gaji` (`id_gaji`, `tanggal_bayar`, `status_pembayaran`, `created_at`, `updated_at`) VALUES (:id_gaji:, :tanggal_bayar:, :status_pembayaran:, :created_at:, :updated_at:)', [...], false)
 4 SYSTEMPATH\Model.php(394): CodeIgniter\Database\BaseBuilder->insert()
 5 SYSTEMPATH\BaseModel.php(843): CodeIgniter\Model->doInsert([...])
 6 SYSTEMPATH\Model.php(800): CodeIgniter\BaseModel->insert([...], true)
 7 APPPATH\Commands\GeneratePembayaranGaji.php(35): CodeIgniter\Model->insert([...])
 8 SYSTEMPATH\CLI\Commands.php(74): App\Commands\GeneratePembayaranGaji->run([])
 9 SYSTEMPATH\CLI\Console.php(47): CodeIgniter\CLI\Commands->run('gaji:generate-pembayaran', [])
10 SYSTEMPATH\Boot.php(360): CodeIgniter\CLI\Console->run()
11 SYSTEMPATH\Boot.php(104): CodeIgniter\Boot::runCommand(Object(CodeIgniter\CLI\Console))
12 ROOTPATH\spark(87): CodeIgniter\Boot::bootSpark(Object(Config\Paths))
CRITICAL - 2025-12-09 17:17:38 --> [Caused by] mysqli_sql_exception: Column 'tanggal_bayar' cannot be null
in SYSTEMPATH\Database\MySQLi\Connection.php on line 327.
 1 SYSTEMPATH\Database\MySQLi\Connection.php(327): mysqli->query('INSERT INTO `pembayaran_gaji` (`id_gaji`, `tanggal_bayar`, `status_pembayaran`, `created_at`, `updated_at`) VALUES (\'2\', NULL, \'Belum Lunas\', \'2025-12-09 17:17:38\', \'2025-12-09 17:17:38\')', 0)
 2 SYSTEMPATH\Database\BaseConnection.php(738): CodeIgniter\Database\MySQLi\Connection->execute('INSERT INTO `pembayaran_gaji` (`id_gaji`, `tanggal_bayar`, `status_pembayaran`, `created_at`, `updated_at`) VALUES (\'2\', NULL, \'Belum Lunas\', \'2025-12-09 17:17:38\', \'2025-12-09 17:17:38\')')
 3 SYSTEMPATH\Database\BaseConnection.php(652): CodeIgniter\Database\BaseConnection->simpleQuery('INSERT INTO `pembayaran_gaji` (`id_gaji`, `tanggal_bayar`, `status_pembayaran`, `created_at`, `updated_at`) VALUES (\'2\', NULL, \'Belum Lunas\', \'2025-12-09 17:17:38\', \'2025-12-09 17:17:38\')')
 4 SYSTEMPATH\Database\BaseBuilder.php(2345): CodeIgniter\Database\BaseConnection->query('INSERT INTO `pembayaran_gaji` (`id_gaji`, `tanggal_bayar`, `status_pembayaran`, `created_at`, `updated_at`) VALUES (:id_gaji:, :tanggal_bayar:, :status_pembayaran:, :created_at:, :updated_at:)', [...], false)
 5 SYSTEMPATH\Model.php(394): CodeIgniter\Database\BaseBuilder->insert()
 6 SYSTEMPATH\BaseModel.php(843): CodeIgniter\Model->doInsert([...])
 7 SYSTEMPATH\Model.php(800): CodeIgniter\BaseModel->insert([...], true)
 8 APPPATH\Commands\GeneratePembayaranGaji.php(35): CodeIgniter\Model->insert([...])
 9 SYSTEMPATH\CLI\Commands.php(74): App\Commands\GeneratePembayaranGaji->run([])
10 SYSTEMPATH\CLI\Console.php(47): CodeIgniter\CLI\Commands->run('gaji:generate-pembayaran', [])
11 SYSTEMPATH\Boot.php(360): CodeIgniter\CLI\Console->run()
12 SYSTEMPATH\Boot.php(104): CodeIgniter\Boot::runCommand(Object(CodeIgniter\CLI\Console))
13 ROOTPATH\spark(87): CodeIgniter\Boot::bootSpark(Object(Config\Paths))
ERROR - 2025-12-09 17:19:03 --> mysqli_sql_exception: Column 'tanggal_bayar' cannot be null in E:\laragon\www\Project-e-Keuangan\system\Database\MySQLi\Connection.php:327
Stack trace:
#0 E:\laragon\www\Project-e-Keuangan\system\Database\MySQLi\Connection.php(327): mysqli->query('INSERT INTO `pe...', 0)
#1 E:\laragon\www\Project-e-Keuangan\system\Database\BaseConnection.php(738): CodeIgniter\Database\MySQLi\Connection->execute('INSERT INTO `pe...')
#2 E:\laragon\www\Project-e-Keuangan\system\Database\BaseConnection.php(652): CodeIgniter\Database\BaseConnection->simpleQuery('INSERT INTO `pe...')
#3 E:\laragon\www\Project-e-Keuangan\system\Database\BaseBuilder.php(2345): CodeIgniter\Database\BaseConnection->query('INSERT INTO `pe...', Array, false)
#4 E:\laragon\www\Project-e-Keuangan\system\Model.php(394): CodeIgniter\Database\BaseBuilder->insert()
#5 E:\laragon\www\Project-e-Keuangan\system\BaseModel.php(843): CodeIgniter\Model->doInsert(Array)
#6 E:\laragon\www\Project-e-Keuangan\system\Model.php(800): CodeIgniter\BaseModel->insert(Array, true)
#7 E:\laragon\www\Project-e-Keuangan\app\Commands\GeneratePembayaranGaji.php(35): CodeIgniter\Model->insert(Array)
#8 E:\laragon\www\Project-e-Keuangan\system\CLI\Commands.php(74): App\Commands\GeneratePembayaranGaji->run(Array)
#9 E:\laragon\www\Project-e-Keuangan\system\CLI\Console.php(47): CodeIgniter\CLI\Commands->run('gaji:generate-p...', Array)
#10 E:\laragon\www\Project-e-Keuangan\system\Boot.php(360): CodeIgniter\CLI\Console->run()
#11 E:\laragon\www\Project-e-Keuangan\system\Boot.php(104): CodeIgniter\Boot::runCommand(Object(CodeIgniter\CLI\Console))
#12 E:\laragon\www\Project-e-Keuangan\spark(87): CodeIgniter\Boot::bootSpark(Object(Config\Paths))
#13 {main}
CRITICAL - 2025-12-09 17:19:03 --> CodeIgniter\Database\Exceptions\DatabaseException: Column 'tanggal_bayar' cannot be null
[Method: CLI, Route: gaji:generate-pembayaran]
in SYSTEMPATH\Database\BaseConnection.php on line 692.
 1 SYSTEMPATH\Database\BaseBuilder.php(2345): CodeIgniter\Database\BaseConnection->query('INSERT INTO `pembayaran_gaji` (`id_gaji`, `tanggal_bayar`, `status_pembayaran`, `created_at`, `updated_at`) VALUES (:id_gaji:, :tanggal_bayar:, :status_pembayaran:, :created_at:, :updated_at:)', [...], false)
 2 SYSTEMPATH\Model.php(394): CodeIgniter\Database\BaseBuilder->insert()
 3 SYSTEMPATH\BaseModel.php(843): CodeIgniter\Model->doInsert([...])
 4 SYSTEMPATH\Model.php(800): CodeIgniter\BaseModel->insert([...], true)
 5 APPPATH\Commands\GeneratePembayaranGaji.php(35): CodeIgniter\Model->insert([...])
 6 SYSTEMPATH\CLI\Commands.php(74): App\Commands\GeneratePembayaranGaji->run([])
 7 SYSTEMPATH\CLI\Console.php(47): CodeIgniter\CLI\Commands->run('gaji:generate-pembayaran', [])
 8 SYSTEMPATH\Boot.php(360): CodeIgniter\CLI\Console->run()
 9 SYSTEMPATH\Boot.php(104): CodeIgniter\Boot::runCommand(Object(CodeIgniter\CLI\Console))
10 ROOTPATH\spark(87): CodeIgniter\Boot::bootSpark(Object(Config\Paths))
CRITICAL - 2025-12-09 17:19:03 --> [Caused by] CodeIgniter\Database\Exceptions\DatabaseException: Column 'tanggal_bayar' cannot be null
in SYSTEMPATH\Database\MySQLi\Connection.php on line 332.
 1 SYSTEMPATH\Database\BaseConnection.php(738): CodeIgniter\Database\MySQLi\Connection->execute('INSERT INTO `pembayaran_gaji` (`id_gaji`, `tanggal_bayar`, `status_pembayaran`, `created_at`, `updated_at`) VALUES (\'2\', NULL, \'Belum Lunas\', \'2025-12-09 17:19:03\', \'2025-12-09 17:19:03\')')
 2 SYSTEMPATH\Database\BaseConnection.php(652): CodeIgniter\Database\BaseConnection->simpleQuery('INSERT INTO `pembayaran_gaji` (`id_gaji`, `tanggal_bayar`, `status_pembayaran`, `created_at`, `updated_at`) VALUES (\'2\', NULL, \'Belum Lunas\', \'2025-12-09 17:19:03\', \'2025-12-09 17:19:03\')')
 3 SYSTEMPATH\Database\BaseBuilder.php(2345): CodeIgniter\Database\BaseConnection->query('INSERT INTO `pembayaran_gaji` (`id_gaji`, `tanggal_bayar`, `status_pembayaran`, `created_at`, `updated_at`) VALUES (:id_gaji:, :tanggal_bayar:, :status_pembayaran:, :created_at:, :updated_at:)', [...], false)
 4 SYSTEMPATH\Model.php(394): CodeIgniter\Database\BaseBuilder->insert()
 5 SYSTEMPATH\BaseModel.php(843): CodeIgniter\Model->doInsert([...])
 6 SYSTEMPATH\Model.php(800): CodeIgniter\BaseModel->insert([...], true)
 7 APPPATH\Commands\GeneratePembayaranGaji.php(35): CodeIgniter\Model->insert([...])
 8 SYSTEMPATH\CLI\Commands.php(74): App\Commands\GeneratePembayaranGaji->run([])
 9 SYSTEMPATH\CLI\Console.php(47): CodeIgniter\CLI\Commands->run('gaji:generate-pembayaran', [])
10 SYSTEMPATH\Boot.php(360): CodeIgniter\CLI\Console->run()
11 SYSTEMPATH\Boot.php(104): CodeIgniter\Boot::runCommand(Object(CodeIgniter\CLI\Console))
12 ROOTPATH\spark(87): CodeIgniter\Boot::bootSpark(Object(Config\Paths))
CRITICAL - 2025-12-09 17:19:03 --> [Caused by] mysqli_sql_exception: Column 'tanggal_bayar' cannot be null
in SYSTEMPATH\Database\MySQLi\Connection.php on line 327.
 1 SYSTEMPATH\Database\MySQLi\Connection.php(327): mysqli->query('INSERT INTO `pembayaran_gaji` (`id_gaji`, `tanggal_bayar`, `status_pembayaran`, `created_at`, `updated_at`) VALUES (\'2\', NULL, \'Belum Lunas\', \'2025-12-09 17:19:03\', \'2025-12-09 17:19:03\')', 0)
 2 SYSTEMPATH\Database\BaseConnection.php(738): CodeIgniter\Database\MySQLi\Connection->execute('INSERT INTO `pembayaran_gaji` (`id_gaji`, `tanggal_bayar`, `status_pembayaran`, `created_at`, `updated_at`) VALUES (\'2\', NULL, \'Belum Lunas\', \'2025-12-09 17:19:03\', \'2025-12-09 17:19:03\')')
 3 SYSTEMPATH\Database\BaseConnection.php(652): CodeIgniter\Database\BaseConnection->simpleQuery('INSERT INTO `pembayaran_gaji` (`id_gaji`, `tanggal_bayar`, `status_pembayaran`, `created_at`, `updated_at`) VALUES (\'2\', NULL, \'Belum Lunas\', \'2025-12-09 17:19:03\', \'2025-12-09 17:19:03\')')
 4 SYSTEMPATH\Database\BaseBuilder.php(2345): CodeIgniter\Database\BaseConnection->query('INSERT INTO `pembayaran_gaji` (`id_gaji`, `tanggal_bayar`, `status_pembayaran`, `created_at`, `updated_at`) VALUES (:id_gaji:, :tanggal_bayar:, :status_pembayaran:, :created_at:, :updated_at:)', [...], false)
 5 SYSTEMPATH\Model.php(394): CodeIgniter\Database\BaseBuilder->insert()
 6 SYSTEMPATH\BaseModel.php(843): CodeIgniter\Model->doInsert([...])
 7 SYSTEMPATH\Model.php(800): CodeIgniter\BaseModel->insert([...], true)
 8 APPPATH\Commands\GeneratePembayaranGaji.php(35): CodeIgniter\Model->insert([...])
 9 SYSTEMPATH\CLI\Commands.php(74): App\Commands\GeneratePembayaranGaji->run([])
10 SYSTEMPATH\CLI\Console.php(47): CodeIgniter\CLI\Commands->run('gaji:generate-pembayaran', [])
11 SYSTEMPATH\Boot.php(360): CodeIgniter\CLI\Console->run()
12 SYSTEMPATH\Boot.php(104): CodeIgniter\Boot::runCommand(Object(CodeIgniter\CLI\Console))
13 ROOTPATH\spark(87): CodeIgniter\Boot::bootSpark(Object(Config\Paths))
ERROR - 2025-12-09 17:19:34 --> mysqli_sql_exception: Column 'tanggal_bayar' cannot be null in E:\laragon\www\Project-e-Keuangan\system\Database\MySQLi\Connection.php:327
Stack trace:
#0 E:\laragon\www\Project-e-Keuangan\system\Database\MySQLi\Connection.php(327): mysqli->query('INSERT INTO `pe...', 0)
#1 E:\laragon\www\Project-e-Keuangan\system\Database\BaseConnection.php(738): CodeIgniter\Database\MySQLi\Connection->execute('INSERT INTO `pe...')
#2 E:\laragon\www\Project-e-Keuangan\system\Database\BaseConnection.php(652): CodeIgniter\Database\BaseConnection->simpleQuery('INSERT INTO `pe...')
#3 E:\laragon\www\Project-e-Keuangan\system\Database\BaseBuilder.php(2345): CodeIgniter\Database\BaseConnection->query('INSERT INTO `pe...', Array, false)
#4 E:\laragon\www\Project-e-Keuangan\system\Model.php(394): CodeIgniter\Database\BaseBuilder->insert()
#5 E:\laragon\www\Project-e-Keuangan\system\BaseModel.php(843): CodeIgniter\Model->doInsert(Array)
#6 E:\laragon\www\Project-e-Keuangan\system\Model.php(800): CodeIgniter\BaseModel->insert(Array, true)
#7 E:\laragon\www\Project-e-Keuangan\app\Commands\GeneratePembayaranGaji.php(35): CodeIgniter\Model->insert(Array)
#8 E:\laragon\www\Project-e-Keuangan\system\CLI\Commands.php(74): App\Commands\GeneratePembayaranGaji->run(Array)
#9 E:\laragon\www\Project-e-Keuangan\system\CLI\Console.php(47): CodeIgniter\CLI\Commands->run('gaji:generate-p...', Array)
#10 E:\laragon\www\Project-e-Keuangan\system\Boot.php(360): CodeIgniter\CLI\Console->run()
#11 E:\laragon\www\Project-e-Keuangan\system\Boot.php(104): CodeIgniter\Boot::runCommand(Object(CodeIgniter\CLI\Console))
#12 E:\laragon\www\Project-e-Keuangan\spark(87): CodeIgniter\Boot::bootSpark(Object(Config\Paths))
#13 {main}
CRITICAL - 2025-12-09 17:19:34 --> CodeIgniter\Database\Exceptions\DatabaseException: Column 'tanggal_bayar' cannot be null
[Method: CLI, Route: gaji:generate-pembayaran]
in SYSTEMPATH\Database\BaseConnection.php on line 692.
 1 SYSTEMPATH\Database\BaseBuilder.php(2345): CodeIgniter\Database\BaseConnection->query('INSERT INTO `pembayaran_gaji` (`id_gaji`, `tanggal_bayar`, `status_pembayaran`, `created_at`, `updated_at`) VALUES (:id_gaji:, :tanggal_bayar:, :status_pembayaran:, :created_at:, :updated_at:)', [...], false)
 2 SYSTEMPATH\Model.php(394): CodeIgniter\Database\BaseBuilder->insert()
 3 SYSTEMPATH\BaseModel.php(843): CodeIgniter\Model->doInsert([...])
 4 SYSTEMPATH\Model.php(800): CodeIgniter\BaseModel->insert([...], true)
 5 APPPATH\Commands\GeneratePembayaranGaji.php(35): CodeIgniter\Model->insert([...])
 6 SYSTEMPATH\CLI\Commands.php(74): App\Commands\GeneratePembayaranGaji->run([])
 7 SYSTEMPATH\CLI\Console.php(47): CodeIgniter\CLI\Commands->run('gaji:generate-pembayaran', [])
 8 SYSTEMPATH\Boot.php(360): CodeIgniter\CLI\Console->run()
 9 SYSTEMPATH\Boot.php(104): CodeIgniter\Boot::runCommand(Object(CodeIgniter\CLI\Console))
10 ROOTPATH\spark(87): CodeIgniter\Boot::bootSpark(Object(Config\Paths))
CRITICAL - 2025-12-09 17:19:34 --> [Caused by] CodeIgniter\Database\Exceptions\DatabaseException: Column 'tanggal_bayar' cannot be null
in SYSTEMPATH\Database\MySQLi\Connection.php on line 332.
 1 SYSTEMPATH\Database\BaseConnection.php(738): CodeIgniter\Database\MySQLi\Connection->execute('INSERT INTO `pembayaran_gaji` (`id_gaji`, `tanggal_bayar`, `status_pembayaran`, `created_at`, `updated_at`) VALUES (\'2\', NULL, \'Belum Lunas\', \'2025-12-09 17:19:34\', \'2025-12-09 17:19:34\')')
 2 SYSTEMPATH\Database\BaseConnection.php(652): CodeIgniter\Database\BaseConnection->simpleQuery('INSERT INTO `pembayaran_gaji` (`id_gaji`, `tanggal_bayar`, `status_pembayaran`, `created_at`, `updated_at`) VALUES (\'2\', NULL, \'Belum Lunas\', \'2025-12-09 17:19:34\', \'2025-12-09 17:19:34\')')
 3 SYSTEMPATH\Database\BaseBuilder.php(2345): CodeIgniter\Database\BaseConnection->query('INSERT INTO `pembayaran_gaji` (`id_gaji`, `tanggal_bayar`, `status_pembayaran`, `created_at`, `updated_at`) VALUES (:id_gaji:, :tanggal_bayar:, :status_pembayaran:, :created_at:, :updated_at:)', [...], false)
 4 SYSTEMPATH\Model.php(394): CodeIgniter\Database\BaseBuilder->insert()
 5 SYSTEMPATH\BaseModel.php(843): CodeIgniter\Model->doInsert([...])
 6 SYSTEMPATH\Model.php(800): CodeIgniter\BaseModel->insert([...], true)
 7 APPPATH\Commands\GeneratePembayaranGaji.php(35): CodeIgniter\Model->insert([...])
 8 SYSTEMPATH\CLI\Commands.php(74): App\Commands\GeneratePembayaranGaji->run([])
 9 SYSTEMPATH\CLI\Console.php(47): CodeIgniter\CLI\Commands->run('gaji:generate-pembayaran', [])
10 SYSTEMPATH\Boot.php(360): CodeIgniter\CLI\Console->run()
11 SYSTEMPATH\Boot.php(104): CodeIgniter\Boot::runCommand(Object(CodeIgniter\CLI\Console))
12 ROOTPATH\spark(87): CodeIgniter\Boot::bootSpark(Object(Config\Paths))
CRITICAL - 2025-12-09 17:19:34 --> [Caused by] mysqli_sql_exception: Column 'tanggal_bayar' cannot be null
in SYSTEMPATH\Database\MySQLi\Connection.php on line 327.
 1 SYSTEMPATH\Database\MySQLi\Connection.php(327): mysqli->query('INSERT INTO `pembayaran_gaji` (`id_gaji`, `tanggal_bayar`, `status_pembayaran`, `created_at`, `updated_at`) VALUES (\'2\', NULL, \'Belum Lunas\', \'2025-12-09 17:19:34\', \'2025-12-09 17:19:34\')', 0)
 2 SYSTEMPATH\Database\BaseConnection.php(738): CodeIgniter\Database\MySQLi\Connection->execute('INSERT INTO `pembayaran_gaji` (`id_gaji`, `tanggal_bayar`, `status_pembayaran`, `created_at`, `updated_at`) VALUES (\'2\', NULL, \'Belum Lunas\', \'2025-12-09 17:19:34\', \'2025-12-09 17:19:34\')')
 3 SYSTEMPATH\Database\BaseConnection.php(652): CodeIgniter\Database\BaseConnection->simpleQuery('INSERT INTO `pembayaran_gaji` (`id_gaji`, `tanggal_bayar`, `status_pembayaran`, `created_at`, `updated_at`) VALUES (\'2\', NULL, \'Belum Lunas\', \'2025-12-09 17:19:34\', \'2025-12-09 17:19:34\')')
 4 SYSTEMPATH\Database\BaseBuilder.php(2345): CodeIgniter\Database\BaseConnection->query('INSERT INTO `pembayaran_gaji` (`id_gaji`, `tanggal_bayar`, `status_pembayaran`, `created_at`, `updated_at`) VALUES (:id_gaji:, :tanggal_bayar:, :status_pembayaran:, :created_at:, :updated_at:)', [...], false)
 5 SYSTEMPATH\Model.php(394): CodeIgniter\Database\BaseBuilder->insert()
 6 SYSTEMPATH\BaseModel.php(843): CodeIgniter\Model->doInsert([...])
 7 SYSTEMPATH\Model.php(800): CodeIgniter\BaseModel->insert([...], true)
 8 APPPATH\Commands\GeneratePembayaranGaji.php(35): CodeIgniter\Model->insert([...])
 9 SYSTEMPATH\CLI\Commands.php(74): App\Commands\GeneratePembayaranGaji->run([])
10 SYSTEMPATH\CLI\Console.php(47): CodeIgniter\CLI\Commands->run('gaji:generate-pembayaran', [])
11 SYSTEMPATH\Boot.php(360): CodeIgniter\CLI\Console->run()
12 SYSTEMPATH\Boot.php(104): CodeIgniter\Boot::runCommand(Object(CodeIgniter\CLI\Console))
13 ROOTPATH\spark(87): CodeIgniter\Boot::bootSpark(Object(Config\Paths))
ERROR - 2025-12-09 17:21:16 --> mysqli_sql_exception: Column 'tanggal_bayar' cannot be null in E:\laragon\www\Project-e-Keuangan\system\Database\MySQLi\Connection.php:327
Stack trace:
#0 E:\laragon\www\Project-e-Keuangan\system\Database\MySQLi\Connection.php(327): mysqli->query('INSERT INTO `pe...', 0)
#1 E:\laragon\www\Project-e-Keuangan\system\Database\BaseConnection.php(738): CodeIgniter\Database\MySQLi\Connection->execute('INSERT INTO `pe...')
#2 E:\laragon\www\Project-e-Keuangan\system\Database\BaseConnection.php(652): CodeIgniter\Database\BaseConnection->simpleQuery('INSERT INTO `pe...')
#3 E:\laragon\www\Project-e-Keuangan\system\Database\BaseBuilder.php(2345): CodeIgniter\Database\BaseConnection->query('INSERT INTO `pe...', Array, false)
#4 E:\laragon\www\Project-e-Keuangan\system\Model.php(394): CodeIgniter\Database\BaseBuilder->insert()
#5 E:\laragon\www\Project-e-Keuangan\system\BaseModel.php(843): CodeIgniter\Model->doInsert(Array)
#6 E:\laragon\www\Project-e-Keuangan\system\Model.php(800): CodeIgniter\BaseModel->insert(Array, true)
#7 E:\laragon\www\Project-e-Keuangan\app\Commands\GeneratePembayaranGaji.php(35): CodeIgniter\Model->insert(Array)
#8 E:\laragon\www\Project-e-Keuangan\system\CLI\Commands.php(74): App\Commands\GeneratePembayaranGaji->run(Array)
#9 E:\laragon\www\Project-e-Keuangan\system\CLI\Console.php(47): CodeIgniter\CLI\Commands->run('gaji:generate-p...', Array)
#10 E:\laragon\www\Project-e-Keuangan\system\Boot.php(360): CodeIgniter\CLI\Console->run()
#11 E:\laragon\www\Project-e-Keuangan\system\Boot.php(104): CodeIgniter\Boot::runCommand(Object(CodeIgniter\CLI\Console))
#12 E:\laragon\www\Project-e-Keuangan\spark(87): CodeIgniter\Boot::bootSpark(Object(Config\Paths))
#13 {main}
CRITICAL - 2025-12-09 17:21:16 --> CodeIgniter\Database\Exceptions\DatabaseException: Column 'tanggal_bayar' cannot be null
[Method: CLI, Route: gaji:generate-pembayaran]
in SYSTEMPATH\Database\BaseConnection.php on line 692.
 1 SYSTEMPATH\Database\BaseBuilder.php(2345): CodeIgniter\Database\BaseConnection->query('INSERT INTO `pembayaran_gaji` (`id_gaji`, `tanggal_bayar`, `status_pembayaran`, `created_at`, `updated_at`) VALUES (:id_gaji:, :tanggal_bayar:, :status_pembayaran:, :created_at:, :updated_at:)', [...], false)
 2 SYSTEMPATH\Model.php(394): CodeIgniter\Database\BaseBuilder->insert()
 3 SYSTEMPATH\BaseModel.php(843): CodeIgniter\Model->doInsert([...])
 4 SYSTEMPATH\Model.php(800): CodeIgniter\BaseModel->insert([...], true)
 5 APPPATH\Commands\GeneratePembayaranGaji.php(35): CodeIgniter\Model->insert([...])
 6 SYSTEMPATH\CLI\Commands.php(74): App\Commands\GeneratePembayaranGaji->run([])
 7 SYSTEMPATH\CLI\Console.php(47): CodeIgniter\CLI\Commands->run('gaji:generate-pembayaran', [])
 8 SYSTEMPATH\Boot.php(360): CodeIgniter\CLI\Console->run()
 9 SYSTEMPATH\Boot.php(104): CodeIgniter\Boot::runCommand(Object(CodeIgniter\CLI\Console))
10 ROOTPATH\spark(87): CodeIgniter\Boot::bootSpark(Object(Config\Paths))
CRITICAL - 2025-12-09 17:21:16 --> [Caused by] CodeIgniter\Database\Exceptions\DatabaseException: Column 'tanggal_bayar' cannot be null
in SYSTEMPATH\Database\MySQLi\Connection.php on line 332.
 1 SYSTEMPATH\Database\BaseConnection.php(738): CodeIgniter\Database\MySQLi\Connection->execute('INSERT INTO `pembayaran_gaji` (`id_gaji`, `tanggal_bayar`, `status_pembayaran`, `created_at`, `updated_at`) VALUES (\'2\', NULL, \'Belum Lunas\', \'2025-12-09 17:21:16\', \'2025-12-09 17:21:16\')')
 2 SYSTEMPATH\Database\BaseConnection.php(652): CodeIgniter\Database\BaseConnection->simpleQuery('INSERT INTO `pembayaran_gaji` (`id_gaji`, `tanggal_bayar`, `status_pembayaran`, `created_at`, `updated_at`) VALUES (\'2\', NULL, \'Belum Lunas\', \'2025-12-09 17:21:16\', \'2025-12-09 17:21:16\')')
 3 SYSTEMPATH\Database\BaseBuilder.php(2345): CodeIgniter\Database\BaseConnection->query('INSERT INTO `pembayaran_gaji` (`id_gaji`, `tanggal_bayar`, `status_pembayaran`, `created_at`, `updated_at`) VALUES (:id_gaji:, :tanggal_bayar:, :status_pembayaran:, :created_at:, :updated_at:)', [...], false)
 4 SYSTEMPATH\Model.php(394): CodeIgniter\Database\BaseBuilder->insert()
 5 SYSTEMPATH\BaseModel.php(843): CodeIgniter\Model->doInsert([...])
 6 SYSTEMPATH\Model.php(800): CodeIgniter\BaseModel->insert([...], true)
 7 APPPATH\Commands\GeneratePembayaranGaji.php(35): CodeIgniter\Model->insert([...])
 8 SYSTEMPATH\CLI\Commands.php(74): App\Commands\GeneratePembayaranGaji->run([])
 9 SYSTEMPATH\CLI\Console.php(47): CodeIgniter\CLI\Commands->run('gaji:generate-pembayaran', [])
10 SYSTEMPATH\Boot.php(360): CodeIgniter\CLI\Console->run()
11 SYSTEMPATH\Boot.php(104): CodeIgniter\Boot::runCommand(Object(CodeIgniter\CLI\Console))
12 ROOTPATH\spark(87): CodeIgniter\Boot::bootSpark(Object(Config\Paths))
CRITICAL - 2025-12-09 17:21:16 --> [Caused by] mysqli_sql_exception: Column 'tanggal_bayar' cannot be null
in SYSTEMPATH\Database\MySQLi\Connection.php on line 327.
 1 SYSTEMPATH\Database\MySQLi\Connection.php(327): mysqli->query('INSERT INTO `pembayaran_gaji` (`id_gaji`, `tanggal_bayar`, `status_pembayaran`, `created_at`, `updated_at`) VALUES (\'2\', NULL, \'Belum Lunas\', \'2025-12-09 17:21:16\', \'2025-12-09 17:21:16\')', 0)
 2 SYSTEMPATH\Database\BaseConnection.php(738): CodeIgniter\Database\MySQLi\Connection->execute('INSERT INTO `pembayaran_gaji` (`id_gaji`, `tanggal_bayar`, `status_pembayaran`, `created_at`, `updated_at`) VALUES (\'2\', NULL, \'Belum Lunas\', \'2025-12-09 17:21:16\', \'2025-12-09 17:21:16\')')
 3 SYSTEMPATH\Database\BaseConnection.php(652): CodeIgniter\Database\BaseConnection->simpleQuery('INSERT INTO `pembayaran_gaji` (`id_gaji`, `tanggal_bayar`, `status_pembayaran`, `created_at`, `updated_at`) VALUES (\'2\', NULL, \'Belum Lunas\', \'2025-12-09 17:21:16\', \'2025-12-09 17:21:16\')')
 4 SYSTEMPATH\Database\BaseBuilder.php(2345): CodeIgniter\Database\BaseConnection->query('INSERT INTO `pembayaran_gaji` (`id_gaji`, `tanggal_bayar`, `status_pembayaran`, `created_at`, `updated_at`) VALUES (:id_gaji:, :tanggal_bayar:, :status_pembayaran:, :created_at:, :updated_at:)', [...], false)
 5 SYSTEMPATH\Model.php(394): CodeIgniter\Database\BaseBuilder->insert()
 6 SYSTEMPATH\BaseModel.php(843): CodeIgniter\Model->doInsert([...])
 7 SYSTEMPATH\Model.php(800): CodeIgniter\BaseModel->insert([...], true)
 8 APPPATH\Commands\GeneratePembayaranGaji.php(35): CodeIgniter\Model->insert([...])
 9 SYSTEMPATH\CLI\Commands.php(74): App\Commands\GeneratePembayaranGaji->run([])
10 SYSTEMPATH\CLI\Console.php(47): CodeIgniter\CLI\Commands->run('gaji:generate-pembayaran', [])
11 SYSTEMPATH\Boot.php(360): CodeIgniter\CLI\Console->run()
12 SYSTEMPATH\Boot.php(104): CodeIgniter\Boot::runCommand(Object(CodeIgniter\CLI\Console))
13 ROOTPATH\spark(87): CodeIgniter\Boot::bootSpark(Object(Config\Paths))
ERROR - 2025-12-09 17:23:06 --> Error connecting to the database: mysqli_sql_exception: No connection could be made because the target machine actively refused it in E:\laragon\www\Project-e-Keuangan\system\Database\MySQLi\Connection.php:201
Stack trace:
#0 E:\laragon\www\Project-e-Keuangan\system\Database\MySQLi\Connection.php(201): mysqli->real_connect('127.0.0.1', 'root', Object(SensitiveParameterValue), 'ci_keuangan', 3306, '', 0)
#1 E:\laragon\www\Project-e-Keuangan\system\Database\BaseConnection.php(421): CodeIgniter\Database\MySQLi\Connection->connect(false)
#2 E:\laragon\www\Project-e-Keuangan\system\Database\BaseConnection.php(620): CodeIgniter\Database\BaseConnection->initialize()
#3 E:\laragon\www\Project-e-Keuangan\system\Database\BaseBuilder.php(1649): CodeIgniter\Database\BaseConnection->query('SELECT *\nFROM `...', Array, false)
#4 E:\laragon\www\Project-e-Keuangan\system\Model.php(286): CodeIgniter\Database\BaseBuilder->get()
#5 E:\laragon\www\Project-e-Keuangan\system\BaseModel.php(679): CodeIgniter\Model->doFindAll(0, 0)
#6 E:\laragon\www\Project-e-Keuangan\app\Commands\GeneratePembayaranGaji.php(24): CodeIgniter\BaseModel->findAll()
#7 E:\laragon\www\Project-e-Keuangan\system\CLI\Commands.php(74): App\Commands\GeneratePembayaranGaji->run(Array)
#8 E:\laragon\www\Project-e-Keuangan\system\CLI\Console.php(47): CodeIgniter\CLI\Commands->run('gaji:generate-p...', Array)
#9 E:\laragon\www\Project-e-Keuangan\system\Boot.php(360): CodeIgniter\CLI\Console->run()
#10 E:\laragon\www\Project-e-Keuangan\system\Boot.php(104): CodeIgniter\Boot::runCommand(Object(CodeIgniter\CLI\Console))
#11 E:\laragon\www\Project-e-Keuangan\spark(87): CodeIgniter\Boot::bootSpark(Object(Config\Paths))
#12 {main}

Next CodeIgniter\Database\Exceptions\DatabaseException: No connection could be made because the target machine actively refused it in E:\laragon\www\Project-e-Keuangan\system\Database\MySQLi\Connection.php:246
Stack trace:
#0 E:\laragon\www\Project-e-Keuangan\system\Database\BaseConnection.php(421): CodeIgniter\Database\MySQLi\Connection->connect(false)
#1 E:\laragon\www\Project-e-Keuangan\system\Database\BaseConnection.php(620): CodeIgniter\Database\BaseConnection->initialize()
#2 E:\laragon\www\Project-e-Keuangan\system\Database\BaseBuilder.php(1649): CodeIgniter\Database\BaseConnection->query('SELECT *\nFROM `...', Array, false)
#3 E:\laragon\www\Project-e-Keuangan\system\Model.php(286): CodeIgniter\Database\BaseBuilder->get()
#4 E:\laragon\www\Project-e-Keuangan\system\BaseModel.php(679): CodeIgniter\Model->doFindAll(0, 0)
#5 E:\laragon\www\Project-e-Keuangan\app\Commands\GeneratePembayaranGaji.php(24): CodeIgniter\BaseModel->findAll()
#6 E:\laragon\www\Project-e-Keuangan\system\CLI\Commands.php(74): App\Commands\GeneratePembayaranGaji->run(Array)
#7 E:\laragon\www\Project-e-Keuangan\system\CLI\Console.php(47): CodeIgniter\CLI\Commands->run('gaji:generate-p...', Array)
#8 E:\laragon\www\Project-e-Keuangan\system\Boot.php(360): CodeIgniter\CLI\Console->run()
#9 E:\laragon\www\Project-e-Keuangan\system\Boot.php(104): CodeIgniter\Boot::runCommand(Object(CodeIgniter\CLI\Console))
#10 E:\laragon\www\Project-e-Keuangan\spark(87): CodeIgniter\Boot::bootSpark(Object(Config\Paths))
#11 {main}
CRITICAL - 2025-12-09 17:23:06 --> CodeIgniter\Database\Exceptions\DatabaseException: Unable to connect to the database.
Main connection [MySQLi]: No connection could be made because the target machine actively refused it
[Method: CLI, Route: gaji:generate-pembayaran]
in SYSTEMPATH\Database\BaseConnection.php on line 467.
 1 SYSTEMPATH\Database\BaseConnection.php(620): CodeIgniter\Database\BaseConnection->initialize()
 2 SYSTEMPATH\Database\BaseBuilder.php(1649): CodeIgniter\Database\BaseConnection->query('SELECT *
FROM `gaji`', [], false)
 3 SYSTEMPATH\Model.php(286): CodeIgniter\Database\BaseBuilder->get()
 4 SYSTEMPATH\BaseModel.php(679): CodeIgniter\Model->doFindAll(0, 0)
 5 APPPATH\Commands\GeneratePembayaranGaji.php(24): CodeIgniter\BaseModel->findAll()
 6 SYSTEMPATH\CLI\Commands.php(74): App\Commands\GeneratePembayaranGaji->run([])
 7 SYSTEMPATH\CLI\Console.php(47): CodeIgniter\CLI\Commands->run('gaji:generate-pembayaran', [])
 8 SYSTEMPATH\Boot.php(360): CodeIgniter\CLI\Console->run()
 9 SYSTEMPATH\Boot.php(104): CodeIgniter\Boot::runCommand(Object(CodeIgniter\CLI\Console))
10 ROOTPATH\spark(87): CodeIgniter\Boot::bootSpark(Object(Config\Paths))
