CRITICAL - 2025-10-14 18:50:39 --> CodeIgniter\View\Exceptions\ViewException: Invalid file: "admin/Edits/edit-data-kas-semester.php"
[Method: GET, Route: data-kas/edit-semester/1]
in SYSTEMPATH/Exceptions/FrameworkException.php on line 39.
 1 SYSTEMPATH/View/View.php(212): CodeIgniter\Exceptions\FrameworkException::forInvalidFile()
 2 SYSTEMPATH/Common.php(1173): CodeIgniter\View\View->render()
 3 APPPATH/Controllers/SemesterController.php(108): view()
 4 SYSTEMPATH/CodeIgniter.php(933): App\Controllers\SemesterController->editSemester()
 5 SYSTEMPATH/CodeIgniter.php(507): CodeIgniter\CodeIgniter->runController()
 6 SYSTEMPATH/CodeIgniter.php(354): CodeIgniter\CodeIgniter->handleRequest()
 7 SYSTEMPATH/Boot.php(334): CodeIgniter\CodeIgniter->run()
 8 SYSTEMPATH/Boot.php(67): CodeIgniter\Boot::runCodeIgniter()
 9 FCPATH/index.php(59): CodeIgniter\Boot::bootWeb()
10 SYSTEMPATH/rewrite.php(44): require_once('/home/zreis/Downloads/Project/Project-e-Keuangan/public/index.php')
CRITICAL - 2025-10-14 18:56:04 --> ErrorException: Undefined variable $siswa
[Method: GET, Route: data-kas/edit-semester/1]
in APPPATH/Views/admin/Edits/edit-data-kas-semester.php on line 31.
 1 APPPATH/Views/admin/Edits/edit-data-kas-semester.php(31): CodeIgniter\Debug\Exceptions->errorHandler()
 2 SYSTEMPATH/View/View.php(224): include('/home/zreis/Downloads/Project/Project-e-Keuangan/app/Views/admin/Edits/edit-data-kas-semester.php')
 3 SYSTEMPATH/View/View.php(227): CodeIgniter\View\View->{closure:CodeIgniter\View\View::render():221}()
 4 SYSTEMPATH/Common.php(1173): CodeIgniter\View\View->render()
 5 APPPATH/Controllers/SemesterController.php(112): view()
 6 SYSTEMPATH/CodeIgniter.php(933): App\Controllers\SemesterController->editSemester()
 7 SYSTEMPATH/CodeIgniter.php(507): CodeIgniter\CodeIgniter->runController()
 8 SYSTEMPATH/CodeIgniter.php(354): CodeIgniter\CodeIgniter->handleRequest()
 9 SYSTEMPATH/Boot.php(334): CodeIgniter\CodeIgniter->run()
10 SYSTEMPATH/Boot.php(67): CodeIgniter\Boot::runCodeIgniter()
11 FCPATH/index.php(59): CodeIgniter\Boot::bootWeb()
12 SYSTEMPATH/rewrite.php(44): require_once('/home/zreis/Downloads/Project/Project-e-Keuangan/public/index.php')
CRITICAL - 2025-10-14 18:56:05 --> ErrorException: Undefined variable $siswa
[Method: GET, Route: data-kas/edit-semester/1]
in APPPATH/Views/admin/Edits/edit-data-kas-semester.php on line 31.
 1 APPPATH/Views/admin/Edits/edit-data-kas-semester.php(31): CodeIgniter\Debug\Exceptions->errorHandler()
 2 SYSTEMPATH/View/View.php(224): include('/home/zreis/Downloads/Project/Project-e-Keuangan/app/Views/admin/Edits/edit-data-kas-semester.php')
 3 SYSTEMPATH/View/View.php(227): CodeIgniter\View\View->{closure:CodeIgniter\View\View::render():221}()
 4 SYSTEMPATH/Common.php(1173): CodeIgniter\View\View->render()
 5 APPPATH/Controllers/SemesterController.php(112): view()
 6 SYSTEMPATH/CodeIgniter.php(933): App\Controllers\SemesterController->editSemester()
 7 SYSTEMPATH/CodeIgniter.php(507): CodeIgniter\CodeIgniter->runController()
 8 SYSTEMPATH/CodeIgniter.php(354): CodeIgniter\CodeIgniter->handleRequest()
 9 SYSTEMPATH/Boot.php(334): CodeIgniter\CodeIgniter->run()
10 SYSTEMPATH/Boot.php(67): CodeIgniter\Boot::runCodeIgniter()
11 FCPATH/index.php(59): CodeIgniter\Boot::bootWeb()
12 SYSTEMPATH/rewrite.php(44): require_once('/home/zreis/Downloads/Project/Project-e-Keuangan/public/index.php')
CRITICAL - 2025-10-14 18:56:05 --> ErrorException: Undefined variable $siswa
[Method: GET, Route: data-kas/edit-semester/1]
in APPPATH/Views/admin/Edits/edit-data-kas-semester.php on line 31.
 1 APPPATH/Views/admin/Edits/edit-data-kas-semester.php(31): CodeIgniter\Debug\Exceptions->errorHandler()
 2 SYSTEMPATH/View/View.php(224): include('/home/zreis/Downloads/Project/Project-e-Keuangan/app/Views/admin/Edits/edit-data-kas-semester.php')
 3 SYSTEMPATH/View/View.php(227): CodeIgniter\View\View->{closure:CodeIgniter\View\View::render():221}()
 4 SYSTEMPATH/Common.php(1173): CodeIgniter\View\View->render()
 5 APPPATH/Controllers/SemesterController.php(112): view()
 6 SYSTEMPATH/CodeIgniter.php(933): App\Controllers\SemesterController->editSemester()
 7 SYSTEMPATH/CodeIgniter.php(507): CodeIgniter\CodeIgniter->runController()
 8 SYSTEMPATH/CodeIgniter.php(354): CodeIgniter\CodeIgniter->handleRequest()
 9 SYSTEMPATH/Boot.php(334): CodeIgniter\CodeIgniter->run()
10 SYSTEMPATH/Boot.php(67): CodeIgniter\Boot::runCodeIgniter()
11 FCPATH/index.php(59): CodeIgniter\Boot::bootWeb()
12 SYSTEMPATH/rewrite.php(44): require_once('/home/zreis/Downloads/Project/Project-e-Keuangan/public/index.php')
