DEBUG - 2025-09-18 19:01:09 --> Session: Class initialized using 'CodeIgniter\Session\Handlers\FileHandler' driver.
DEBUG - 2025-09-18 19:15:20 --> Session: Class initialized using 'CodeIgniter\Session\Handlers\FileHandler' driver.
ERROR - 2025-09-18 19:21:57 --> mysqli_sql_exception: Table 'users' already exists in /home/zreis/Downloads/Project/Project-e-Keuangan/system/Database/MySQLi/Connection.php:327
Stack trace:
#0 /home/zreis/Downloads/Project/Project-e-Keuangan/system/Database/MySQLi/Connection.php(327): mysqli->query()
#1 /home/zreis/Downloads/Project/Project-e-Keuangan/system/Database/BaseConnection.php(738): CodeIgniter\Database\MySQLi\Connection->execute()
#2 /home/zreis/Downloads/Project/Project-e-Keuangan/system/Database/BaseConnection.php(652): CodeIgniter\Database\BaseConnection->simpleQuery()
#3 /home/zreis/Downloads/Project/Project-e-Keuangan/system/Database/Forge.php(570): CodeIgniter\Database\BaseConnection->query()
#4 /home/zreis/Downloads/Project/Project-e-Keuangan/app/Database/Migrations/2025-09-12-091107_UserMigration.php(64): CodeIgniter\Database\Forge->createTable()
#5 /home/zreis/Downloads/Project/Project-e-Keuangan/system/Database/MigrationRunner.php(876): App\Database\Migrations\CreateUsersTable->up()
#6 /home/zreis/Downloads/Project/Project-e-Keuangan/system/Database/MigrationRunner.php(182): CodeIgniter\Database\MigrationRunner->migrate()
#7 /home/zreis/Downloads/Project/Project-e-Keuangan/system/Commands/Database/Migrate.php(85): CodeIgniter\Database\MigrationRunner->latest()
#8 /home/zreis/Downloads/Project/Project-e-Keuangan/system/CLI/Commands.php(74): CodeIgniter\Commands\Database\Migrate->run()
#9 /home/zreis/Downloads/Project/Project-e-Keuangan/system/CLI/BaseCommand.php(119): CodeIgniter\CLI\Commands->run()
#10 /home/zreis/Downloads/Project/Project-e-Keuangan/system/Commands/Database/MigrateRefresh.php(87): CodeIgniter\CLI\BaseCommand->call()
#11 /home/zreis/Downloads/Project/Project-e-Keuangan/system/CLI/Commands.php(74): CodeIgniter\Commands\Database\MigrateRefresh->run()
#12 /home/zreis/Downloads/Project/Project-e-Keuangan/system/CLI/Console.php(47): CodeIgniter\CLI\Commands->run()
#13 /home/zreis/Downloads/Project/Project-e-Keuangan/system/Boot.php(360): CodeIgniter\CLI\Console->run()
#14 /home/zreis/Downloads/Project/Project-e-Keuangan/system/Boot.php(104): CodeIgniter\Boot::runCommand()
#15 /home/zreis/Downloads/Project/Project-e-Keuangan/spark(87): CodeIgniter\Boot::bootSpark()
#16 {main}
ERROR - 2025-09-18 19:23:44 --> mysqli_sql_exception: Table 'users' already exists in /home/zreis/Downloads/Project/Project-e-Keuangan/system/Database/MySQLi/Connection.php:327
Stack trace:
#0 /home/zreis/Downloads/Project/Project-e-Keuangan/system/Database/MySQLi/Connection.php(327): mysqli->query()
#1 /home/zreis/Downloads/Project/Project-e-Keuangan/system/Database/BaseConnection.php(738): CodeIgniter\Database\MySQLi\Connection->execute()
#2 /home/zreis/Downloads/Project/Project-e-Keuangan/system/Database/BaseConnection.php(652): CodeIgniter\Database\BaseConnection->simpleQuery()
#3 /home/zreis/Downloads/Project/Project-e-Keuangan/system/Database/Forge.php(570): CodeIgniter\Database\BaseConnection->query()
#4 /home/zreis/Downloads/Project/Project-e-Keuangan/app/Database/Migrations/2025-09-12-091107_UserMigration.php(64): CodeIgniter\Database\Forge->createTable()
#5 /home/zreis/Downloads/Project/Project-e-Keuangan/system/Database/MigrationRunner.php(876): App\Database\Migrations\CreateUsersTable->up()
#6 /home/zreis/Downloads/Project/Project-e-Keuangan/system/Database/MigrationRunner.php(182): CodeIgniter\Database\MigrationRunner->migrate()
#7 /home/zreis/Downloads/Project/Project-e-Keuangan/system/Commands/Database/Migrate.php(85): CodeIgniter\Database\MigrationRunner->latest()
#8 /home/zreis/Downloads/Project/Project-e-Keuangan/system/CLI/Commands.php(74): CodeIgniter\Commands\Database\Migrate->run()
#9 /home/zreis/Downloads/Project/Project-e-Keuangan/system/CLI/BaseCommand.php(119): CodeIgniter\CLI\Commands->run()
#10 /home/zreis/Downloads/Project/Project-e-Keuangan/system/Commands/Database/MigrateRefresh.php(87): CodeIgniter\CLI\BaseCommand->call()
#11 /home/zreis/Downloads/Project/Project-e-Keuangan/system/CLI/Commands.php(74): CodeIgniter\Commands\Database\MigrateRefresh->run()
#12 /home/zreis/Downloads/Project/Project-e-Keuangan/system/CLI/Console.php(47): CodeIgniter\CLI\Commands->run()
#13 /home/zreis/Downloads/Project/Project-e-Keuangan/system/Boot.php(360): CodeIgniter\CLI\Console->run()
#14 /home/zreis/Downloads/Project/Project-e-Keuangan/system/Boot.php(104): CodeIgniter\Boot::runCommand()
#15 /home/zreis/Downloads/Project/Project-e-Keuangan/spark(87): CodeIgniter\Boot::bootSpark()
#16 {main}
ERROR - 2025-09-18 19:29:30 --> mysqli_sql_exception: Table 'users' already exists in /home/zreis/Downloads/Project/Project-e-Keuangan/system/Database/MySQLi/Connection.php:327
Stack trace:
#0 /home/zreis/Downloads/Project/Project-e-Keuangan/system/Database/MySQLi/Connection.php(327): mysqli->query()
#1 /home/zreis/Downloads/Project/Project-e-Keuangan/system/Database/BaseConnection.php(738): CodeIgniter\Database\MySQLi\Connection->execute()
#2 /home/zreis/Downloads/Project/Project-e-Keuangan/system/Database/BaseConnection.php(652): CodeIgniter\Database\BaseConnection->simpleQuery()
#3 /home/zreis/Downloads/Project/Project-e-Keuangan/system/Database/Forge.php(570): CodeIgniter\Database\BaseConnection->query()
#4 /home/zreis/Downloads/Project/Project-e-Keuangan/app/Database/Migrations/2025-09-12-091107_UserMigration.php(64): CodeIgniter\Database\Forge->createTable()
#5 /home/zreis/Downloads/Project/Project-e-Keuangan/system/Database/MigrationRunner.php(876): App\Database\Migrations\CreateUsersTable->up()
#6 /home/zreis/Downloads/Project/Project-e-Keuangan/system/Database/MigrationRunner.php(182): CodeIgniter\Database\MigrationRunner->migrate()
#7 /home/zreis/Downloads/Project/Project-e-Keuangan/system/Commands/Database/Migrate.php(85): CodeIgniter\Database\MigrationRunner->latest()
#8 /home/zreis/Downloads/Project/Project-e-Keuangan/system/CLI/Commands.php(74): CodeIgniter\Commands\Database\Migrate->run()
#9 /home/zreis/Downloads/Project/Project-e-Keuangan/system/CLI/BaseCommand.php(119): CodeIgniter\CLI\Commands->run()
#10 /home/zreis/Downloads/Project/Project-e-Keuangan/system/Commands/Database/MigrateRefresh.php(87): CodeIgniter\CLI\BaseCommand->call()
#11 /home/zreis/Downloads/Project/Project-e-Keuangan/system/CLI/Commands.php(74): CodeIgniter\Commands\Database\MigrateRefresh->run()
#12 /home/zreis/Downloads/Project/Project-e-Keuangan/system/CLI/Console.php(47): CodeIgniter\CLI\Commands->run()
#13 /home/zreis/Downloads/Project/Project-e-Keuangan/system/Boot.php(360): CodeIgniter\CLI\Console->run()
#14 /home/zreis/Downloads/Project/Project-e-Keuangan/system/Boot.php(104): CodeIgniter\Boot::runCommand()
#15 /home/zreis/Downloads/Project/Project-e-Keuangan/spark(87): CodeIgniter\Boot::bootSpark()
#16 {main}
ERROR - 2025-09-18 19:31:12 --> mysqli_sql_exception: Table 'ci_keuangan.guru' doesn't exist in /home/zreis/Downloads/Project/Project-e-Keuangan/system/Database/MySQLi/Connection.php:327
Stack trace:
#0 /home/zreis/Downloads/Project/Project-e-Keuangan/system/Database/MySQLi/Connection.php(327): mysqli->query()
#1 /home/zreis/Downloads/Project/Project-e-Keuangan/system/Database/BaseConnection.php(738): CodeIgniter\Database\MySQLi\Connection->execute()
#2 /home/zreis/Downloads/Project/Project-e-Keuangan/system/Database/BaseConnection.php(652): CodeIgniter\Database\BaseConnection->simpleQuery()
#3 /home/zreis/Downloads/Project/Project-e-Keuangan/system/Database/BaseBuilder.php(1649): CodeIgniter\Database\BaseConnection->query()
#4 /home/zreis/Downloads/Project/Project-e-Keuangan/system/Model.php(286): CodeIgniter\Database\BaseBuilder->get()
#5 /home/zreis/Downloads/Project/Project-e-Keuangan/system/BaseModel.php(679): CodeIgniter\Model->doFindAll()
#6 /home/zreis/Downloads/Project/Project-e-Keuangan/app/Models/GuruModel.php(49): CodeIgniter\BaseModel->findAll()
#7 /home/zreis/Downloads/Project/Project-e-Keuangan/app/Controllers/GuruController.php(17): App\Models\GuruModel->getAllGuru()
#8 /home/zreis/Downloads/Project/Project-e-Keuangan/system/CodeIgniter.php(933): App\Controllers\GuruController->index()
#9 /home/zreis/Downloads/Project/Project-e-Keuangan/system/CodeIgniter.php(507): CodeIgniter\CodeIgniter->runController()
#10 /home/zreis/Downloads/Project/Project-e-Keuangan/system/CodeIgniter.php(354): CodeIgniter\CodeIgniter->handleRequest()
#11 /home/zreis/Downloads/Project/Project-e-Keuangan/system/Boot.php(334): CodeIgniter\CodeIgniter->run()
#12 /home/zreis/Downloads/Project/Project-e-Keuangan/system/Boot.php(67): CodeIgniter\Boot::runCodeIgniter()
#13 /home/zreis/Downloads/Project/Project-e-Keuangan/public/index.php(59): CodeIgniter\Boot::bootWeb()
#14 /home/zreis/Downloads/Project/Project-e-Keuangan/system/rewrite.php(44): require_once('...')
#15 {main}
CRITICAL - 2025-09-18 19:31:12 --> CodeIgniter\Database\Exceptions\DatabaseException: Table 'ci_keuangan.guru' doesn't exist
[Method: GET, Route: admin/data-guru]
in SYSTEMPATH/Database/BaseConnection.php on line 692.
 1 SYSTEMPATH/Database/BaseBuilder.php(1649): CodeIgniter\Database\BaseConnection->query()
 2 SYSTEMPATH/Model.php(286): CodeIgniter\Database\BaseBuilder->get()
 3 SYSTEMPATH/BaseModel.php(679): CodeIgniter\Model->doFindAll()
 4 APPPATH/Models/GuruModel.php(49): CodeIgniter\BaseModel->findAll()
 5 APPPATH/Controllers/GuruController.php(17): App\Models\GuruModel->getAllGuru()
 6 SYSTEMPATH/CodeIgniter.php(933): App\Controllers\GuruController->index()
 7 SYSTEMPATH/CodeIgniter.php(507): CodeIgniter\CodeIgniter->runController()
 8 SYSTEMPATH/CodeIgniter.php(354): CodeIgniter\CodeIgniter->handleRequest()
 9 SYSTEMPATH/Boot.php(334): CodeIgniter\CodeIgniter->run()
10 SYSTEMPATH/Boot.php(67): CodeIgniter\Boot::runCodeIgniter()
11 FCPATH/index.php(59): CodeIgniter\Boot::bootWeb()
12 SYSTEMPATH/rewrite.php(44): require_once('/home/zreis/Downloads/Project/Project-e-Keuangan/public/index.php')
CRITICAL - 2025-09-18 19:31:12 --> [Caused by] CodeIgniter\Database\Exceptions\DatabaseException: Table 'ci_keuangan.guru' doesn't exist
in SYSTEMPATH/Database/MySQLi/Connection.php on line 332.
 1 SYSTEMPATH/Database/BaseConnection.php(738): CodeIgniter\Database\MySQLi\Connection->execute()
 2 SYSTEMPATH/Database/BaseConnection.php(652): CodeIgniter\Database\BaseConnection->simpleQuery()
 3 SYSTEMPATH/Database/BaseBuilder.php(1649): CodeIgniter\Database\BaseConnection->query()
 4 SYSTEMPATH/Model.php(286): CodeIgniter\Database\BaseBuilder->get()
 5 SYSTEMPATH/BaseModel.php(679): CodeIgniter\Model->doFindAll()
 6 APPPATH/Models/GuruModel.php(49): CodeIgniter\BaseModel->findAll()
 7 APPPATH/Controllers/GuruController.php(17): App\Models\GuruModel->getAllGuru()
 8 SYSTEMPATH/CodeIgniter.php(933): App\Controllers\GuruController->index()
 9 SYSTEMPATH/CodeIgniter.php(507): CodeIgniter\CodeIgniter->runController()
10 SYSTEMPATH/CodeIgniter.php(354): CodeIgniter\CodeIgniter->handleRequest()
11 SYSTEMPATH/Boot.php(334): CodeIgniter\CodeIgniter->run()
12 SYSTEMPATH/Boot.php(67): CodeIgniter\Boot::runCodeIgniter()
13 FCPATH/index.php(59): CodeIgniter\Boot::bootWeb()
14 SYSTEMPATH/rewrite.php(44): require_once('/home/zreis/Downloads/Project/Project-e-Keuangan/public/index.php')
CRITICAL - 2025-09-18 19:31:12 --> [Caused by] mysqli_sql_exception: Table 'ci_keuangan.guru' doesn't exist
in SYSTEMPATH/Database/MySQLi/Connection.php on line 327.
 1 SYSTEMPATH/Database/MySQLi/Connection.php(327): mysqli->query()
 2 SYSTEMPATH/Database/BaseConnection.php(738): CodeIgniter\Database\MySQLi\Connection->execute()
 3 SYSTEMPATH/Database/BaseConnection.php(652): CodeIgniter\Database\BaseConnection->simpleQuery()
 4 SYSTEMPATH/Database/BaseBuilder.php(1649): CodeIgniter\Database\BaseConnection->query()
 5 SYSTEMPATH/Model.php(286): CodeIgniter\Database\BaseBuilder->get()
 6 SYSTEMPATH/BaseModel.php(679): CodeIgniter\Model->doFindAll()
 7 APPPATH/Models/GuruModel.php(49): CodeIgniter\BaseModel->findAll()
 8 APPPATH/Controllers/GuruController.php(17): App\Models\GuruModel->getAllGuru()
 9 SYSTEMPATH/CodeIgniter.php(933): App\Controllers\GuruController->index()
10 SYSTEMPATH/CodeIgniter.php(507): CodeIgniter\CodeIgniter->runController()
11 SYSTEMPATH/CodeIgniter.php(354): CodeIgniter\CodeIgniter->handleRequest()
12 SYSTEMPATH/Boot.php(334): CodeIgniter\CodeIgniter->run()
13 SYSTEMPATH/Boot.php(67): CodeIgniter\Boot::runCodeIgniter()
14 FCPATH/index.php(59): CodeIgniter\Boot::bootWeb()
15 SYSTEMPATH/rewrite.php(44): require_once('/home/zreis/Downloads/Project/Project-e-Keuangan/public/index.php')
ERROR - 2025-09-18 19:31:30 --> mysqli_sql_exception: Duplicate key name 'username' in /home/zreis/Downloads/Project/Project-e-Keuangan/system/Database/MySQLi/Connection.php:327
Stack trace:
#0 /home/zreis/Downloads/Project/Project-e-Keuangan/system/Database/MySQLi/Connection.php(327): mysqli->query()
#1 /home/zreis/Downloads/Project/Project-e-Keuangan/system/Database/BaseConnection.php(738): CodeIgniter\Database\MySQLi\Connection->execute()
#2 /home/zreis/Downloads/Project/Project-e-Keuangan/system/Database/BaseConnection.php(652): CodeIgniter\Database\BaseConnection->simpleQuery()
#3 /home/zreis/Downloads/Project/Project-e-Keuangan/system/Database/Forge.php(570): CodeIgniter\Database\BaseConnection->query()
#4 /home/zreis/Downloads/Project/Project-e-Keuangan/app/Database/Migrations/2025-09-12-091107_UserMigration.php(64): CodeIgniter\Database\Forge->createTable()
#5 /home/zreis/Downloads/Project/Project-e-Keuangan/system/Database/MigrationRunner.php(876): App\Database\Migrations\CreateUsersTable->up()
#6 /home/zreis/Downloads/Project/Project-e-Keuangan/system/Database/MigrationRunner.php(182): CodeIgniter\Database\MigrationRunner->migrate()
#7 /home/zreis/Downloads/Project/Project-e-Keuangan/system/Commands/Database/Migrate.php(85): CodeIgniter\Database\MigrationRunner->latest()
#8 /home/zreis/Downloads/Project/Project-e-Keuangan/system/CLI/Commands.php(74): CodeIgniter\Commands\Database\Migrate->run()
#9 /home/zreis/Downloads/Project/Project-e-Keuangan/system/CLI/Console.php(47): CodeIgniter\CLI\Commands->run()
#10 /home/zreis/Downloads/Project/Project-e-Keuangan/system/Boot.php(360): CodeIgniter\CLI\Console->run()
#11 /home/zreis/Downloads/Project/Project-e-Keuangan/system/Boot.php(104): CodeIgniter\Boot::runCommand()
#12 /home/zreis/Downloads/Project/Project-e-Keuangan/spark(87): CodeIgniter\Boot::bootSpark()
#13 {main}
CRITICAL - 2025-09-18 20:16:48 --> ErrorException: Undefined variable $message
[Method: GET, Route: .well-known/appspecific/com.chrome.devtools.json]
in APPPATH/Views/errors/html/error_404.php on line 77.
 1 APPPATH/Views/errors/html/error_404.php(77): CodeIgniter\Debug\Exceptions->errorHandler()
 2 SYSTEMPATH/View/View.php(224): include('/home/zreis/Downloads/Project/Project-e-Keuangan/app/Views/errors/html/error_404.php')
 3 SYSTEMPATH/View/View.php(227): CodeIgniter\View\View->{closure:CodeIgniter\View\View::render():221}()
 4 SYSTEMPATH/Common.php(1173): CodeIgniter\View\View->render()
 5 APPPATH/Config/Routes.php(181): view()
 6 SYSTEMPATH/CodeIgniter.php(957): CodeIgniter\Router\RouteCollection->{closure:/home/zreis/Downloads/Project/Project-e-Keuangan/app/Config/Routes.php:180}()
 7 SYSTEMPATH/CodeIgniter.php(360): CodeIgniter\CodeIgniter->display404errors()
 8 SYSTEMPATH/Boot.php(334): CodeIgniter\CodeIgniter->run()
 9 SYSTEMPATH/Boot.php(67): CodeIgniter\Boot::runCodeIgniter()
10 FCPATH/index.php(59): CodeIgniter\Boot::bootWeb()
11 SYSTEMPATH/rewrite.php(44): require_once('/home/zreis/Downloads/Project/Project-e-Keuangan/public/index.php')
CRITICAL - 2025-09-18 20:16:51 --> ErrorException: Undefined variable $message
[Method: GET, Route: .well-known/appspecific/com.chrome.devtools.json]
in APPPATH/Views/errors/html/error_404.php on line 77.
 1 APPPATH/Views/errors/html/error_404.php(77): CodeIgniter\Debug\Exceptions->errorHandler()
 2 SYSTEMPATH/View/View.php(224): include('/home/zreis/Downloads/Project/Project-e-Keuangan/app/Views/errors/html/error_404.php')
 3 SYSTEMPATH/View/View.php(227): CodeIgniter\View\View->{closure:CodeIgniter\View\View::render():221}()
 4 SYSTEMPATH/Common.php(1173): CodeIgniter\View\View->render()
 5 APPPATH/Config/Routes.php(181): view()
 6 SYSTEMPATH/CodeIgniter.php(957): CodeIgniter\Router\RouteCollection->{closure:/home/zreis/Downloads/Project/Project-e-Keuangan/app/Config/Routes.php:180}()
 7 SYSTEMPATH/CodeIgniter.php(360): CodeIgniter\CodeIgniter->display404errors()
 8 SYSTEMPATH/Boot.php(334): CodeIgniter\CodeIgniter->run()
 9 SYSTEMPATH/Boot.php(67): CodeIgniter\Boot::runCodeIgniter()
10 FCPATH/index.php(59): CodeIgniter\Boot::bootWeb()
11 SYSTEMPATH/rewrite.php(44): require_once('/home/zreis/Downloads/Project/Project-e-Keuangan/public/index.php')
CRITICAL - 2025-09-18 20:16:56 --> ErrorException: Undefined variable $message
[Method: GET, Route: .well-known/appspecific/com.chrome.devtools.json]
in APPPATH/Views/errors/html/error_404.php on line 77.
 1 APPPATH/Views/errors/html/error_404.php(77): CodeIgniter\Debug\Exceptions->errorHandler()
 2 SYSTEMPATH/View/View.php(224): include('/home/zreis/Downloads/Project/Project-e-Keuangan/app/Views/errors/html/error_404.php')
 3 SYSTEMPATH/View/View.php(227): CodeIgniter\View\View->{closure:CodeIgniter\View\View::render():221}()
 4 SYSTEMPATH/Common.php(1173): CodeIgniter\View\View->render()
 5 APPPATH/Config/Routes.php(181): view()
 6 SYSTEMPATH/CodeIgniter.php(957): CodeIgniter\Router\RouteCollection->{closure:/home/zreis/Downloads/Project/Project-e-Keuangan/app/Config/Routes.php:180}()
 7 SYSTEMPATH/CodeIgniter.php(360): CodeIgniter\CodeIgniter->display404errors()
 8 SYSTEMPATH/Boot.php(334): CodeIgniter\CodeIgniter->run()
 9 SYSTEMPATH/Boot.php(67): CodeIgniter\Boot::runCodeIgniter()
10 FCPATH/index.php(59): CodeIgniter\Boot::bootWeb()
11 SYSTEMPATH/rewrite.php(44): require_once('/home/zreis/Downloads/Project/Project-e-Keuangan/public/index.php')
ERROR - 2025-09-18 20:32:11 --> AuthController index() called - TEST LOG
ERROR - 2025-09-18 20:32:15 --> AuthController index() called - TEST LOG
ERROR - 2025-09-18 20:35:18 --> AuthController index() called - TEST LOG
ERROR - 2025-09-18 20:35:20 --> AuthController index() called - TEST LOG
ERROR - 2025-09-18 20:35:24 --> AuthController index() called - TEST LOG
ERROR - 2025-09-18 20:38:13 --> AuthController index() called - TEST LOG
ERROR - 2025-09-18 20:38:17 --> AuthController index() called - TEST LOG
ERROR - 2025-09-18 20:39:32 --> AuthController index() called - TEST LOG
ERROR - 2025-09-18 20:39:37 --> AuthController index() called - TEST LOG
ERROR - 2025-09-18 20:41:53 --> AuthController index() called - TEST LOG
ERROR - 2025-09-18 20:41:57 --> AuthController index() called - TEST LOG
ERROR - 2025-09-18 20:42:11 --> AuthController index() called - TEST LOG
ERROR - 2025-09-18 20:42:23 --> AuthController index() called - TEST LOG
ERROR - 2025-09-18 20:42:32 --> AuthController index() called - TEST LOG
ERROR - 2025-09-18 20:44:19 --> AuthController index() called - TEST LOG
ERROR - 2025-09-18 20:51:35 --> AuthController index() called - TEST LOG
ERROR - 2025-09-18 20:51:37 --> AuthController index() called - TEST LOG
ERROR - 2025-09-18 20:51:44 --> AuthController index() called - TEST LOG
ERROR - 2025-09-18 20:55:22 --> AuthController index() called - TEST LOG
ERROR - 2025-09-18 20:55:26 --> AuthController index() called - TEST LOG
ERROR - 2025-09-18 20:58:44 --> AuthController index() called - TEST LOG
ERROR - 2025-09-18 20:58:55 --> AuthController index() called - TEST LOG
ERROR - 2025-09-18 21:00:09 --> AuthController index() called - TEST LOG
CRITICAL - 2025-09-18 21:00:09 --> ParseError: syntax error, unexpected end of file, expecting "elseif" or "else" or "endif"
[Method: GET, Route: /]
in APPPATH/Views/admin/login/index.php on line 388.
 1 SYSTEMPATH/View/View.php(227): CodeIgniter\View\View->{closure:CodeIgniter\View\View::render():221}()
 2 SYSTEMPATH/Common.php(1173): CodeIgniter\View\View->render()
 3 APPPATH/Controllers/AuthController.php(33): view()
 4 SYSTEMPATH/CodeIgniter.php(933): App\Controllers\AuthController->index()
 5 SYSTEMPATH/CodeIgniter.php(507): CodeIgniter\CodeIgniter->runController()
 6 SYSTEMPATH/CodeIgniter.php(354): CodeIgniter\CodeIgniter->handleRequest()
 7 SYSTEMPATH/Boot.php(334): CodeIgniter\CodeIgniter->run()
 8 SYSTEMPATH/Boot.php(67): CodeIgniter\Boot::runCodeIgniter()
 9 FCPATH/index.php(59): CodeIgniter\Boot::bootWeb()
10 SYSTEMPATH/rewrite.php(44): require_once('/home/zreis/Downloads/Project/Project-e-Keuangan/public/index.php')
ERROR - 2025-09-18 21:02:12 --> AuthController index() called - TEST LOG
ERROR - 2025-09-18 21:02:20 --> AuthController index() called - TEST LOG
ERROR - 2025-09-18 21:03:46 --> AuthController index() called - TEST LOG
ERROR - 2025-09-18 21:03:50 --> AuthController index() called - TEST LOG
ERROR - 2025-09-18 21:05:16 --> AuthController index() called - TEST LOG
ERROR - 2025-09-18 21:05:21 --> AuthController index() called - TEST LOG
ERROR - 2025-09-18 21:05:32 --> AuthController index() called - TEST LOG
ERROR - 2025-09-18 21:09:41 --> AuthController index() called - TEST LOG
ERROR - 2025-09-18 21:09:45 --> TES FINAL: Method login() dipanggil, mencoba redirect dengan flashdata.
ERROR - 2025-09-18 21:09:45 --> AuthController index() called - TEST LOG
ERROR - 2025-09-18 21:10:08 --> TES FINAL: Method login() dipanggil, mencoba redirect dengan flashdata.
ERROR - 2025-09-18 21:10:08 --> AuthController index() called - TEST LOG
ERROR - 2025-09-18 21:10:29 --> TES FINAL: Method login() dipanggil, mencoba redirect dengan flashdata.
ERROR - 2025-09-18 21:10:29 --> AuthController index() called - TEST LOG
ERROR - 2025-09-18 21:13:32 --> AuthController index() called - TEST LOG
ERROR - 2025-09-18 21:13:36 --> AuthController index() called - TEST LOG
ERROR - 2025-09-18 21:20:44 --> AuthController index() called - TEST LOG
ERROR - 2025-09-18 21:20:49 --> AuthController index() called - TEST LOG
ERROR - 2025-09-18 21:21:10 --> AuthController index() called - TEST LOG
ERROR - 2025-09-18 21:21:15 --> AuthController index() called - TEST LOG
ERROR - 2025-09-18 21:28:10 --> AuthController index() called - TEST LOG
ERROR - 2025-09-18 21:28:14 --> AuthController index() called - TEST LOG
ERROR - 2025-09-18 21:49:51 --> Error connecting to the database: ErrorException: mysqli::real_connect(): php_network_getaddresses: getaddrinfo for db failed: Name or service not known in /home/zreis/Downloads/Project/Project-e-Keuangan/system/Database/MySQLi/Connection.php:201
Stack trace:
#0 [internal function]: CodeIgniter\Debug\Exceptions->errorHandler()
#1 /home/zreis/Downloads/Project/Project-e-Keuangan/system/Database/MySQLi/Connection.php(201): mysqli->real_connect()
#2 /home/zreis/Downloads/Project/Project-e-Keuangan/system/Database/BaseConnection.php(421): CodeIgniter\Database\MySQLi\Connection->connect()
#3 /home/zreis/Downloads/Project/Project-e-Keuangan/system/Database/BaseConnection.php(620): CodeIgniter\Database\BaseConnection->initialize()
#4 /home/zreis/Downloads/Project/Project-e-Keuangan/system/Database/BaseConnection.php(1525): CodeIgniter\Database\BaseConnection->query()
#5 /home/zreis/Downloads/Project/Project-e-Keuangan/system/Database/BaseConnection.php(1545): CodeIgniter\Database\BaseConnection->listTables()
#6 /home/zreis/Downloads/Project/Project-e-Keuangan/system/Database/MigrationRunner.php(768): CodeIgniter\Database\BaseConnection->tableExists()
#7 /home/zreis/Downloads/Project/Project-e-Keuangan/system/Database/MigrationRunner.php(162): CodeIgniter\Database\MigrationRunner->ensureTable()
#8 /home/zreis/Downloads/Project/Project-e-Keuangan/system/Commands/Database/Migrate.php(85): CodeIgniter\Database\MigrationRunner->latest()
#9 /home/zreis/Downloads/Project/Project-e-Keuangan/system/CLI/Commands.php(74): CodeIgniter\Commands\Database\Migrate->run()
#10 /home/zreis/Downloads/Project/Project-e-Keuangan/system/CLI/Console.php(47): CodeIgniter\CLI\Commands->run()
#11 /home/zreis/Downloads/Project/Project-e-Keuangan/system/Boot.php(360): CodeIgniter\CLI\Console->run()
#12 /home/zreis/Downloads/Project/Project-e-Keuangan/system/Boot.php(104): CodeIgniter\Boot::runCommand()
#13 /home/zreis/Downloads/Project/Project-e-Keuangan/spark(87): CodeIgniter\Boot::bootSpark()
#14 {main}

Next mysqli_sql_exception: php_network_getaddresses: getaddrinfo for db failed: Name or service not known in /home/zreis/Downloads/Project/Project-e-Keuangan/system/Database/MySQLi/Connection.php:201
Stack trace:
#0 /home/zreis/Downloads/Project/Project-e-Keuangan/system/Database/MySQLi/Connection.php(201): mysqli->real_connect()
#1 /home/zreis/Downloads/Project/Project-e-Keuangan/system/Database/BaseConnection.php(421): CodeIgniter\Database\MySQLi\Connection->connect()
#2 /home/zreis/Downloads/Project/Project-e-Keuangan/system/Database/BaseConnection.php(620): CodeIgniter\Database\BaseConnection->initialize()
#3 /home/zreis/Downloads/Project/Project-e-Keuangan/system/Database/BaseConnection.php(1525): CodeIgniter\Database\BaseConnection->query()
#4 /home/zreis/Downloads/Project/Project-e-Keuangan/system/Database/BaseConnection.php(1545): CodeIgniter\Database\BaseConnection->listTables()
#5 /home/zreis/Downloads/Project/Project-e-Keuangan/system/Database/MigrationRunner.php(768): CodeIgniter\Database\BaseConnection->tableExists()
#6 /home/zreis/Downloads/Project/Project-e-Keuangan/system/Database/MigrationRunner.php(162): CodeIgniter\Database\MigrationRunner->ensureTable()
#7 /home/zreis/Downloads/Project/Project-e-Keuangan/system/Commands/Database/Migrate.php(85): CodeIgniter\Database\MigrationRunner->latest()
#8 /home/zreis/Downloads/Project/Project-e-Keuangan/system/CLI/Commands.php(74): CodeIgniter\Commands\Database\Migrate->run()
#9 /home/zreis/Downloads/Project/Project-e-Keuangan/system/CLI/Console.php(47): CodeIgniter\CLI\Commands->run()
#10 /home/zreis/Downloads/Project/Project-e-Keuangan/system/Boot.php(360): CodeIgniter\CLI\Console->run()
#11 /home/zreis/Downloads/Project/Project-e-Keuangan/system/Boot.php(104): CodeIgniter\Boot::runCommand()
#12 /home/zreis/Downloads/Project/Project-e-Keuangan/spark(87): CodeIgniter\Boot::bootSpark()
#13 {main}

Next CodeIgniter\Database\Exceptions\DatabaseException: php_network_getaddresses: getaddrinfo for db failed: Name or service not known in /home/zreis/Downloads/Project/Project-e-Keuangan/system/Database/MySQLi/Connection.php:246
Stack trace:
#0 /home/zreis/Downloads/Project/Project-e-Keuangan/system/Database/BaseConnection.php(421): CodeIgniter\Database\MySQLi\Connection->connect()
#1 /home/zreis/Downloads/Project/Project-e-Keuangan/system/Database/BaseConnection.php(620): CodeIgniter\Database\BaseConnection->initialize()
#2 /home/zreis/Downloads/Project/Project-e-Keuangan/system/Database/BaseConnection.php(1525): CodeIgniter\Database\BaseConnection->query()
#3 /home/zreis/Downloads/Project/Project-e-Keuangan/system/Database/BaseConnection.php(1545): CodeIgniter\Database\BaseConnection->listTables()
#4 /home/zreis/Downloads/Project/Project-e-Keuangan/system/Database/MigrationRunner.php(768): CodeIgniter\Database\BaseConnection->tableExists()
#5 /home/zreis/Downloads/Project/Project-e-Keuangan/system/Database/MigrationRunner.php(162): CodeIgniter\Database\MigrationRunner->ensureTable()
#6 /home/zreis/Downloads/Project/Project-e-Keuangan/system/Commands/Database/Migrate.php(85): CodeIgniter\Database\MigrationRunner->latest()
#7 /home/zreis/Downloads/Project/Project-e-Keuangan/system/CLI/Commands.php(74): CodeIgniter\Commands\Database\Migrate->run()
#8 /home/zreis/Downloads/Project/Project-e-Keuangan/system/CLI/Console.php(47): CodeIgniter\CLI\Commands->run()
#9 /home/zreis/Downloads/Project/Project-e-Keuangan/system/Boot.php(360): CodeIgniter\CLI\Console->run()
#10 /home/zreis/Downloads/Project/Project-e-Keuangan/system/Boot.php(104): CodeIgniter\Boot::runCommand()
#11 /home/zreis/Downloads/Project/Project-e-Keuangan/spark(87): CodeIgniter\Boot::bootSpark()
#12 {main}
ERROR - 2025-09-18 21:52:00 --> Error connecting to the database: ErrorException: mysqli::real_connect(): php_network_getaddresses: getaddrinfo for db failed: Name or service not known in /home/zreis/Downloads/Project/Project-e-Keuangan/system/Database/MySQLi/Connection.php:201
Stack trace:
#0 [internal function]: CodeIgniter\Debug\Exceptions->errorHandler()
#1 /home/zreis/Downloads/Project/Project-e-Keuangan/system/Database/MySQLi/Connection.php(201): mysqli->real_connect()
#2 /home/zreis/Downloads/Project/Project-e-Keuangan/system/Database/BaseConnection.php(421): CodeIgniter\Database\MySQLi\Connection->connect()
#3 /home/zreis/Downloads/Project/Project-e-Keuangan/system/Database/BaseConnection.php(620): CodeIgniter\Database\BaseConnection->initialize()
#4 /home/zreis/Downloads/Project/Project-e-Keuangan/system/Database/BaseConnection.php(1525): CodeIgniter\Database\BaseConnection->query()
#5 /home/zreis/Downloads/Project/Project-e-Keuangan/system/Database/BaseConnection.php(1545): CodeIgniter\Database\BaseConnection->listTables()
#6 /home/zreis/Downloads/Project/Project-e-Keuangan/system/Database/MigrationRunner.php(768): CodeIgniter\Database\BaseConnection->tableExists()
#7 /home/zreis/Downloads/Project/Project-e-Keuangan/system/Database/MigrationRunner.php(162): CodeIgniter\Database\MigrationRunner->ensureTable()
#8 /home/zreis/Downloads/Project/Project-e-Keuangan/system/Commands/Database/Migrate.php(85): CodeIgniter\Database\MigrationRunner->latest()
#9 /home/zreis/Downloads/Project/Project-e-Keuangan/system/CLI/Commands.php(74): CodeIgniter\Commands\Database\Migrate->run()
#10 /home/zreis/Downloads/Project/Project-e-Keuangan/system/CLI/Console.php(47): CodeIgniter\CLI\Commands->run()
#11 /home/zreis/Downloads/Project/Project-e-Keuangan/system/Boot.php(360): CodeIgniter\CLI\Console->run()
#12 /home/zreis/Downloads/Project/Project-e-Keuangan/system/Boot.php(104): CodeIgniter\Boot::runCommand()
#13 /home/zreis/Downloads/Project/Project-e-Keuangan/spark(87): CodeIgniter\Boot::bootSpark()
#14 {main}

Next mysqli_sql_exception: php_network_getaddresses: getaddrinfo for db failed: Name or service not known in /home/zreis/Downloads/Project/Project-e-Keuangan/system/Database/MySQLi/Connection.php:201
Stack trace:
#0 /home/zreis/Downloads/Project/Project-e-Keuangan/system/Database/MySQLi/Connection.php(201): mysqli->real_connect()
#1 /home/zreis/Downloads/Project/Project-e-Keuangan/system/Database/BaseConnection.php(421): CodeIgniter\Database\MySQLi\Connection->connect()
#2 /home/zreis/Downloads/Project/Project-e-Keuangan/system/Database/BaseConnection.php(620): CodeIgniter\Database\BaseConnection->initialize()
#3 /home/zreis/Downloads/Project/Project-e-Keuangan/system/Database/BaseConnection.php(1525): CodeIgniter\Database\BaseConnection->query()
#4 /home/zreis/Downloads/Project/Project-e-Keuangan/system/Database/BaseConnection.php(1545): CodeIgniter\Database\BaseConnection->listTables()
#5 /home/zreis/Downloads/Project/Project-e-Keuangan/system/Database/MigrationRunner.php(768): CodeIgniter\Database\BaseConnection->tableExists()
#6 /home/zreis/Downloads/Project/Project-e-Keuangan/system/Database/MigrationRunner.php(162): CodeIgniter\Database\MigrationRunner->ensureTable()
#7 /home/zreis/Downloads/Project/Project-e-Keuangan/system/Commands/Database/Migrate.php(85): CodeIgniter\Database\MigrationRunner->latest()
#8 /home/zreis/Downloads/Project/Project-e-Keuangan/system/CLI/Commands.php(74): CodeIgniter\Commands\Database\Migrate->run()
#9 /home/zreis/Downloads/Project/Project-e-Keuangan/system/CLI/Console.php(47): CodeIgniter\CLI\Commands->run()
#10 /home/zreis/Downloads/Project/Project-e-Keuangan/system/Boot.php(360): CodeIgniter\CLI\Console->run()
#11 /home/zreis/Downloads/Project/Project-e-Keuangan/system/Boot.php(104): CodeIgniter\Boot::runCommand()
#12 /home/zreis/Downloads/Project/Project-e-Keuangan/spark(87): CodeIgniter\Boot::bootSpark()
#13 {main}

Next CodeIgniter\Database\Exceptions\DatabaseException: php_network_getaddresses: getaddrinfo for db failed: Name or service not known in /home/zreis/Downloads/Project/Project-e-Keuangan/system/Database/MySQLi/Connection.php:246
Stack trace:
#0 /home/zreis/Downloads/Project/Project-e-Keuangan/system/Database/BaseConnection.php(421): CodeIgniter\Database\MySQLi\Connection->connect()
#1 /home/zreis/Downloads/Project/Project-e-Keuangan/system/Database/BaseConnection.php(620): CodeIgniter\Database\BaseConnection->initialize()
#2 /home/zreis/Downloads/Project/Project-e-Keuangan/system/Database/BaseConnection.php(1525): CodeIgniter\Database\BaseConnection->query()
#3 /home/zreis/Downloads/Project/Project-e-Keuangan/system/Database/BaseConnection.php(1545): CodeIgniter\Database\BaseConnection->listTables()
#4 /home/zreis/Downloads/Project/Project-e-Keuangan/system/Database/MigrationRunner.php(768): CodeIgniter\Database\BaseConnection->tableExists()
#5 /home/zreis/Downloads/Project/Project-e-Keuangan/system/Database/MigrationRunner.php(162): CodeIgniter\Database\MigrationRunner->ensureTable()
#6 /home/zreis/Downloads/Project/Project-e-Keuangan/system/Commands/Database/Migrate.php(85): CodeIgniter\Database\MigrationRunner->latest()
#7 /home/zreis/Downloads/Project/Project-e-Keuangan/system/CLI/Commands.php(74): CodeIgniter\Commands\Database\Migrate->run()
#8 /home/zreis/Downloads/Project/Project-e-Keuangan/system/CLI/Console.php(47): CodeIgniter\CLI\Commands->run()
#9 /home/zreis/Downloads/Project/Project-e-Keuangan/system/Boot.php(360): CodeIgniter\CLI\Console->run()
#10 /home/zreis/Downloads/Project/Project-e-Keuangan/system/Boot.php(104): CodeIgniter\Boot::runCommand()
#11 /home/zreis/Downloads/Project/Project-e-Keuangan/spark(87): CodeIgniter\Boot::bootSpark()
#12 {main}
CRITICAL - 2025-09-18 22:00:18 --> Error: Call to a member function routes() on null
[Method: GET, Route: /]
in APPPATH/Config/Routes.php on line 12.
 1 SYSTEMPATH/Router/RouteCollection.php(339): require()
 2 SYSTEMPATH/CodeIgniter.php(821): CodeIgniter\Router\RouteCollection->loadRoutes()
 3 SYSTEMPATH/CodeIgniter.php(455): CodeIgniter\CodeIgniter->tryToRouteIt()
 4 SYSTEMPATH/CodeIgniter.php(354): CodeIgniter\CodeIgniter->handleRequest()
 5 SYSTEMPATH/Boot.php(334): CodeIgniter\CodeIgniter->run()
 6 SYSTEMPATH/Boot.php(67): CodeIgniter\Boot::runCodeIgniter()
 7 FCPATH/index.php(59): CodeIgniter\Boot::bootWeb()
 8 SYSTEMPATH/rewrite.php(44): require_once('/home/zreis/Downloads/Project/Project-e-Keuangan/public/index.php')
CRITICAL - 2025-09-18 22:00:31 --> Error: Call to a member function routes() on null
[Method: GET, Route: login]
in APPPATH/Config/Routes.php on line 12.
 1 SYSTEMPATH/Router/RouteCollection.php(339): require()
 2 SYSTEMPATH/CodeIgniter.php(821): CodeIgniter\Router\RouteCollection->loadRoutes()
 3 SYSTEMPATH/CodeIgniter.php(455): CodeIgniter\CodeIgniter->tryToRouteIt()
 4 SYSTEMPATH/CodeIgniter.php(354): CodeIgniter\CodeIgniter->handleRequest()
 5 SYSTEMPATH/Boot.php(334): CodeIgniter\CodeIgniter->run()
 6 SYSTEMPATH/Boot.php(67): CodeIgniter\Boot::runCodeIgniter()
 7 FCPATH/index.php(59): CodeIgniter\Boot::bootWeb()
 8 SYSTEMPATH/rewrite.php(44): require_once('/home/zreis/Downloads/Project/Project-e-Keuangan/public/index.php')
CRITICAL - 2025-09-18 22:01:10 --> CodeIgniter\Filters\Exceptions\FilterException: "noauth" filter must have a matching alias defined.
[Method: GET, Route: /]
in SYSTEMPATH/Filters/Filters.php on line 590.
 1 SYSTEMPATH/Filters/Filters.php(590): CodeIgniter\Filters\Exceptions\FilterException::forNoAlias()
 2 SYSTEMPATH/Filters/Filters.php(641): CodeIgniter\Filters\Filters->enableFilter()
 3 SYSTEMPATH/CodeIgniter.php(467): CodeIgniter\Filters\Filters->enableFilters()
 4 SYSTEMPATH/CodeIgniter.php(354): CodeIgniter\CodeIgniter->handleRequest()
 5 SYSTEMPATH/Boot.php(334): CodeIgniter\CodeIgniter->run()
 6 SYSTEMPATH/Boot.php(67): CodeIgniter\Boot::runCodeIgniter()
 7 FCPATH/index.php(59): CodeIgniter\Boot::bootWeb()
 8 SYSTEMPATH/rewrite.php(44): require_once('/home/zreis/Downloads/Project/Project-e-Keuangan/public/index.php')
CRITICAL - 2025-09-18 22:08:13 --> ErrorException: Undefined array key "register"
[Method: GET, Route: register]
in VENDORPATH/myth/auth/src/Controllers/AuthController.php on line 133.
 1 VENDORPATH/myth/auth/src/Controllers/AuthController.php(133): CodeIgniter\Debug\Exceptions->errorHandler()
 2 SYSTEMPATH/CodeIgniter.php(933): Myth\Auth\Controllers\AuthController->register()
 3 SYSTEMPATH/CodeIgniter.php(507): CodeIgniter\CodeIgniter->runController()
 4 SYSTEMPATH/CodeIgniter.php(354): CodeIgniter\CodeIgniter->handleRequest()
 5 SYSTEMPATH/Boot.php(334): CodeIgniter\CodeIgniter->run()
 6 SYSTEMPATH/Boot.php(67): CodeIgniter\Boot::runCodeIgniter()
 7 FCPATH/index.php(59): CodeIgniter\Boot::bootWeb()
 8 SYSTEMPATH/rewrite.php(44): require_once('/home/zreis/Downloads/Project/Project-e-Keuangan/public/index.php')
CRITICAL - 2025-09-18 22:08:20 --> ErrorException: Undefined array key "forgot"
[Method: GET, Route: forgot]
in VENDORPATH/myth/auth/src/Controllers/AuthController.php on line 212.
 1 VENDORPATH/myth/auth/src/Controllers/AuthController.php(212): CodeIgniter\Debug\Exceptions->errorHandler()
 2 SYSTEMPATH/CodeIgniter.php(933): Myth\Auth\Controllers\AuthController->forgotPassword()
 3 SYSTEMPATH/CodeIgniter.php(507): CodeIgniter\CodeIgniter->runController()
 4 SYSTEMPATH/CodeIgniter.php(354): CodeIgniter\CodeIgniter->handleRequest()
 5 SYSTEMPATH/Boot.php(334): CodeIgniter\CodeIgniter->run()
 6 SYSTEMPATH/Boot.php(67): CodeIgniter\Boot::runCodeIgniter()
 7 FCPATH/index.php(59): CodeIgniter\Boot::bootWeb()
 8 SYSTEMPATH/rewrite.php(44): require_once('/home/zreis/Downloads/Project/Project-e-Keuangan/public/index.php')
ERROR - 2025-09-18 22:15:00 --> mysqli_sql_exception: Cannot add or update a child row: a foreign key constraint fails (`ci_keuangan`.`auth_groups_users`, CONSTRAINT `auth_groups_users_user_id_foreign` FOREIGN KEY (`user_id`) REFERENCES `users` (`id`) ON DELETE CASCADE) in /home/zreis/Downloads/Project/Project-e-Keuangan/system/Database/MySQLi/Connection.php:327
Stack trace:
#0 /home/zreis/Downloads/Project/Project-e-Keuangan/system/Database/MySQLi/Connection.php(327): mysqli->query()
#1 /home/zreis/Downloads/Project/Project-e-Keuangan/system/Database/BaseConnection.php(738): CodeIgniter\Database\MySQLi\Connection->execute()
#2 /home/zreis/Downloads/Project/Project-e-Keuangan/system/Database/BaseConnection.php(652): CodeIgniter\Database\BaseConnection->simpleQuery()
#3 /home/zreis/Downloads/Project/Project-e-Keuangan/system/Database/BaseBuilder.php(2345): CodeIgniter\Database\BaseConnection->query()
#4 /home/zreis/Downloads/Project/Project-e-Keuangan/vendor/myth/auth/src/Models/GroupModel.php(52): CodeIgniter\Database\BaseBuilder->insert()
#5 /home/zreis/Downloads/Project/Project-e-Keuangan/app/Database/Seeds/AdminSeeder.php(33): Myth\Auth\Models\GroupModel->addUserToGroup()
#6 /home/zreis/Downloads/Project/Project-e-Keuangan/system/Database/Seeder.php(149): App\Database\Seeds\AdminSeeder->run()
#7 /home/zreis/Downloads/Project/Project-e-Keuangan/system/Commands/Database/Seed.php(79): CodeIgniter\Database\Seeder->call()
#8 /home/zreis/Downloads/Project/Project-e-Keuangan/system/CLI/Commands.php(74): CodeIgniter\Commands\Database\Seed->run()
#9 /home/zreis/Downloads/Project/Project-e-Keuangan/system/CLI/Console.php(47): CodeIgniter\CLI\Commands->run()
#10 /home/zreis/Downloads/Project/Project-e-Keuangan/system/Boot.php(360): CodeIgniter\CLI\Console->run()
#11 /home/zreis/Downloads/Project/Project-e-Keuangan/system/Boot.php(104): CodeIgniter\Boot::runCommand()
#12 /home/zreis/Downloads/Project/Project-e-Keuangan/spark(87): CodeIgniter\Boot::bootSpark()
#13 {main}
ERROR - 2025-09-18 22:16:21 --> mysqli_sql_exception: Cannot add or update a child row: a foreign key constraint fails (`ci_keuangan`.`auth_groups_users`, CONSTRAINT `auth_groups_users_user_id_foreign` FOREIGN KEY (`user_id`) REFERENCES `users` (`id`) ON DELETE CASCADE) in /home/zreis/Downloads/Project/Project-e-Keuangan/system/Database/MySQLi/Connection.php:327
Stack trace:
#0 /home/zreis/Downloads/Project/Project-e-Keuangan/system/Database/MySQLi/Connection.php(327): mysqli->query()
#1 /home/zreis/Downloads/Project/Project-e-Keuangan/system/Database/BaseConnection.php(738): CodeIgniter\Database\MySQLi\Connection->execute()
#2 /home/zreis/Downloads/Project/Project-e-Keuangan/system/Database/BaseConnection.php(652): CodeIgniter\Database\BaseConnection->simpleQuery()
#3 /home/zreis/Downloads/Project/Project-e-Keuangan/system/Database/BaseBuilder.php(2345): CodeIgniter\Database\BaseConnection->query()
#4 /home/zreis/Downloads/Project/Project-e-Keuangan/vendor/myth/auth/src/Models/GroupModel.php(52): CodeIgniter\Database\BaseBuilder->insert()
#5 /home/zreis/Downloads/Project/Project-e-Keuangan/app/Database/Seeds/AdminSeeder.php(47): Myth\Auth\Models\GroupModel->addUserToGroup()
#6 /home/zreis/Downloads/Project/Project-e-Keuangan/system/Database/Seeder.php(149): App\Database\Seeds\AdminSeeder->run()
#7 /home/zreis/Downloads/Project/Project-e-Keuangan/system/Commands/Database/Seed.php(79): CodeIgniter\Database\Seeder->call()
#8 /home/zreis/Downloads/Project/Project-e-Keuangan/system/CLI/Commands.php(74): CodeIgniter\Commands\Database\Seed->run()
#9 /home/zreis/Downloads/Project/Project-e-Keuangan/system/CLI/Console.php(47): CodeIgniter\CLI\Commands->run()
#10 /home/zreis/Downloads/Project/Project-e-Keuangan/system/Boot.php(360): CodeIgniter\CLI\Console->run()
#11 /home/zreis/Downloads/Project/Project-e-Keuangan/system/Boot.php(104): CodeIgniter\Boot::runCommand()
#12 /home/zreis/Downloads/Project/Project-e-Keuangan/spark(87): CodeIgniter\Boot::bootSpark()
#13 {main}
CRITICAL - 2025-09-18 22:17:28 --> CodeIgniter\Filters\Exceptions\FilterException: "noauth" filter must have a matching alias defined.
[Method: GET, Route: /]
in SYSTEMPATH/Filters/Filters.php on line 590.
 1 SYSTEMPATH/Filters/Filters.php(590): CodeIgniter\Filters\Exceptions\FilterException::forNoAlias()
 2 SYSTEMPATH/Filters/Filters.php(641): CodeIgniter\Filters\Filters->enableFilter()
 3 SYSTEMPATH/CodeIgniter.php(467): CodeIgniter\Filters\Filters->enableFilters()
 4 SYSTEMPATH/CodeIgniter.php(354): CodeIgniter\CodeIgniter->handleRequest()
 5 SYSTEMPATH/Boot.php(334): CodeIgniter\CodeIgniter->run()
 6 SYSTEMPATH/Boot.php(67): CodeIgniter\Boot::runCodeIgniter()
 7 FCPATH/index.php(59): CodeIgniter\Boot::bootWeb()
 8 SYSTEMPATH/rewrite.php(44): require_once('/home/zreis/Downloads/Project/Project-e-Keuangan/public/index.php')
CRITICAL - 2025-09-18 22:18:11 --> CodeIgniter\Filters\Exceptions\FilterException: "noauth" filter must have a matching alias defined.
[Method: GET, Route: /]
in SYSTEMPATH/Filters/Filters.php on line 590.
 1 SYSTEMPATH/Filters/Filters.php(590): CodeIgniter\Filters\Exceptions\FilterException::forNoAlias()
 2 SYSTEMPATH/Filters/Filters.php(641): CodeIgniter\Filters\Filters->enableFilter()
 3 SYSTEMPATH/CodeIgniter.php(467): CodeIgniter\Filters\Filters->enableFilters()
 4 SYSTEMPATH/CodeIgniter.php(354): CodeIgniter\CodeIgniter->handleRequest()
 5 SYSTEMPATH/Boot.php(334): CodeIgniter\CodeIgniter->run()
 6 SYSTEMPATH/Boot.php(67): CodeIgniter\Boot::runCodeIgniter()
 7 FCPATH/index.php(59): CodeIgniter\Boot::bootWeb()
 8 SYSTEMPATH/rewrite.php(44): require_once('/home/zreis/Downloads/Project/Project-e-Keuangan/public/index.php')
CRITICAL - 2025-09-18 22:18:51 --> CodeIgniter\Filters\Exceptions\FilterException: "noauth" filter must have a matching alias defined.
[Method: GET, Route: /]
in SYSTEMPATH/Filters/Filters.php on line 590.
 1 SYSTEMPATH/Filters/Filters.php(590): CodeIgniter\Filters\Exceptions\FilterException::forNoAlias()
 2 SYSTEMPATH/Filters/Filters.php(641): CodeIgniter\Filters\Filters->enableFilter()
 3 SYSTEMPATH/CodeIgniter.php(467): CodeIgniter\Filters\Filters->enableFilters()
 4 SYSTEMPATH/CodeIgniter.php(354): CodeIgniter\CodeIgniter->handleRequest()
 5 SYSTEMPATH/Boot.php(334): CodeIgniter\CodeIgniter->run()
 6 SYSTEMPATH/Boot.php(67): CodeIgniter\Boot::runCodeIgniter()
 7 FCPATH/index.php(59): CodeIgniter\Boot::bootWeb()
 8 SYSTEMPATH/rewrite.php(44): require_once('/home/zreis/Downloads/Project/Project-e-Keuangan/public/index.php')
CRITICAL - 2025-09-18 22:19:01 --> CodeIgniter\Filters\Exceptions\FilterException: "noauth" filter must have a matching alias defined.
[Method: GET, Route: /]
in SYSTEMPATH/Filters/Filters.php on line 590.
 1 SYSTEMPATH/Filters/Filters.php(590): CodeIgniter\Filters\Exceptions\FilterException::forNoAlias()
 2 SYSTEMPATH/Filters/Filters.php(641): CodeIgniter\Filters\Filters->enableFilter()
 3 SYSTEMPATH/CodeIgniter.php(467): CodeIgniter\Filters\Filters->enableFilters()
 4 SYSTEMPATH/CodeIgniter.php(354): CodeIgniter\CodeIgniter->handleRequest()
 5 SYSTEMPATH/Boot.php(334): CodeIgniter\CodeIgniter->run()
 6 SYSTEMPATH/Boot.php(67): CodeIgniter\Boot::runCodeIgniter()
 7 FCPATH/index.php(59): CodeIgniter\Boot::bootWeb()
 8 SYSTEMPATH/rewrite.php(44): require_once('/home/zreis/Downloads/Project/Project-e-Keuangan/public/index.php')
CRITICAL - 2025-09-18 22:19:05 --> CodeIgniter\Filters\Exceptions\FilterException: "noauth" filter must have a matching alias defined.
[Method: GET, Route: /]
in SYSTEMPATH/Filters/Filters.php on line 590.
 1 SYSTEMPATH/Filters/Filters.php(590): CodeIgniter\Filters\Exceptions\FilterException::forNoAlias()
 2 SYSTEMPATH/Filters/Filters.php(641): CodeIgniter\Filters\Filters->enableFilter()
 3 SYSTEMPATH/CodeIgniter.php(467): CodeIgniter\Filters\Filters->enableFilters()
 4 SYSTEMPATH/CodeIgniter.php(354): CodeIgniter\CodeIgniter->handleRequest()
 5 SYSTEMPATH/Boot.php(334): CodeIgniter\CodeIgniter->run()
 6 SYSTEMPATH/Boot.php(67): CodeIgniter\Boot::runCodeIgniter()
 7 FCPATH/index.php(59): CodeIgniter\Boot::bootWeb()
 8 SYSTEMPATH/rewrite.php(44): require_once('/home/zreis/Downloads/Project/Project-e-Keuangan/public/index.php')
CRITICAL - 2025-09-18 22:19:46 --> CodeIgniter\Filters\Exceptions\FilterException: "noauth" filter must have a matching alias defined.
[Method: GET, Route: /]
in SYSTEMPATH/Filters/Filters.php on line 590.
 1 SYSTEMPATH/Filters/Filters.php(590): CodeIgniter\Filters\Exceptions\FilterException::forNoAlias()
 2 SYSTEMPATH/Filters/Filters.php(641): CodeIgniter\Filters\Filters->enableFilter()
 3 SYSTEMPATH/CodeIgniter.php(467): CodeIgniter\Filters\Filters->enableFilters()
 4 SYSTEMPATH/CodeIgniter.php(354): CodeIgniter\CodeIgniter->handleRequest()
 5 SYSTEMPATH/Boot.php(334): CodeIgniter\CodeIgniter->run()
 6 SYSTEMPATH/Boot.php(67): CodeIgniter\Boot::runCodeIgniter()
 7 FCPATH/index.php(59): CodeIgniter\Boot::bootWeb()
 8 SYSTEMPATH/rewrite.php(44): require_once('/home/zreis/Downloads/Project/Project-e-Keuangan/public/index.php')
CRITICAL - 2025-09-18 22:22:12 --> CodeIgniter\Filters\Exceptions\FilterException: "noauth" filter must have a matching alias defined.
[Method: GET, Route: /]
in SYSTEMPATH/Filters/Filters.php on line 590.
 1 SYSTEMPATH/Filters/Filters.php(590): CodeIgniter\Filters\Exceptions\FilterException::forNoAlias()
 2 SYSTEMPATH/Filters/Filters.php(641): CodeIgniter\Filters\Filters->enableFilter()
 3 SYSTEMPATH/CodeIgniter.php(467): CodeIgniter\Filters\Filters->enableFilters()
 4 SYSTEMPATH/CodeIgniter.php(354): CodeIgniter\CodeIgniter->handleRequest()
 5 SYSTEMPATH/Boot.php(334): CodeIgniter\CodeIgniter->run()
 6 SYSTEMPATH/Boot.php(67): CodeIgniter\Boot::runCodeIgniter()
 7 FCPATH/index.php(59): CodeIgniter\Boot::bootWeb()
 8 SYSTEMPATH/rewrite.php(44): require_once('/home/zreis/Downloads/Project/Project-e-Keuangan/public/index.php')
CRITICAL - 2025-09-18 22:22:13 --> CodeIgniter\Filters\Exceptions\FilterException: "noauth" filter must have a matching alias defined.
[Method: GET, Route: /]
in SYSTEMPATH/Filters/Filters.php on line 590.
 1 SYSTEMPATH/Filters/Filters.php(590): CodeIgniter\Filters\Exceptions\FilterException::forNoAlias()
 2 SYSTEMPATH/Filters/Filters.php(641): CodeIgniter\Filters\Filters->enableFilter()
 3 SYSTEMPATH/CodeIgniter.php(467): CodeIgniter\Filters\Filters->enableFilters()
 4 SYSTEMPATH/CodeIgniter.php(354): CodeIgniter\CodeIgniter->handleRequest()
 5 SYSTEMPATH/Boot.php(334): CodeIgniter\CodeIgniter->run()
 6 SYSTEMPATH/Boot.php(67): CodeIgniter\Boot::runCodeIgniter()
 7 FCPATH/index.php(59): CodeIgniter\Boot::bootWeb()
 8 SYSTEMPATH/rewrite.php(44): require_once('/home/zreis/Downloads/Project/Project-e-Keuangan/public/index.php')
CRITICAL - 2025-09-18 22:22:17 --> CodeIgniter\Filters\Exceptions\FilterException: "noauth" filter must have a matching alias defined.
[Method: GET, Route: /]
in SYSTEMPATH/Filters/Filters.php on line 590.
 1 SYSTEMPATH/Filters/Filters.php(590): CodeIgniter\Filters\Exceptions\FilterException::forNoAlias()
 2 SYSTEMPATH/Filters/Filters.php(641): CodeIgniter\Filters\Filters->enableFilter()
 3 SYSTEMPATH/CodeIgniter.php(467): CodeIgniter\Filters\Filters->enableFilters()
 4 SYSTEMPATH/CodeIgniter.php(354): CodeIgniter\CodeIgniter->handleRequest()
 5 SYSTEMPATH/Boot.php(334): CodeIgniter\CodeIgniter->run()
 6 SYSTEMPATH/Boot.php(67): CodeIgniter\Boot::runCodeIgniter()
 7 FCPATH/index.php(59): CodeIgniter\Boot::bootWeb()
 8 SYSTEMPATH/rewrite.php(44): require_once('/home/zreis/Downloads/Project/Project-e-Keuangan/public/index.php')
CRITICAL - 2025-09-18 22:22:20 --> CodeIgniter\Filters\Exceptions\FilterException: "noauth" filter must have a matching alias defined.
[Method: GET, Route: /]
in SYSTEMPATH/Filters/Filters.php on line 590.
 1 SYSTEMPATH/Filters/Filters.php(590): CodeIgniter\Filters\Exceptions\FilterException::forNoAlias()
 2 SYSTEMPATH/Filters/Filters.php(641): CodeIgniter\Filters\Filters->enableFilter()
 3 SYSTEMPATH/CodeIgniter.php(467): CodeIgniter\Filters\Filters->enableFilters()
 4 SYSTEMPATH/CodeIgniter.php(354): CodeIgniter\CodeIgniter->handleRequest()
 5 SYSTEMPATH/Boot.php(334): CodeIgniter\CodeIgniter->run()
 6 SYSTEMPATH/Boot.php(67): CodeIgniter\Boot::runCodeIgniter()
 7 FCPATH/index.php(59): CodeIgniter\Boot::bootWeb()
 8 SYSTEMPATH/rewrite.php(44): require_once('/home/zreis/Downloads/Project/Project-e-Keuangan/public/index.php')
CRITICAL - 2025-09-18 22:24:53 --> CodeIgniter\Filters\Exceptions\FilterException: "noauth" filter must have a matching alias defined.
[Method: GET, Route: /]
in SYSTEMPATH/Filters/Filters.php on line 590.
 1 SYSTEMPATH/Filters/Filters.php(590): CodeIgniter\Filters\Exceptions\FilterException::forNoAlias()
 2 SYSTEMPATH/Filters/Filters.php(641): CodeIgniter\Filters\Filters->enableFilter()
 3 SYSTEMPATH/CodeIgniter.php(467): CodeIgniter\Filters\Filters->enableFilters()
 4 SYSTEMPATH/CodeIgniter.php(354): CodeIgniter\CodeIgniter->handleRequest()
 5 SYSTEMPATH/Boot.php(334): CodeIgniter\CodeIgniter->run()
 6 SYSTEMPATH/Boot.php(67): CodeIgniter\Boot::runCodeIgniter()
 7 FCPATH/index.php(59): CodeIgniter\Boot::bootWeb()
 8 SYSTEMPATH/rewrite.php(44): require_once('/home/zreis/Downloads/Project/Project-e-Keuangan/public/index.php')
CRITICAL - 2025-09-18 22:25:06 --> CodeIgniter\Filters\Exceptions\FilterException: "noauth" filter must have a matching alias defined.
[Method: GET, Route: /]
in SYSTEMPATH/Filters/Filters.php on line 590.
 1 SYSTEMPATH/Filters/Filters.php(590): CodeIgniter\Filters\Exceptions\FilterException::forNoAlias()
 2 SYSTEMPATH/Filters/Filters.php(641): CodeIgniter\Filters\Filters->enableFilter()
 3 SYSTEMPATH/CodeIgniter.php(467): CodeIgniter\Filters\Filters->enableFilters()
 4 SYSTEMPATH/CodeIgniter.php(354): CodeIgniter\CodeIgniter->handleRequest()
 5 SYSTEMPATH/Boot.php(334): CodeIgniter\CodeIgniter->run()
 6 SYSTEMPATH/Boot.php(67): CodeIgniter\Boot::runCodeIgniter()
 7 FCPATH/index.php(59): CodeIgniter\Boot::bootWeb()
 8 SYSTEMPATH/rewrite.php(44): require_once('/home/zreis/Downloads/Project/Project-e-Keuangan/public/index.php')
CRITICAL - 2025-09-18 22:25:36 --> CodeIgniter\Filters\Exceptions\FilterException: "noauth" filter must have a matching alias defined.
[Method: GET, Route: /]
in SYSTEMPATH/Filters/Filters.php on line 590.
 1 SYSTEMPATH/Filters/Filters.php(590): CodeIgniter\Filters\Exceptions\FilterException::forNoAlias()
 2 SYSTEMPATH/Filters/Filters.php(641): CodeIgniter\Filters\Filters->enableFilter()
 3 SYSTEMPATH/CodeIgniter.php(467): CodeIgniter\Filters\Filters->enableFilters()
 4 SYSTEMPATH/CodeIgniter.php(354): CodeIgniter\CodeIgniter->handleRequest()
 5 SYSTEMPATH/Boot.php(334): CodeIgniter\CodeIgniter->run()
 6 SYSTEMPATH/Boot.php(67): CodeIgniter\Boot::runCodeIgniter()
 7 FCPATH/index.php(59): CodeIgniter\Boot::bootWeb()
 8 SYSTEMPATH/rewrite.php(44): require_once('/home/zreis/Downloads/Project/Project-e-Keuangan/public/index.php')
CRITICAL - 2025-09-18 22:26:03 --> CodeIgniter\Filters\Exceptions\FilterException: "noauth" filter must have a matching alias defined.
[Method: GET, Route: /]
in SYSTEMPATH/Filters/Filters.php on line 590.
 1 SYSTEMPATH/Filters/Filters.php(590): CodeIgniter\Filters\Exceptions\FilterException::forNoAlias()
 2 SYSTEMPATH/Filters/Filters.php(641): CodeIgniter\Filters\Filters->enableFilter()
 3 SYSTEMPATH/CodeIgniter.php(467): CodeIgniter\Filters\Filters->enableFilters()
 4 SYSTEMPATH/CodeIgniter.php(354): CodeIgniter\CodeIgniter->handleRequest()
 5 SYSTEMPATH/Boot.php(334): CodeIgniter\CodeIgniter->run()
 6 SYSTEMPATH/Boot.php(67): CodeIgniter\Boot::runCodeIgniter()
 7 FCPATH/index.php(59): CodeIgniter\Boot::bootWeb()
 8 SYSTEMPATH/rewrite.php(44): require_once('/home/zreis/Downloads/Project/Project-e-Keuangan/public/index.php')
CRITICAL - 2025-09-18 22:36:50 --> CodeIgniter\Filters\Exceptions\FilterException: "noauth" filter must have a matching alias defined.
[Method: GET, Route: /]
in SYSTEMPATH/Filters/Filters.php on line 590.
 1 SYSTEMPATH/Filters/Filters.php(590): CodeIgniter\Filters\Exceptions\FilterException::forNoAlias()
 2 SYSTEMPATH/Filters/Filters.php(641): CodeIgniter\Filters\Filters->enableFilter()
 3 SYSTEMPATH/CodeIgniter.php(467): CodeIgniter\Filters\Filters->enableFilters()
 4 SYSTEMPATH/CodeIgniter.php(354): CodeIgniter\CodeIgniter->handleRequest()
 5 SYSTEMPATH/Boot.php(334): CodeIgniter\CodeIgniter->run()
 6 SYSTEMPATH/Boot.php(67): CodeIgniter\Boot::runCodeIgniter()
 7 FCPATH/index.php(59): CodeIgniter\Boot::bootWeb()
 8 SYSTEMPATH/rewrite.php(44): require_once('/home/zreis/Downloads/Project/Project-e-Keuangan/public/index.php')
CRITICAL - 2025-09-18 22:36:54 --> CodeIgniter\Filters\Exceptions\FilterException: "noauth" filter must have a matching alias defined.
[Method: GET, Route: login]
in SYSTEMPATH/Filters/Filters.php on line 590.
 1 SYSTEMPATH/Filters/Filters.php(590): CodeIgniter\Filters\Exceptions\FilterException::forNoAlias()
 2 SYSTEMPATH/Filters/Filters.php(641): CodeIgniter\Filters\Filters->enableFilter()
 3 SYSTEMPATH/CodeIgniter.php(467): CodeIgniter\Filters\Filters->enableFilters()
 4 SYSTEMPATH/CodeIgniter.php(354): CodeIgniter\CodeIgniter->handleRequest()
 5 SYSTEMPATH/Boot.php(334): CodeIgniter\CodeIgniter->run()
 6 SYSTEMPATH/Boot.php(67): CodeIgniter\Boot::runCodeIgniter()
 7 FCPATH/index.php(59): CodeIgniter\Boot::bootWeb()
 8 SYSTEMPATH/rewrite.php(44): require_once('/home/zreis/Downloads/Project/Project-e-Keuangan/public/index.php')
CRITICAL - 2025-09-18 22:36:57 --> CodeIgniter\Filters\Exceptions\FilterException: "noauth" filter must have a matching alias defined.
[Method: GET, Route: login]
in SYSTEMPATH/Filters/Filters.php on line 590.
 1 SYSTEMPATH/Filters/Filters.php(590): CodeIgniter\Filters\Exceptions\FilterException::forNoAlias()
 2 SYSTEMPATH/Filters/Filters.php(641): CodeIgniter\Filters\Filters->enableFilter()
 3 SYSTEMPATH/CodeIgniter.php(467): CodeIgniter\Filters\Filters->enableFilters()
 4 SYSTEMPATH/CodeIgniter.php(354): CodeIgniter\CodeIgniter->handleRequest()
 5 SYSTEMPATH/Boot.php(334): CodeIgniter\CodeIgniter->run()
 6 SYSTEMPATH/Boot.php(67): CodeIgniter\Boot::runCodeIgniter()
 7 FCPATH/index.php(59): CodeIgniter\Boot::bootWeb()
 8 SYSTEMPATH/rewrite.php(44): require_once('/home/zreis/Downloads/Project/Project-e-Keuangan/public/index.php')
CRITICAL - 2025-09-18 22:40:31 --> CodeIgniter\Filters\Exceptions\FilterException: "noauth" filter must have a matching alias defined.
[Method: GET, Route: /]
in SYSTEMPATH/Filters/Filters.php on line 590.
 1 SYSTEMPATH/Filters/Filters.php(590): CodeIgniter\Filters\Exceptions\FilterException::forNoAlias()
 2 SYSTEMPATH/Filters/Filters.php(641): CodeIgniter\Filters\Filters->enableFilter()
 3 SYSTEMPATH/CodeIgniter.php(467): CodeIgniter\Filters\Filters->enableFilters()
 4 SYSTEMPATH/CodeIgniter.php(354): CodeIgniter\CodeIgniter->handleRequest()
 5 SYSTEMPATH/Boot.php(334): CodeIgniter\CodeIgniter->run()
 6 SYSTEMPATH/Boot.php(67): CodeIgniter\Boot::runCodeIgniter()
 7 FCPATH/index.php(59): CodeIgniter\Boot::bootWeb()
 8 SYSTEMPATH/rewrite.php(44): require_once('/home/zreis/Downloads/Project/Project-e-Keuangan/public/index.php')
CRITICAL - 2025-09-18 22:40:35 --> CodeIgniter\Filters\Exceptions\FilterException: "noauth" filter must have a matching alias defined.
[Method: GET, Route: /]
in SYSTEMPATH/Filters/Filters.php on line 590.
 1 SYSTEMPATH/Filters/Filters.php(590): CodeIgniter\Filters\Exceptions\FilterException::forNoAlias()
 2 SYSTEMPATH/Filters/Filters.php(641): CodeIgniter\Filters\Filters->enableFilter()
 3 SYSTEMPATH/CodeIgniter.php(467): CodeIgniter\Filters\Filters->enableFilters()
 4 SYSTEMPATH/CodeIgniter.php(354): CodeIgniter\CodeIgniter->handleRequest()
 5 SYSTEMPATH/Boot.php(334): CodeIgniter\CodeIgniter->run()
 6 SYSTEMPATH/Boot.php(67): CodeIgniter\Boot::runCodeIgniter()
 7 FCPATH/index.php(59): CodeIgniter\Boot::bootWeb()
 8 SYSTEMPATH/rewrite.php(44): require_once('/home/zreis/Downloads/Project/Project-e-Keuangan/public/index.php')
CRITICAL - 2025-09-18 22:41:28 --> CodeIgniter\Filters\Exceptions\FilterException: "noauth" filter must have a matching alias defined.
[Method: GET, Route: /]
in SYSTEMPATH/Filters/Filters.php on line 590.
 1 SYSTEMPATH/Filters/Filters.php(590): CodeIgniter\Filters\Exceptions\FilterException::forNoAlias()
 2 SYSTEMPATH/Filters/Filters.php(641): CodeIgniter\Filters\Filters->enableFilter()
 3 SYSTEMPATH/CodeIgniter.php(467): CodeIgniter\Filters\Filters->enableFilters()
 4 SYSTEMPATH/CodeIgniter.php(354): CodeIgniter\CodeIgniter->handleRequest()
 5 SYSTEMPATH/Boot.php(334): CodeIgniter\CodeIgniter->run()
 6 SYSTEMPATH/Boot.php(67): CodeIgniter\Boot::runCodeIgniter()
 7 FCPATH/index.php(59): CodeIgniter\Boot::bootWeb()
 8 SYSTEMPATH/rewrite.php(44): require_once('/home/zreis/Downloads/Project/Project-e-Keuangan/public/index.php')
CRITICAL - 2025-09-18 22:41:28 --> CodeIgniter\Filters\Exceptions\FilterException: "noauth" filter must have a matching alias defined.
[Method: GET, Route: /]
in SYSTEMPATH/Filters/Filters.php on line 590.
 1 SYSTEMPATH/Filters/Filters.php(590): CodeIgniter\Filters\Exceptions\FilterException::forNoAlias()
 2 SYSTEMPATH/Filters/Filters.php(641): CodeIgniter\Filters\Filters->enableFilter()
 3 SYSTEMPATH/CodeIgniter.php(467): CodeIgniter\Filters\Filters->enableFilters()
 4 SYSTEMPATH/CodeIgniter.php(354): CodeIgniter\CodeIgniter->handleRequest()
 5 SYSTEMPATH/Boot.php(334): CodeIgniter\CodeIgniter->run()
 6 SYSTEMPATH/Boot.php(67): CodeIgniter\Boot::runCodeIgniter()
 7 FCPATH/index.php(59): CodeIgniter\Boot::bootWeb()
 8 SYSTEMPATH/rewrite.php(44): require_once('/home/zreis/Downloads/Project/Project-e-Keuangan/public/index.php')
CRITICAL - 2025-09-18 22:41:45 --> CodeIgniter\Filters\Exceptions\FilterException: "noauth" filter must have a matching alias defined.
[Method: GET, Route: /]
in SYSTEMPATH/Filters/Filters.php on line 590.
 1 SYSTEMPATH/Filters/Filters.php(590): CodeIgniter\Filters\Exceptions\FilterException::forNoAlias()
 2 SYSTEMPATH/Filters/Filters.php(641): CodeIgniter\Filters\Filters->enableFilter()
 3 SYSTEMPATH/CodeIgniter.php(467): CodeIgniter\Filters\Filters->enableFilters()
 4 SYSTEMPATH/CodeIgniter.php(354): CodeIgniter\CodeIgniter->handleRequest()
 5 SYSTEMPATH/Boot.php(334): CodeIgniter\CodeIgniter->run()
 6 SYSTEMPATH/Boot.php(67): CodeIgniter\Boot::runCodeIgniter()
 7 FCPATH/index.php(59): CodeIgniter\Boot::bootWeb()
 8 SYSTEMPATH/rewrite.php(44): require_once('/home/zreis/Downloads/Project/Project-e-Keuangan/public/index.php')
CRITICAL - 2025-09-18 18:36:47 --> CodeIgniter\Cache\Exceptions\CacheException: Cache unable to write to "E:\Xampp\htdocs\Project-e-Keuangan\writable\cache/".
[Method: GET, Route: /]
in SYSTEMPATH\Cache\Handlers\FileHandler.php on line 61.
 1 SYSTEMPATH\Cache\Handlers\FileHandler.php(61): CodeIgniter\Cache\Exceptions\CacheException::forUnableToWrite('E:\\Xampp\\htdocs\\Project-e-Keuangan\\writable\\cache/')
 2 SYSTEMPATH\Cache\CacheFactory.php(67): CodeIgniter\Cache\Handlers\FileHandler->__construct(Object(Config\Cache))
 3 SYSTEMPATH\Config\Services.php(129): CodeIgniter\Cache\CacheFactory::getHandler(Object(Config\Cache))
 4 SYSTEMPATH\Config\BaseService.php(312): CodeIgniter\Config\Services::cache(Object(Config\Cache), false)
 5 SYSTEMPATH\Config\BaseService.php(251): CodeIgniter\Config\BaseService::__callStatic('cache', [...])
 6 SYSTEMPATH\Config\Services.php(124): CodeIgniter\Config\BaseService::getSharedInstance('cache', null)
 7 SYSTEMPATH\Config\BaseService.php(321): CodeIgniter\Config\Services::cache()
 8 SYSTEMPATH\Config\BaseService.php(202): CodeIgniter\Config\BaseService::__callStatic('cache', [])
 9 SYSTEMPATH\Config\Services.php(454): CodeIgniter\Config\BaseService::get('cache')
10 SYSTEMPATH\Config\BaseService.php(312): CodeIgniter\Config\Services::responsecache(Object(Config\Cache), null, false)
11 SYSTEMPATH\Config\BaseService.php(251): CodeIgniter\Config\BaseService::__callStatic('responsecache', [...])
12 SYSTEMPATH\Config\Services.php(450): CodeIgniter\Config\BaseService::getSharedInstance('responsecache', null, null)
13 SYSTEMPATH\Config\BaseService.php(321): CodeIgniter\Config\Services::responsecache()
14 SYSTEMPATH\CodeIgniter.php(178): CodeIgniter\Config\BaseService::__callStatic('responsecache', [])
15 SYSTEMPATH\Config\Services.php(164): CodeIgniter\CodeIgniter->__construct(Object(Config\App))
16 SYSTEMPATH\Config\BaseService.php(312): CodeIgniter\Config\Services::codeigniter(Object(Config\App), false)
17 SYSTEMPATH\Config\BaseService.php(251): CodeIgniter\Config\BaseService::__callStatic('codeigniter', [...])
18 SYSTEMPATH\Config\Services.php(159): CodeIgniter\Config\BaseService::getSharedInstance('codeigniter', null)
19 SYSTEMPATH\Config\BaseService.php(321): CodeIgniter\Config\Services::codeigniter()
20 SYSTEMPATH\Config\BaseService.php(202): CodeIgniter\Config\BaseService::__callStatic('codeigniter', [])
21 SYSTEMPATH\Common.php(1000): CodeIgniter\Config\BaseService::get('codeigniter')
22 SYSTEMPATH\Boot.php(320): service('codeigniter')
23 SYSTEMPATH\Boot.php(101): CodeIgniter\Boot::initializeCodeIgniter()
24 ROOTPATH\spark(87): CodeIgniter\Boot::bootSpark(Object(Config\Paths))
CRITICAL - 2025-09-18 18:37:16 --> CodeIgniter\Cache\Exceptions\CacheException: Cache unable to write to "E:\Xampp\htdocs\Project-e-Keuangan\writable\cache/".
[Method: GET, Route: /]
in SYSTEMPATH\Cache\Handlers\FileHandler.php on line 61.
 1 SYSTEMPATH\Cache\Handlers\FileHandler.php(61): CodeIgniter\Cache\Exceptions\CacheException::forUnableToWrite('E:\\Xampp\\htdocs\\Project-e-Keuangan\\writable\\cache/')
 2 SYSTEMPATH\Cache\CacheFactory.php(67): CodeIgniter\Cache\Handlers\FileHandler->__construct(Object(Config\Cache))
 3 SYSTEMPATH\Config\Services.php(129): CodeIgniter\Cache\CacheFactory::getHandler(Object(Config\Cache))
 4 SYSTEMPATH\Config\BaseService.php(312): CodeIgniter\Config\Services::cache(Object(Config\Cache), false)
 5 SYSTEMPATH\Config\BaseService.php(251): CodeIgniter\Config\BaseService::__callStatic('cache', [...])
 6 SYSTEMPATH\Config\Services.php(124): CodeIgniter\Config\BaseService::getSharedInstance('cache', null)
 7 SYSTEMPATH\Config\BaseService.php(321): CodeIgniter\Config\Services::cache()
 8 SYSTEMPATH\Config\BaseService.php(202): CodeIgniter\Config\BaseService::__callStatic('cache', [])
 9 SYSTEMPATH\Config\Services.php(454): CodeIgniter\Config\BaseService::get('cache')
10 SYSTEMPATH\Config\BaseService.php(312): CodeIgniter\Config\Services::responsecache(Object(Config\Cache), null, false)
11 SYSTEMPATH\Config\BaseService.php(251): CodeIgniter\Config\BaseService::__callStatic('responsecache', [...])
12 SYSTEMPATH\Config\Services.php(450): CodeIgniter\Config\BaseService::getSharedInstance('responsecache', null, null)
13 SYSTEMPATH\Config\BaseService.php(321): CodeIgniter\Config\Services::responsecache()
14 SYSTEMPATH\CodeIgniter.php(178): CodeIgniter\Config\BaseService::__callStatic('responsecache', [])
15 SYSTEMPATH\Config\Services.php(164): CodeIgniter\CodeIgniter->__construct(Object(Config\App))
16 SYSTEMPATH\Config\BaseService.php(312): CodeIgniter\Config\Services::codeigniter(Object(Config\App), false)
17 SYSTEMPATH\Config\BaseService.php(251): CodeIgniter\Config\BaseService::__callStatic('codeigniter', [...])
18 SYSTEMPATH\Config\Services.php(159): CodeIgniter\Config\BaseService::getSharedInstance('codeigniter', null)
19 SYSTEMPATH\Config\BaseService.php(321): CodeIgniter\Config\Services::codeigniter()
20 SYSTEMPATH\Config\BaseService.php(202): CodeIgniter\Config\BaseService::__callStatic('codeigniter', [])
21 SYSTEMPATH\Common.php(1000): CodeIgniter\Config\BaseService::get('codeigniter')
22 SYSTEMPATH\Boot.php(320): service('codeigniter')
23 SYSTEMPATH\Boot.php(101): CodeIgniter\Boot::initializeCodeIgniter()
24 ROOTPATH\spark(87): CodeIgniter\Boot::bootSpark(Object(Config\Paths))
ERROR - 2025-09-18 23:45:12 --> mysqli_sql_exception: Table 'users' already exists in E:\Xampp\htdocs\Project-e-Keuangan\system\Database\MySQLi\Connection.php:327
Stack trace:
#0 E:\Xampp\htdocs\Project-e-Keuangan\system\Database\MySQLi\Connection.php(327): mysqli->query('CREATE TABLE `u...', 0)
#1 E:\Xampp\htdocs\Project-e-Keuangan\system\Database\BaseConnection.php(738): CodeIgniter\Database\MySQLi\Connection->execute('CREATE TABLE `u...')
#2 E:\Xampp\htdocs\Project-e-Keuangan\system\Database\BaseConnection.php(652): CodeIgniter\Database\BaseConnection->simpleQuery('CREATE TABLE `u...')
#3 E:\Xampp\htdocs\Project-e-Keuangan\system\Database\Forge.php(570): CodeIgniter\Database\BaseConnection->query('CREATE TABLE `u...')
#4 E:\Xampp\htdocs\Project-e-Keuangan\app\Database\Migrations\2025-09-12-091107_UserMigration.php(62): CodeIgniter\Database\Forge->createTable('users')
#5 E:\Xampp\htdocs\Project-e-Keuangan\system\Database\MigrationRunner.php(876): App\Database\Migrations\CreateUsersTable->up()
#6 E:\Xampp\htdocs\Project-e-Keuangan\system\Database\MigrationRunner.php(182): CodeIgniter\Database\MigrationRunner->migrate('up', Object(stdClass))
#7 E:\Xampp\htdocs\Project-e-Keuangan\system\Commands\Database\Migrate.php(85): CodeIgniter\Database\MigrationRunner->latest(NULL)
#8 E:\Xampp\htdocs\Project-e-Keuangan\system\CLI\Commands.php(74): CodeIgniter\Commands\Database\Migrate->run(Array)
#9 E:\Xampp\htdocs\Project-e-Keuangan\system\CLI\Console.php(47): CodeIgniter\CLI\Commands->run('migrate', Array)
#10 E:\Xampp\htdocs\Project-e-Keuangan\system\Boot.php(360): CodeIgniter\CLI\Console->run()
#11 E:\Xampp\htdocs\Project-e-Keuangan\system\Boot.php(104): CodeIgniter\Boot::runCommand(Object(CodeIgniter\CLI\Console))
#12 E:\Xampp\htdocs\Project-e-Keuangan\spark(87): CodeIgniter\Boot::bootSpark(Object(Config\Paths))
#13 {main}
ERROR - 2025-09-18 23:50:22 --> mysqli_sql_exception: Unknown column 'password' in 'field list' in E:\Xampp\htdocs\Project-e-Keuangan\system\Database\MySQLi\Connection.php:327
Stack trace:
#0 E:\Xampp\htdocs\Project-e-Keuangan\system\Database\MySQLi\Connection.php(327): mysqli->query('INSERT INTO `us...', 0)
#1 E:\Xampp\htdocs\Project-e-Keuangan\system\Database\BaseConnection.php(738): CodeIgniter\Database\MySQLi\Connection->execute('INSERT INTO `us...')
#2 E:\Xampp\htdocs\Project-e-Keuangan\system\Database\BaseConnection.php(652): CodeIgniter\Database\BaseConnection->simpleQuery('INSERT INTO `us...')
#3 E:\Xampp\htdocs\Project-e-Keuangan\system\Database\BaseBuilder.php(2345): CodeIgniter\Database\BaseConnection->query('INSERT INTO `us...', Array, false)
#4 E:\Xampp\htdocs\Project-e-Keuangan\app\Database\Seeds\UserSeeder.php(20): CodeIgniter\Database\BaseBuilder->insert(Array)
#5 E:\Xampp\htdocs\Project-e-Keuangan\system\Database\Seeder.php(149): App\Database\Seeds\UserSeeder->run()
#6 E:\Xampp\htdocs\Project-e-Keuangan\system\Commands\Database\Seed.php(79): CodeIgniter\Database\Seeder->call('App\\Database\\Se...')
#7 E:\Xampp\htdocs\Project-e-Keuangan\system\CLI\Commands.php(74): CodeIgniter\Commands\Database\Seed->run(Array)
#8 E:\Xampp\htdocs\Project-e-Keuangan\system\CLI\Console.php(47): CodeIgniter\CLI\Commands->run('db:seed', Array)
#9 E:\Xampp\htdocs\Project-e-Keuangan\system\Boot.php(360): CodeIgniter\CLI\Console->run()
#10 E:\Xampp\htdocs\Project-e-Keuangan\system\Boot.php(104): CodeIgniter\Boot::runCommand(Object(CodeIgniter\CLI\Console))
#11 E:\Xampp\htdocs\Project-e-Keuangan\spark(87): CodeIgniter\Boot::bootSpark(Object(Config\Paths))
#12 {main}
ERROR - 2025-09-18 23:51:40 --> mysqli_sql_exception: Unknown column 'is_active' in 'field list' in E:\Xampp\htdocs\Project-e-Keuangan\system\Database\MySQLi\Connection.php:327
Stack trace:
#0 E:\Xampp\htdocs\Project-e-Keuangan\system\Database\MySQLi\Connection.php(327): mysqli->query('INSERT INTO `us...', 0)
#1 E:\Xampp\htdocs\Project-e-Keuangan\system\Database\BaseConnection.php(738): CodeIgniter\Database\MySQLi\Connection->execute('INSERT INTO `us...')
#2 E:\Xampp\htdocs\Project-e-Keuangan\system\Database\BaseConnection.php(652): CodeIgniter\Database\BaseConnection->simpleQuery('INSERT INTO `us...')
#3 E:\Xampp\htdocs\Project-e-Keuangan\system\Database\BaseBuilder.php(2345): CodeIgniter\Database\BaseConnection->query('INSERT INTO `us...', Array, false)
#4 E:\Xampp\htdocs\Project-e-Keuangan\app\Database\Seeds\UserSeeder.php(20): CodeIgniter\Database\BaseBuilder->insert(Array)
#5 E:\Xampp\htdocs\Project-e-Keuangan\system\Database\Seeder.php(149): App\Database\Seeds\UserSeeder->run()
#6 E:\Xampp\htdocs\Project-e-Keuangan\system\Commands\Database\Seed.php(79): CodeIgniter\Database\Seeder->call('App\\Database\\Se...')
#7 E:\Xampp\htdocs\Project-e-Keuangan\system\CLI\Commands.php(74): CodeIgniter\Commands\Database\Seed->run(Array)
#8 E:\Xampp\htdocs\Project-e-Keuangan\system\CLI\Console.php(47): CodeIgniter\CLI\Commands->run('db:seed', Array)
#9 E:\Xampp\htdocs\Project-e-Keuangan\system\Boot.php(360): CodeIgniter\CLI\Console->run()
#10 E:\Xampp\htdocs\Project-e-Keuangan\system\Boot.php(104): CodeIgniter\Boot::runCommand(Object(CodeIgniter\CLI\Console))
#11 E:\Xampp\htdocs\Project-e-Keuangan\spark(87): CodeIgniter\Boot::bootSpark(Object(Config\Paths))
#12 {main}
ERROR - 2025-09-18 23:52:17 --> mysqli_sql_exception: Unknown column 'password' in 'field list' in E:\Xampp\htdocs\Project-e-Keuangan\system\Database\MySQLi\Connection.php:327
Stack trace:
#0 E:\Xampp\htdocs\Project-e-Keuangan\system\Database\MySQLi\Connection.php(327): mysqli->query('INSERT INTO `us...', 0)
#1 E:\Xampp\htdocs\Project-e-Keuangan\system\Database\BaseConnection.php(738): CodeIgniter\Database\MySQLi\Connection->execute('INSERT INTO `us...')
#2 E:\Xampp\htdocs\Project-e-Keuangan\system\Database\BaseConnection.php(652): CodeIgniter\Database\BaseConnection->simpleQuery('INSERT INTO `us...')
#3 E:\Xampp\htdocs\Project-e-Keuangan\system\Database\BaseBuilder.php(2345): CodeIgniter\Database\BaseConnection->query('INSERT INTO `us...', Array, false)
#4 E:\Xampp\htdocs\Project-e-Keuangan\app\Database\Seeds\UserSeeder.php(36): CodeIgniter\Database\BaseBuilder->insert(Array)
#5 E:\Xampp\htdocs\Project-e-Keuangan\system\Database\Seeder.php(149): App\Database\Seeds\UserSeeder->run()
#6 E:\Xampp\htdocs\Project-e-Keuangan\system\Commands\Database\Seed.php(79): CodeIgniter\Database\Seeder->call('App\\Database\\Se...')
#7 E:\Xampp\htdocs\Project-e-Keuangan\system\CLI\Commands.php(74): CodeIgniter\Commands\Database\Seed->run(Array)
#8 E:\Xampp\htdocs\Project-e-Keuangan\system\CLI\Console.php(47): CodeIgniter\CLI\Commands->run('db:seed', Array)
#9 E:\Xampp\htdocs\Project-e-Keuangan\system\Boot.php(360): CodeIgniter\CLI\Console->run()
#10 E:\Xampp\htdocs\Project-e-Keuangan\system\Boot.php(104): CodeIgniter\Boot::runCommand(Object(CodeIgniter\CLI\Console))
#11 E:\Xampp\htdocs\Project-e-Keuangan\spark(87): CodeIgniter\Boot::bootSpark(Object(Config\Paths))
#12 {main}
ERROR - 2025-09-18 23:52:48 --> mysqli_sql_exception: Duplicate entry 'admin@gmail.com' for key 'email' in E:\Xampp\htdocs\Project-e-Keuangan\system\Database\MySQLi\Connection.php:327
Stack trace:
#0 E:\Xampp\htdocs\Project-e-Keuangan\system\Database\MySQLi\Connection.php(327): mysqli->query('INSERT INTO `us...', 0)
#1 E:\Xampp\htdocs\Project-e-Keuangan\system\Database\BaseConnection.php(738): CodeIgniter\Database\MySQLi\Connection->execute('INSERT INTO `us...')
#2 E:\Xampp\htdocs\Project-e-Keuangan\system\Database\BaseConnection.php(652): CodeIgniter\Database\BaseConnection->simpleQuery('INSERT INTO `us...')
#3 E:\Xampp\htdocs\Project-e-Keuangan\system\Database\BaseBuilder.php(2345): CodeIgniter\Database\BaseConnection->query('INSERT INTO `us...', Array, false)
#4 E:\Xampp\htdocs\Project-e-Keuangan\app\Database\Seeds\UserSeeder.php(20): CodeIgniter\Database\BaseBuilder->insert(Array)
#5 E:\Xampp\htdocs\Project-e-Keuangan\system\Database\Seeder.php(149): App\Database\Seeds\UserSeeder->run()
#6 E:\Xampp\htdocs\Project-e-Keuangan\system\Commands\Database\Seed.php(79): CodeIgniter\Database\Seeder->call('App\\Database\\Se...')
#7 E:\Xampp\htdocs\Project-e-Keuangan\system\CLI\Commands.php(74): CodeIgniter\Commands\Database\Seed->run(Array)
#8 E:\Xampp\htdocs\Project-e-Keuangan\system\CLI\Console.php(47): CodeIgniter\CLI\Commands->run('db:seed', Array)
#9 E:\Xampp\htdocs\Project-e-Keuangan\system\Boot.php(360): CodeIgniter\CLI\Console->run()
#10 E:\Xampp\htdocs\Project-e-Keuangan\system\Boot.php(104): CodeIgniter\Boot::runCommand(Object(CodeIgniter\CLI\Console))
#11 E:\Xampp\htdocs\Project-e-Keuangan\spark(87): CodeIgniter\Boot::bootSpark(Object(Config\Paths))
#12 {main}
CRITICAL - 2025-09-18 23:54:20 --> ErrorException: Undefined array key "register"
[Method: GET, Route: register]
in VENDORPATH\myth\auth\src\Controllers\AuthController.php on line 133.
 1 VENDORPATH\myth\auth\src\Controllers\AuthController.php(133): CodeIgniter\Debug\Exceptions->errorHandler(2, 'Undefined array key "register"', 'E:\\Xampp\\htdocs\\Project-e-Keuangan\\vendor\\myth\\auth\\src\\Controllers\\AuthController.php', 133)
 2 SYSTEMPATH\CodeIgniter.php(933): Myth\Auth\Controllers\AuthController->register()
 3 SYSTEMPATH\CodeIgniter.php(507): CodeIgniter\CodeIgniter->runController(Object(Myth\Auth\Controllers\AuthController))
 4 SYSTEMPATH\CodeIgniter.php(354): CodeIgniter\CodeIgniter->handleRequest(null, Object(Config\Cache), false)
 5 SYSTEMPATH\Boot.php(334): CodeIgniter\CodeIgniter->run()
 6 SYSTEMPATH\Boot.php(67): CodeIgniter\Boot::runCodeIgniter(Object(CodeIgniter\CodeIgniter))
 7 FCPATH\index.php(59): CodeIgniter\Boot::bootWeb(Object(Config\Paths))
 8 SYSTEMPATH\rewrite.php(44): require_once('E:\\Xampp\\htdocs\\Project-e-Keuangan\\public\\index.php')
CRITICAL - 2025-09-18 23:55:05 --> CodeIgniter\Validation\Exceptions\ValidationException: "strong_password" is not a valid rule.
[Method: POST, Route: register]
in SYSTEMPATH\Validation\Validation.php on line 345.
 1 SYSTEMPATH\Validation\Validation.php(345): CodeIgniter\Validation\Exceptions\ValidationException::forRuleNotFound('strong_password')
 2 SYSTEMPATH\Validation\Validation.php(201): CodeIgniter\Validation\Validation->processRules('password', 'password', 'admin123', [...], [...], 'password')
 3 SYSTEMPATH\Controller.php(138): CodeIgniter\Validation\Validation->run()
 4 VENDORPATH\myth\auth\src\Controllers\AuthController.php(164): CodeIgniter\Controller->validate([...])
 5 SYSTEMPATH\CodeIgniter.php(933): Myth\Auth\Controllers\AuthController->attemptRegister()
 6 SYSTEMPATH\CodeIgniter.php(507): CodeIgniter\CodeIgniter->runController(Object(Myth\Auth\Controllers\AuthController))
 7 SYSTEMPATH\CodeIgniter.php(354): CodeIgniter\CodeIgniter->handleRequest(null, Object(Config\Cache), false)
 8 SYSTEMPATH\Boot.php(334): CodeIgniter\CodeIgniter->run()
 9 SYSTEMPATH\Boot.php(67): CodeIgniter\Boot::runCodeIgniter(Object(CodeIgniter\CodeIgniter))
10 FCPATH\index.php(59): CodeIgniter\Boot::bootWeb(Object(Config\Paths))
11 SYSTEMPATH\rewrite.php(44): require_once('E:\\Xampp\\htdocs\\Project-e-Keuangan\\public\\index.php')
CRITICAL - 2025-09-18 23:56:53 --> ErrorException: Could not check compatibility between Myth\Auth\Authentication\Passwords\CompositionValidator::check(string $password, ?CodeIgniter\Entity\Entity $user = null): bool and Myth\Auth\Authentication\Passwords\ValidatorInterface::check(string $password, ?CodeIgniter\Entity $user = null): bool, because class CodeIgniter\Entity is not available
[Method: POST, Route: register]
in VENDORPATH\myth\auth\src\Authentication\Passwords\CompositionValidator.php on line 28.
 1 [internal function]: CodeIgniter\Debug\Exceptions->shutdownHandler()
CRITICAL - 2025-09-18 23:57:56 --> ErrorException: Could not check compatibility between Myth\Auth\Authentication\Passwords\CompositionValidator::check(string $password, ?CodeIgniter\Entity\Entity $user = null): bool and Myth\Auth\Authentication\Passwords\ValidatorInterface::check(string $password, ?CodeIgniter\Entity $user = null): bool, because class CodeIgniter\Entity is not available
[Method: POST, Route: register]
in VENDORPATH\myth\auth\src\Authentication\Passwords\CompositionValidator.php on line 28.
 1 [internal function]: CodeIgniter\Debug\Exceptions->shutdownHandler()
CRITICAL - 2025-09-18 23:57:59 --> ErrorException: Could not check compatibility between Myth\Auth\Authentication\Passwords\CompositionValidator::check(string $password, ?CodeIgniter\Entity\Entity $user = null): bool and Myth\Auth\Authentication\Passwords\ValidatorInterface::check(string $password, ?CodeIgniter\Entity $user = null): bool, because class CodeIgniter\Entity is not available
[Method: POST, Route: register]
in VENDORPATH\myth\auth\src\Authentication\Passwords\CompositionValidator.php on line 28.
 1 [internal function]: CodeIgniter\Debug\Exceptions->shutdownHandler()
CRITICAL - 2025-09-18 23:58:28 --> ErrorException: Could not check compatibility between Myth\Auth\Authentication\Passwords\CompositionValidator::check(string $password, ?CodeIgniter\Entity\Entity $user = null): bool and Myth\Auth\Authentication\Passwords\ValidatorInterface::check(string $password, ?CodeIgniter\Entity $user = null): bool, because class CodeIgniter\Entity is not available
[Method: POST, Route: register]
in VENDORPATH\myth\auth\src\Authentication\Passwords\CompositionValidator.php on line 28.
 1 [internal function]: CodeIgniter\Debug\Exceptions->shutdownHandler()
CRITICAL - 2025-09-18 23:58:50 --> ErrorException: Could not check compatibility between Myth\Auth\Authentication\Passwords\CompositionValidator::check(string $password, ?CodeIgniter\Entity\Entity $user = null): bool and Myth\Auth\Authentication\Passwords\ValidatorInterface::check(string $password, ?CodeIgniter\Entity $user = null): bool, because class CodeIgniter\Entity is not available
[Method: POST, Route: register]
in VENDORPATH\myth\auth\src\Authentication\Passwords\CompositionValidator.php on line 28.
 1 [internal function]: CodeIgniter\Debug\Exceptions->shutdownHandler()
ERROR - 2025-09-18 23:59:45 --> mysqli_sql_exception: Table 'users' already exists in E:\Xampp\htdocs\Project-e-Keuangan\system\Database\MySQLi\Connection.php:327
Stack trace:
#0 E:\Xampp\htdocs\Project-e-Keuangan\system\Database\MySQLi\Connection.php(327): mysqli->query('CREATE TABLE `u...', 0)
#1 E:\Xampp\htdocs\Project-e-Keuangan\system\Database\BaseConnection.php(738): CodeIgniter\Database\MySQLi\Connection->execute('CREATE TABLE `u...')
#2 E:\Xampp\htdocs\Project-e-Keuangan\system\Database\BaseConnection.php(652): CodeIgniter\Database\BaseConnection->simpleQuery('CREATE TABLE `u...')
#3 E:\Xampp\htdocs\Project-e-Keuangan\system\Database\Forge.php(570): CodeIgniter\Database\BaseConnection->query('CREATE TABLE `u...')
#4 E:\Xampp\htdocs\Project-e-Keuangan\app\Database\Migrations\2025-09-12-091107_UserMigration.php(62): CodeIgniter\Database\Forge->createTable('users')
#5 E:\Xampp\htdocs\Project-e-Keuangan\system\Database\MigrationRunner.php(876): App\Database\Migrations\CreateUsersTable->up()
#6 E:\Xampp\htdocs\Project-e-Keuangan\system\Database\MigrationRunner.php(182): CodeIgniter\Database\MigrationRunner->migrate('up', Object(stdClass))
#7 E:\Xampp\htdocs\Project-e-Keuangan\system\Commands\Database\Migrate.php(85): CodeIgniter\Database\MigrationRunner->latest(NULL)
#8 E:\Xampp\htdocs\Project-e-Keuangan\system\CLI\Commands.php(74): CodeIgniter\Commands\Database\Migrate->run(Array)
#9 E:\Xampp\htdocs\Project-e-Keuangan\system\CLI\Console.php(47): CodeIgniter\CLI\Commands->run('migrate', Array)
#10 E:\Xampp\htdocs\Project-e-Keuangan\system\Boot.php(360): CodeIgniter\CLI\Console->run()
#11 E:\Xampp\htdocs\Project-e-Keuangan\system\Boot.php(104): CodeIgniter\Boot::runCommand(Object(CodeIgniter\CLI\Console))
#12 E:\Xampp\htdocs\Project-e-Keuangan\spark(87): CodeIgniter\Boot::bootSpark(Object(Config\Paths))
#13 {main}
