ERROR - 2025-09-12 09:42:53 --> Error connecting to the database: mysqli_sql_exception: No such file or directory in /home/zreis/Downloads/Project/Project-e-Keuangan/system/Database/MySQLi/Connection.php:201
Stack trace:
#0 /home/zreis/Downloads/Project/Project-e-Keuangan/system/Database/MySQLi/Connection.php(201): mysqli->real_connect()
#1 /home/zreis/Downloads/Project/Project-e-Keuangan/system/Database/BaseConnection.php(421): CodeIgniter\Database\MySQLi\Connection->connect()
#2 /home/zreis/Downloads/Project/Project-e-Keuangan/system/Database/BaseConnection.php(620): CodeIgniter\Database\BaseConnection->initialize()
#3 /home/zreis/Downloads/Project/Project-e-Keuangan/system/Database/BaseConnection.php(1525): CodeIgniter\Database\BaseConnection->query()
#4 /home/zreis/Downloads/Project/Project-e-Keuangan/system/Database/BaseConnection.php(1545): CodeIgniter\Database\BaseConnection->listTables()
#5 /home/zreis/Downloads/Project/Project-e-Keuangan/system/Database/MigrationRunner.php(768): CodeIgniter\Database\BaseConnection->tableExists()
#6 /home/zreis/Downloads/Project/Project-e-Keuangan/system/Database/MigrationRunner.php(162): CodeIgniter\Database\MigrationRunner->ensureTable()
#7 /home/zreis/Downloads/Project/Project-e-Keuangan/system/Commands/Database/Migrate.php(85): CodeIgniter\Database\MigrationRunner->latest()
#8 /home/zreis/Downloads/Project/Project-e-Keuangan/system/CLI/Commands.php(74): CodeIgniter\Commands\Database\Migrate->run()
#9 /home/zreis/Downloads/Project/Project-e-Keuangan/system/CLI/Console.php(47): CodeIgniter\CLI\Commands->run()
#10 /home/zreis/Downloads/Project/Project-e-Keuangan/system/Boot.php(360): CodeIgniter\CLI\Console->run()
#11 /home/zreis/Downloads/Project/Project-e-Keuangan/system/Boot.php(104): CodeIgniter\Boot::runCommand()
#12 /home/zreis/Downloads/Project/Project-e-Keuangan/spark(87): CodeIgniter\Boot::bootSpark()
#13 {main}

Next CodeIgniter\Database\Exceptions\DatabaseException: No such file or directory in /home/zreis/Downloads/Project/Project-e-Keuangan/system/Database/MySQLi/Connection.php:246
Stack trace:
#0 /home/zreis/Downloads/Project/Project-e-Keuangan/system/Database/BaseConnection.php(421): CodeIgniter\Database\MySQLi\Connection->connect()
#1 /home/zreis/Downloads/Project/Project-e-Keuangan/system/Database/BaseConnection.php(620): CodeIgniter\Database\BaseConnection->initialize()
#2 /home/zreis/Downloads/Project/Project-e-Keuangan/system/Database/BaseConnection.php(1525): CodeIgniter\Database\BaseConnection->query()
#3 /home/zreis/Downloads/Project/Project-e-Keuangan/system/Database/BaseConnection.php(1545): CodeIgniter\Database\BaseConnection->listTables()
#4 /home/zreis/Downloads/Project/Project-e-Keuangan/system/Database/MigrationRunner.php(768): CodeIgniter\Database\BaseConnection->tableExists()
#5 /home/zreis/Downloads/Project/Project-e-Keuangan/system/Database/MigrationRunner.php(162): CodeIgniter\Database\MigrationRunner->ensureTable()
#6 /home/zreis/Downloads/Project/Project-e-Keuangan/system/Commands/Database/Migrate.php(85): CodeIgniter\Database\MigrationRunner->latest()
#7 /home/zreis/Downloads/Project/Project-e-Keuangan/system/CLI/Commands.php(74): CodeIgniter\Commands\Database\Migrate->run()
#8 /home/zreis/Downloads/Project/Project-e-Keuangan/system/CLI/Console.php(47): CodeIgniter\CLI\Commands->run()
#9 /home/zreis/Downloads/Project/Project-e-Keuangan/system/Boot.php(360): CodeIgniter\CLI\Console->run()
#10 /home/zreis/Downloads/Project/Project-e-Keuangan/system/Boot.php(104): CodeIgniter\Boot::runCommand()
#11 /home/zreis/Downloads/Project/Project-e-Keuangan/spark(87): CodeIgniter\Boot::bootSpark()
#12 {main}
CRITICAL - 2025-09-12 10:02:36 --> Error: Class "CodeIgniter\Database\MySQ\Connection" not found
[Method: CLI, Route: migrate]
in SYSTEMPATH/Database/Database.php on line 143.
 1 SYSTEMPATH/Database/Database.php(61): CodeIgniter\Database\Database->initDriver()
 2 SYSTEMPATH/Database/Config.php(82): CodeIgniter\Database\Database->load()
 3 SYSTEMPATH/Common.php(363): CodeIgniter\Database\Config::connect()
 4 SYSTEMPATH/Database/MigrationRunner.php(145): db_connect()
 5 SYSTEMPATH/Config/Services.php(421): CodeIgniter\Database\MigrationRunner->__construct()
 6 SYSTEMPATH/Config/BaseService.php(312): CodeIgniter\Config\Services::migrations()
 7 SYSTEMPATH/Config/BaseService.php(251): CodeIgniter\Config\BaseService::__callStatic()
 8 SYSTEMPATH/Config/Services.php(416): CodeIgniter\Config\BaseService::getSharedInstance()
 9 SYSTEMPATH/Config/BaseService.php(321): CodeIgniter\Config\Services::migrations()
10 SYSTEMPATH/Config/BaseService.php(202): CodeIgniter\Config\BaseService::__callStatic()
11 SYSTEMPATH/Common.php(1000): CodeIgniter\Config\BaseService::get()
12 SYSTEMPATH/Commands/Database/Migrate.php(70): service()
13 SYSTEMPATH/CLI/Commands.php(74): CodeIgniter\Commands\Database\Migrate->run()
14 SYSTEMPATH/CLI/Console.php(47): CodeIgniter\CLI\Commands->run()
15 SYSTEMPATH/Boot.php(360): CodeIgniter\CLI\Console->run()
16 SYSTEMPATH/Boot.php(104): CodeIgniter\Boot::runCommand()
17 ROOTPATH/spark(87): CodeIgniter\Boot::bootSpark()
ERROR - 2025-09-12 10:04:13 --> Error connecting to the database: mysqli_sql_exception: No such file or directory in /home/zreis/Downloads/Project/Project-e-Keuangan/system/Database/MySQLi/Connection.php:201
Stack trace:
#0 /home/zreis/Downloads/Project/Project-e-Keuangan/system/Database/MySQLi/Connection.php(201): mysqli->real_connect()
#1 /home/zreis/Downloads/Project/Project-e-Keuangan/system/Database/BaseConnection.php(421): CodeIgniter\Database\MySQLi\Connection->connect()
#2 /home/zreis/Downloads/Project/Project-e-Keuangan/system/Database/BaseConnection.php(620): CodeIgniter\Database\BaseConnection->initialize()
#3 /home/zreis/Downloads/Project/Project-e-Keuangan/system/Database/BaseConnection.php(1525): CodeIgniter\Database\BaseConnection->query()
#4 /home/zreis/Downloads/Project/Project-e-Keuangan/system/Database/BaseConnection.php(1545): CodeIgniter\Database\BaseConnection->listTables()
#5 /home/zreis/Downloads/Project/Project-e-Keuangan/system/Database/MigrationRunner.php(768): CodeIgniter\Database\BaseConnection->tableExists()
#6 /home/zreis/Downloads/Project/Project-e-Keuangan/system/Database/MigrationRunner.php(162): CodeIgniter\Database\MigrationRunner->ensureTable()
#7 /home/zreis/Downloads/Project/Project-e-Keuangan/system/Commands/Database/Migrate.php(85): CodeIgniter\Database\MigrationRunner->latest()
#8 /home/zreis/Downloads/Project/Project-e-Keuangan/system/CLI/Commands.php(74): CodeIgniter\Commands\Database\Migrate->run()
#9 /home/zreis/Downloads/Project/Project-e-Keuangan/system/CLI/Console.php(47): CodeIgniter\CLI\Commands->run()
#10 /home/zreis/Downloads/Project/Project-e-Keuangan/system/Boot.php(360): CodeIgniter\CLI\Console->run()
#11 /home/zreis/Downloads/Project/Project-e-Keuangan/system/Boot.php(104): CodeIgniter\Boot::runCommand()
#12 /home/zreis/Downloads/Project/Project-e-Keuangan/spark(87): CodeIgniter\Boot::bootSpark()
#13 {main}

Next CodeIgniter\Database\Exceptions\DatabaseException: No such file or directory in /home/zreis/Downloads/Project/Project-e-Keuangan/system/Database/MySQLi/Connection.php:246
Stack trace:
#0 /home/zreis/Downloads/Project/Project-e-Keuangan/system/Database/BaseConnection.php(421): CodeIgniter\Database\MySQLi\Connection->connect()
#1 /home/zreis/Downloads/Project/Project-e-Keuangan/system/Database/BaseConnection.php(620): CodeIgniter\Database\BaseConnection->initialize()
#2 /home/zreis/Downloads/Project/Project-e-Keuangan/system/Database/BaseConnection.php(1525): CodeIgniter\Database\BaseConnection->query()
#3 /home/zreis/Downloads/Project/Project-e-Keuangan/system/Database/BaseConnection.php(1545): CodeIgniter\Database\BaseConnection->listTables()
#4 /home/zreis/Downloads/Project/Project-e-Keuangan/system/Database/MigrationRunner.php(768): CodeIgniter\Database\BaseConnection->tableExists()
#5 /home/zreis/Downloads/Project/Project-e-Keuangan/system/Database/MigrationRunner.php(162): CodeIgniter\Database\MigrationRunner->ensureTable()
#6 /home/zreis/Downloads/Project/Project-e-Keuangan/system/Commands/Database/Migrate.php(85): CodeIgniter\Database\MigrationRunner->latest()
#7 /home/zreis/Downloads/Project/Project-e-Keuangan/system/CLI/Commands.php(74): CodeIgniter\Commands\Database\Migrate->run()
#8 /home/zreis/Downloads/Project/Project-e-Keuangan/system/CLI/Console.php(47): CodeIgniter\CLI\Commands->run()
#9 /home/zreis/Downloads/Project/Project-e-Keuangan/system/Boot.php(360): CodeIgniter\CLI\Console->run()
#10 /home/zreis/Downloads/Project/Project-e-Keuangan/system/Boot.php(104): CodeIgniter\Boot::runCommand()
#11 /home/zreis/Downloads/Project/Project-e-Keuangan/spark(87): CodeIgniter\Boot::bootSpark()
#12 {main}
ERROR - 2025-09-12 10:04:19 --> Error connecting to the database: ErrorException: mysqli::real_connect(): php_network_getaddresses: getaddrinfo for db failed: Name or service not known in /home/zreis/Downloads/Project/Project-e-Keuangan/system/Database/MySQLi/Connection.php:201
Stack trace:
#0 [internal function]: CodeIgniter\Debug\Exceptions->errorHandler()
#1 /home/zreis/Downloads/Project/Project-e-Keuangan/system/Database/MySQLi/Connection.php(201): mysqli->real_connect()
#2 /home/zreis/Downloads/Project/Project-e-Keuangan/system/Database/BaseConnection.php(421): CodeIgniter\Database\MySQLi\Connection->connect()
#3 /home/zreis/Downloads/Project/Project-e-Keuangan/system/Database/BaseConnection.php(620): CodeIgniter\Database\BaseConnection->initialize()
#4 /home/zreis/Downloads/Project/Project-e-Keuangan/system/Database/BaseConnection.php(1525): CodeIgniter\Database\BaseConnection->query()
#5 /home/zreis/Downloads/Project/Project-e-Keuangan/system/Database/BaseConnection.php(1545): CodeIgniter\Database\BaseConnection->listTables()
#6 /home/zreis/Downloads/Project/Project-e-Keuangan/system/Database/MigrationRunner.php(768): CodeIgniter\Database\BaseConnection->tableExists()
#7 /home/zreis/Downloads/Project/Project-e-Keuangan/system/Database/MigrationRunner.php(162): CodeIgniter\Database\MigrationRunner->ensureTable()
#8 /home/zreis/Downloads/Project/Project-e-Keuangan/system/Commands/Database/Migrate.php(85): CodeIgniter\Database\MigrationRunner->latest()
#9 /home/zreis/Downloads/Project/Project-e-Keuangan/system/CLI/Commands.php(74): CodeIgniter\Commands\Database\Migrate->run()
#10 /home/zreis/Downloads/Project/Project-e-Keuangan/system/CLI/Console.php(47): CodeIgniter\CLI\Commands->run()
#11 /home/zreis/Downloads/Project/Project-e-Keuangan/system/Boot.php(360): CodeIgniter\CLI\Console->run()
#12 /home/zreis/Downloads/Project/Project-e-Keuangan/system/Boot.php(104): CodeIgniter\Boot::runCommand()
#13 /home/zreis/Downloads/Project/Project-e-Keuangan/spark(87): CodeIgniter\Boot::bootSpark()
#14 {main}

Next mysqli_sql_exception: php_network_getaddresses: getaddrinfo for db failed: Name or service not known in /home/zreis/Downloads/Project/Project-e-Keuangan/system/Database/MySQLi/Connection.php:201
Stack trace:
#0 /home/zreis/Downloads/Project/Project-e-Keuangan/system/Database/MySQLi/Connection.php(201): mysqli->real_connect()
#1 /home/zreis/Downloads/Project/Project-e-Keuangan/system/Database/BaseConnection.php(421): CodeIgniter\Database\MySQLi\Connection->connect()
#2 /home/zreis/Downloads/Project/Project-e-Keuangan/system/Database/BaseConnection.php(620): CodeIgniter\Database\BaseConnection->initialize()
#3 /home/zreis/Downloads/Project/Project-e-Keuangan/system/Database/BaseConnection.php(1525): CodeIgniter\Database\BaseConnection->query()
#4 /home/zreis/Downloads/Project/Project-e-Keuangan/system/Database/BaseConnection.php(1545): CodeIgniter\Database\BaseConnection->listTables()
#5 /home/zreis/Downloads/Project/Project-e-Keuangan/system/Database/MigrationRunner.php(768): CodeIgniter\Database\BaseConnection->tableExists()
#6 /home/zreis/Downloads/Project/Project-e-Keuangan/system/Database/MigrationRunner.php(162): CodeIgniter\Database\MigrationRunner->ensureTable()
#7 /home/zreis/Downloads/Project/Project-e-Keuangan/system/Commands/Database/Migrate.php(85): CodeIgniter\Database\MigrationRunner->latest()
#8 /home/zreis/Downloads/Project/Project-e-Keuangan/system/CLI/Commands.php(74): CodeIgniter\Commands\Database\Migrate->run()
#9 /home/zreis/Downloads/Project/Project-e-Keuangan/system/CLI/Console.php(47): CodeIgniter\CLI\Commands->run()
#10 /home/zreis/Downloads/Project/Project-e-Keuangan/system/Boot.php(360): CodeIgniter\CLI\Console->run()
#11 /home/zreis/Downloads/Project/Project-e-Keuangan/system/Boot.php(104): CodeIgniter\Boot::runCommand()
#12 /home/zreis/Downloads/Project/Project-e-Keuangan/spark(87): CodeIgniter\Boot::bootSpark()
#13 {main}

Next CodeIgniter\Database\Exceptions\DatabaseException: php_network_getaddresses: getaddrinfo for db failed: Name or service not known in /home/zreis/Downloads/Project/Project-e-Keuangan/system/Database/MySQLi/Connection.php:246
Stack trace:
#0 /home/zreis/Downloads/Project/Project-e-Keuangan/system/Database/BaseConnection.php(421): CodeIgniter\Database\MySQLi\Connection->connect()
#1 /home/zreis/Downloads/Project/Project-e-Keuangan/system/Database/BaseConnection.php(620): CodeIgniter\Database\BaseConnection->initialize()
#2 /home/zreis/Downloads/Project/Project-e-Keuangan/system/Database/BaseConnection.php(1525): CodeIgniter\Database\BaseConnection->query()
#3 /home/zreis/Downloads/Project/Project-e-Keuangan/system/Database/BaseConnection.php(1545): CodeIgniter\Database\BaseConnection->listTables()
#4 /home/zreis/Downloads/Project/Project-e-Keuangan/system/Database/MigrationRunner.php(768): CodeIgniter\Database\BaseConnection->tableExists()
#5 /home/zreis/Downloads/Project/Project-e-Keuangan/system/Database/MigrationRunner.php(162): CodeIgniter\Database\MigrationRunner->ensureTable()
#6 /home/zreis/Downloads/Project/Project-e-Keuangan/system/Commands/Database/Migrate.php(85): CodeIgniter\Database\MigrationRunner->latest()
#7 /home/zreis/Downloads/Project/Project-e-Keuangan/system/CLI/Commands.php(74): CodeIgniter\Commands\Database\Migrate->run()
#8 /home/zreis/Downloads/Project/Project-e-Keuangan/system/CLI/Console.php(47): CodeIgniter\CLI\Commands->run()
#9 /home/zreis/Downloads/Project/Project-e-Keuangan/system/Boot.php(360): CodeIgniter\CLI\Console->run()
#10 /home/zreis/Downloads/Project/Project-e-Keuangan/system/Boot.php(104): CodeIgniter\Boot::runCommand()
#11 /home/zreis/Downloads/Project/Project-e-Keuangan/spark(87): CodeIgniter\Boot::bootSpark()
#12 {main}
ERROR - 2025-09-12 10:05:31 --> mysqli_sql_exception: Duplicate key name 'nis' in /home/zreis/Downloads/Project/Project-e-Keuangan/system/Database/MySQLi/Connection.php:327
Stack trace:
#0 /home/zreis/Downloads/Project/Project-e-Keuangan/system/Database/MySQLi/Connection.php(327): mysqli->query()
#1 /home/zreis/Downloads/Project/Project-e-Keuangan/system/Database/BaseConnection.php(738): CodeIgniter\Database\MySQLi\Connection->execute()
#2 /home/zreis/Downloads/Project/Project-e-Keuangan/system/Database/BaseConnection.php(652): CodeIgniter\Database\BaseConnection->simpleQuery()
#3 /home/zreis/Downloads/Project/Project-e-Keuangan/system/Database/Forge.php(570): CodeIgniter\Database\BaseConnection->query()
#4 /home/zreis/Downloads/Project/Project-e-Keuangan/app/Database/Migrations/2025-09-11-115025_Siswa.php(85): CodeIgniter\Database\Forge->createTable()
#5 /home/zreis/Downloads/Project/Project-e-Keuangan/system/Database/MigrationRunner.php(876): App\Database\Migrations\Siswa->up()
#6 /home/zreis/Downloads/Project/Project-e-Keuangan/system/Database/MigrationRunner.php(182): CodeIgniter\Database\MigrationRunner->migrate()
#7 /home/zreis/Downloads/Project/Project-e-Keuangan/system/Commands/Database/Migrate.php(85): CodeIgniter\Database\MigrationRunner->latest()
#8 /home/zreis/Downloads/Project/Project-e-Keuangan/system/CLI/Commands.php(74): CodeIgniter\Commands\Database\Migrate->run()
#9 /home/zreis/Downloads/Project/Project-e-Keuangan/system/CLI/Console.php(47): CodeIgniter\CLI\Commands->run()
#10 /home/zreis/Downloads/Project/Project-e-Keuangan/system/Boot.php(360): CodeIgniter\CLI\Console->run()
#11 /home/zreis/Downloads/Project/Project-e-Keuangan/system/Boot.php(104): CodeIgniter\Boot::runCommand()
#12 /home/zreis/Downloads/Project/Project-e-Keuangan/spark(87): CodeIgniter\Boot::bootSpark()
#13 {main}
ERROR - 2025-09-12 10:24:17 --> mysqli_sql_exception: Failed to open the referenced table 'jurusan' in /home/zreis/Downloads/Project/Project-e-Keuangan/system/Database/MySQLi/Connection.php:327
Stack trace:
#0 /home/zreis/Downloads/Project/Project-e-Keuangan/system/Database/MySQLi/Connection.php(327): mysqli->query()
#1 /home/zreis/Downloads/Project/Project-e-Keuangan/system/Database/BaseConnection.php(738): CodeIgniter\Database\MySQLi\Connection->execute()
#2 /home/zreis/Downloads/Project/Project-e-Keuangan/system/Database/BaseConnection.php(652): CodeIgniter\Database\BaseConnection->simpleQuery()
#3 /home/zreis/Downloads/Project/Project-e-Keuangan/system/Database/Forge.php(570): CodeIgniter\Database\BaseConnection->query()
#4 /home/zreis/Downloads/Project/Project-e-Keuangan/app/Database/Migrations/2025-09-11-115025_Siswa.php(83): CodeIgniter\Database\Forge->createTable()
#5 /home/zreis/Downloads/Project/Project-e-Keuangan/system/Database/MigrationRunner.php(876): App\Database\Migrations\Siswa->up()
#6 /home/zreis/Downloads/Project/Project-e-Keuangan/system/Database/MigrationRunner.php(182): CodeIgniter\Database\MigrationRunner->migrate()
#7 /home/zreis/Downloads/Project/Project-e-Keuangan/system/Commands/Database/Migrate.php(85): CodeIgniter\Database\MigrationRunner->latest()
#8 /home/zreis/Downloads/Project/Project-e-Keuangan/system/CLI/Commands.php(74): CodeIgniter\Commands\Database\Migrate->run()
#9 /home/zreis/Downloads/Project/Project-e-Keuangan/system/CLI/Console.php(47): CodeIgniter\CLI\Commands->run()
#10 /home/zreis/Downloads/Project/Project-e-Keuangan/system/Boot.php(360): CodeIgniter\CLI\Console->run()
#11 /home/zreis/Downloads/Project/Project-e-Keuangan/system/Boot.php(104): CodeIgniter\Boot::runCommand()
#12 /home/zreis/Downloads/Project/Project-e-Keuangan/spark(87): CodeIgniter\Boot::bootSpark()
#13 {main}
ERROR - 2025-09-12 14:59:40 --> mysqli_sql_exception: Failed to open the referenced table 'kelas' in /home/zreis/Downloads/Project/Project-e-Keuangan/system/Database/MySQLi/Connection.php:327
Stack trace:
#0 /home/zreis/Downloads/Project/Project-e-Keuangan/system/Database/MySQLi/Connection.php(327): mysqli->query()
#1 /home/zreis/Downloads/Project/Project-e-Keuangan/system/Database/BaseConnection.php(738): CodeIgniter\Database\MySQLi\Connection->execute()
#2 /home/zreis/Downloads/Project/Project-e-Keuangan/system/Database/BaseConnection.php(652): CodeIgniter\Database\BaseConnection->simpleQuery()
#3 /home/zreis/Downloads/Project/Project-e-Keuangan/system/Database/Forge.php(570): CodeIgniter\Database\BaseConnection->query()
#4 /home/zreis/Downloads/Project/Project-e-Keuangan/app/Database/Migrations/2025-09-12-105016_SiswaMigration.php(83): CodeIgniter\Database\Forge->createTable()
#5 /home/zreis/Downloads/Project/Project-e-Keuangan/system/Database/MigrationRunner.php(876): App\Database\Migrations\SiswaMigration->up()
#6 /home/zreis/Downloads/Project/Project-e-Keuangan/system/Database/MigrationRunner.php(182): CodeIgniter\Database\MigrationRunner->migrate()
#7 /home/zreis/Downloads/Project/Project-e-Keuangan/system/Commands/Database/Migrate.php(85): CodeIgniter\Database\MigrationRunner->latest()
#8 /home/zreis/Downloads/Project/Project-e-Keuangan/system/CLI/Commands.php(74): CodeIgniter\Commands\Database\Migrate->run()
#9 /home/zreis/Downloads/Project/Project-e-Keuangan/system/CLI/Console.php(47): CodeIgniter\CLI\Commands->run()
#10 /home/zreis/Downloads/Project/Project-e-Keuangan/system/Boot.php(360): CodeIgniter\CLI\Console->run()
#11 /home/zreis/Downloads/Project/Project-e-Keuangan/system/Boot.php(104): CodeIgniter\Boot::runCommand()
#12 /home/zreis/Downloads/Project/Project-e-Keuangan/spark(87): CodeIgniter\Boot::bootSpark()
#13 {main}
WARNING - 2025-09-12 15:25:51 --> [DEPRECATED] Since fakerphp/faker 1.14: Accessing property "name" is deprecated, use "name()" instead. in VENDORPATH/symfony/deprecation-contracts/function.php on line 25.
 1 VENDORPATH/symfony/deprecation-contracts/function.php(25): trigger_error('Since fakerphp/faker 1.14: Accessing property "name" is deprecated, use "name()" instead.', 16384)
 2 VENDORPATH/fakerphp/faker/src/Faker/Generator.php(962): trigger_deprecation('fakerphp/faker', '1.14', 'Accessing property "%s" is deprecated, use "%s()" instead.', 'name', 'name')
 3 APPPATH/Database/Seeds/GuruSeeder.php(15): Faker\Generator->__get('name')
 4 SYSTEMPATH/Database/Seeder.php(149): App\Database\Seeds\GuruSeeder->run()
 5 SYSTEMPATH/Commands/Database/Seed.php(79): CodeIgniter\Database\Seeder->call('App\\Database\\Seeds\\GuruSeeder')
 6 SYSTEMPATH/CLI/Commands.php(74): CodeIgniter\Commands\Database\Seed->run([])
 7 SYSTEMPATH/CLI/Console.php(47): CodeIgniter\CLI\Commands->run('db:seed', [...])
 8 SYSTEMPATH/Boot.php(360): CodeIgniter\CLI\Console->run()
 9 SYSTEMPATH/Boot.php(104): CodeIgniter\Boot::runCommand(Object(CodeIgniter\CLI\Console))
10 ROOTPATH/spark(87): CodeIgniter\Boot::bootSpark(Object(Config\Paths))
WARNING - 2025-09-12 15:25:51 --> [DEPRECATED] Since fakerphp/faker 1.14: Accessing property "address" is deprecated, use "address()" instead. in VENDORPATH/symfony/deprecation-contracts/function.php on line 25.
 1 VENDORPATH/symfony/deprecation-contracts/function.php(25): trigger_error('Since fakerphp/faker 1.14: Accessing property "address" is deprecated, use "address()" instead.', 16384)
 2 VENDORPATH/fakerphp/faker/src/Faker/Generator.php(962): trigger_deprecation('fakerphp/faker', '1.14', 'Accessing property "%s" is deprecated, use "%s()" instead.', 'address', 'address')
 3 APPPATH/Database/Seeds/GuruSeeder.php(17): Faker\Generator->__get('address')
 4 SYSTEMPATH/Database/Seeder.php(149): App\Database\Seeds\GuruSeeder->run()
 5 SYSTEMPATH/Commands/Database/Seed.php(79): CodeIgniter\Database\Seeder->call('App\\Database\\Seeds\\GuruSeeder')
 6 SYSTEMPATH/CLI/Commands.php(74): CodeIgniter\Commands\Database\Seed->run([])
 7 SYSTEMPATH/CLI/Console.php(47): CodeIgniter\CLI\Commands->run('db:seed', [...])
 8 SYSTEMPATH/Boot.php(360): CodeIgniter\CLI\Console->run()
 9 SYSTEMPATH/Boot.php(104): CodeIgniter\Boot::runCommand(Object(CodeIgniter\CLI\Console))
10 ROOTPATH/spark(87): CodeIgniter\Boot::bootSpark(Object(Config\Paths))
WARNING - 2025-09-12 15:25:51 --> [DEPRECATED] Since fakerphp/faker 1.14: Accessing property "phoneNumber" is deprecated, use "phoneNumber()" instead. in VENDORPATH/symfony/deprecation-contracts/function.php on line 25.
 1 VENDORPATH/symfony/deprecation-contracts/function.php(25): trigger_error('Since fakerphp/faker 1.14: Accessing property "phoneNumber" is deprecated, use "phoneNumber()" instead.', 16384)
 2 VENDORPATH/fakerphp/faker/src/Faker/Generator.php(962): trigger_deprecation('fakerphp/faker', '1.14', 'Accessing property "%s" is deprecated, use "%s()" instead.', 'phoneNumber', 'phoneNumber')
 3 APPPATH/Database/Seeds/GuruSeeder.php(19): Faker\Generator->__get('phoneNumber')
 4 SYSTEMPATH/Database/Seeder.php(149): App\Database\Seeds\GuruSeeder->run()
 5 SYSTEMPATH/Commands/Database/Seed.php(79): CodeIgniter\Database\Seeder->call('App\\Database\\Seeds\\GuruSeeder')
 6 SYSTEMPATH/CLI/Commands.php(74): CodeIgniter\Commands\Database\Seed->run([])
 7 SYSTEMPATH/CLI/Console.php(47): CodeIgniter\CLI\Commands->run('db:seed', [...])
 8 SYSTEMPATH/Boot.php(360): CodeIgniter\CLI\Console->run()
 9 SYSTEMPATH/Boot.php(104): CodeIgniter\Boot::runCommand(Object(CodeIgniter\CLI\Console))
10 ROOTPATH/spark(87): CodeIgniter\Boot::bootSpark(Object(Config\Paths))
WARNING - 2025-09-12 15:25:51 --> [DEPRECATED] Since fakerphp/faker 1.14: Accessing property "name" is deprecated, use "name()" instead. in VENDORPATH/symfony/deprecation-contracts/function.php on line 25.
 1 VENDORPATH/symfony/deprecation-contracts/function.php(25): trigger_error('Since fakerphp/faker 1.14: Accessing property "name" is deprecated, use "name()" instead.', 16384)
 2 VENDORPATH/fakerphp/faker/src/Faker/Generator.php(962): trigger_deprecation('fakerphp/faker', '1.14', 'Accessing property "%s" is deprecated, use "%s()" instead.', 'name', 'name')
 3 APPPATH/Database/Seeds/GuruSeeder.php(15): Faker\Generator->__get('name')
 4 SYSTEMPATH/Database/Seeder.php(149): App\Database\Seeds\GuruSeeder->run()
 5 SYSTEMPATH/Commands/Database/Seed.php(79): CodeIgniter\Database\Seeder->call('App\\Database\\Seeds\\GuruSeeder')
 6 SYSTEMPATH/CLI/Commands.php(74): CodeIgniter\Commands\Database\Seed->run([])
 7 SYSTEMPATH/CLI/Console.php(47): CodeIgniter\CLI\Commands->run('db:seed', [...])
 8 SYSTEMPATH/Boot.php(360): CodeIgniter\CLI\Console->run()
 9 SYSTEMPATH/Boot.php(104): CodeIgniter\Boot::runCommand(Object(CodeIgniter\CLI\Console))
10 ROOTPATH/spark(87): CodeIgniter\Boot::bootSpark(Object(Config\Paths))
WARNING - 2025-09-12 15:25:51 --> [DEPRECATED] Since fakerphp/faker 1.14: Accessing property "address" is deprecated, use "address()" instead. in VENDORPATH/symfony/deprecation-contracts/function.php on line 25.
 1 VENDORPATH/symfony/deprecation-contracts/function.php(25): trigger_error('Since fakerphp/faker 1.14: Accessing property "address" is deprecated, use "address()" instead.', 16384)
 2 VENDORPATH/fakerphp/faker/src/Faker/Generator.php(962): trigger_deprecation('fakerphp/faker', '1.14', 'Accessing property "%s" is deprecated, use "%s()" instead.', 'address', 'address')
 3 APPPATH/Database/Seeds/GuruSeeder.php(17): Faker\Generator->__get('address')
 4 SYSTEMPATH/Database/Seeder.php(149): App\Database\Seeds\GuruSeeder->run()
 5 SYSTEMPATH/Commands/Database/Seed.php(79): CodeIgniter\Database\Seeder->call('App\\Database\\Seeds\\GuruSeeder')
 6 SYSTEMPATH/CLI/Commands.php(74): CodeIgniter\Commands\Database\Seed->run([])
 7 SYSTEMPATH/CLI/Console.php(47): CodeIgniter\CLI\Commands->run('db:seed', [...])
 8 SYSTEMPATH/Boot.php(360): CodeIgniter\CLI\Console->run()
 9 SYSTEMPATH/Boot.php(104): CodeIgniter\Boot::runCommand(Object(CodeIgniter\CLI\Console))
10 ROOTPATH/spark(87): CodeIgniter\Boot::bootSpark(Object(Config\Paths))
WARNING - 2025-09-12 15:25:51 --> [DEPRECATED] Since fakerphp/faker 1.14: Accessing property "phoneNumber" is deprecated, use "phoneNumber()" instead. in VENDORPATH/symfony/deprecation-contracts/function.php on line 25.
 1 VENDORPATH/symfony/deprecation-contracts/function.php(25): trigger_error('Since fakerphp/faker 1.14: Accessing property "phoneNumber" is deprecated, use "phoneNumber()" instead.', 16384)
 2 VENDORPATH/fakerphp/faker/src/Faker/Generator.php(962): trigger_deprecation('fakerphp/faker', '1.14', 'Accessing property "%s" is deprecated, use "%s()" instead.', 'phoneNumber', 'phoneNumber')
 3 APPPATH/Database/Seeds/GuruSeeder.php(19): Faker\Generator->__get('phoneNumber')
 4 SYSTEMPATH/Database/Seeder.php(149): App\Database\Seeds\GuruSeeder->run()
 5 SYSTEMPATH/Commands/Database/Seed.php(79): CodeIgniter\Database\Seeder->call('App\\Database\\Seeds\\GuruSeeder')
 6 SYSTEMPATH/CLI/Commands.php(74): CodeIgniter\Commands\Database\Seed->run([])
 7 SYSTEMPATH/CLI/Console.php(47): CodeIgniter\CLI\Commands->run('db:seed', [...])
 8 SYSTEMPATH/Boot.php(360): CodeIgniter\CLI\Console->run()
 9 SYSTEMPATH/Boot.php(104): CodeIgniter\Boot::runCommand(Object(CodeIgniter\CLI\Console))
10 ROOTPATH/spark(87): CodeIgniter\Boot::bootSpark(Object(Config\Paths))
WARNING - 2025-09-12 15:25:51 --> [DEPRECATED] Since fakerphp/faker 1.14: Accessing property "name" is deprecated, use "name()" instead. in VENDORPATH/symfony/deprecation-contracts/function.php on line 25.
 1 VENDORPATH/symfony/deprecation-contracts/function.php(25): trigger_error('Since fakerphp/faker 1.14: Accessing property "name" is deprecated, use "name()" instead.', 16384)
 2 VENDORPATH/fakerphp/faker/src/Faker/Generator.php(962): trigger_deprecation('fakerphp/faker', '1.14', 'Accessing property "%s" is deprecated, use "%s()" instead.', 'name', 'name')
 3 APPPATH/Database/Seeds/GuruSeeder.php(15): Faker\Generator->__get('name')
 4 SYSTEMPATH/Database/Seeder.php(149): App\Database\Seeds\GuruSeeder->run()
 5 SYSTEMPATH/Commands/Database/Seed.php(79): CodeIgniter\Database\Seeder->call('App\\Database\\Seeds\\GuruSeeder')
 6 SYSTEMPATH/CLI/Commands.php(74): CodeIgniter\Commands\Database\Seed->run([])
 7 SYSTEMPATH/CLI/Console.php(47): CodeIgniter\CLI\Commands->run('db:seed', [...])
 8 SYSTEMPATH/Boot.php(360): CodeIgniter\CLI\Console->run()
 9 SYSTEMPATH/Boot.php(104): CodeIgniter\Boot::runCommand(Object(CodeIgniter\CLI\Console))
10 ROOTPATH/spark(87): CodeIgniter\Boot::bootSpark(Object(Config\Paths))
WARNING - 2025-09-12 15:25:51 --> [DEPRECATED] Since fakerphp/faker 1.14: Accessing property "address" is deprecated, use "address()" instead. in VENDORPATH/symfony/deprecation-contracts/function.php on line 25.
 1 VENDORPATH/symfony/deprecation-contracts/function.php(25): trigger_error('Since fakerphp/faker 1.14: Accessing property "address" is deprecated, use "address()" instead.', 16384)
 2 VENDORPATH/fakerphp/faker/src/Faker/Generator.php(962): trigger_deprecation('fakerphp/faker', '1.14', 'Accessing property "%s" is deprecated, use "%s()" instead.', 'address', 'address')
 3 APPPATH/Database/Seeds/GuruSeeder.php(17): Faker\Generator->__get('address')
 4 SYSTEMPATH/Database/Seeder.php(149): App\Database\Seeds\GuruSeeder->run()
 5 SYSTEMPATH/Commands/Database/Seed.php(79): CodeIgniter\Database\Seeder->call('App\\Database\\Seeds\\GuruSeeder')
 6 SYSTEMPATH/CLI/Commands.php(74): CodeIgniter\Commands\Database\Seed->run([])
 7 SYSTEMPATH/CLI/Console.php(47): CodeIgniter\CLI\Commands->run('db:seed', [...])
 8 SYSTEMPATH/Boot.php(360): CodeIgniter\CLI\Console->run()
 9 SYSTEMPATH/Boot.php(104): CodeIgniter\Boot::runCommand(Object(CodeIgniter\CLI\Console))
10 ROOTPATH/spark(87): CodeIgniter\Boot::bootSpark(Object(Config\Paths))
WARNING - 2025-09-12 15:25:51 --> [DEPRECATED] Since fakerphp/faker 1.14: Accessing property "phoneNumber" is deprecated, use "phoneNumber()" instead. in VENDORPATH/symfony/deprecation-contracts/function.php on line 25.
 1 VENDORPATH/symfony/deprecation-contracts/function.php(25): trigger_error('Since fakerphp/faker 1.14: Accessing property "phoneNumber" is deprecated, use "phoneNumber()" instead.', 16384)
 2 VENDORPATH/fakerphp/faker/src/Faker/Generator.php(962): trigger_deprecation('fakerphp/faker', '1.14', 'Accessing property "%s" is deprecated, use "%s()" instead.', 'phoneNumber', 'phoneNumber')
 3 APPPATH/Database/Seeds/GuruSeeder.php(19): Faker\Generator->__get('phoneNumber')
 4 SYSTEMPATH/Database/Seeder.php(149): App\Database\Seeds\GuruSeeder->run()
 5 SYSTEMPATH/Commands/Database/Seed.php(79): CodeIgniter\Database\Seeder->call('App\\Database\\Seeds\\GuruSeeder')
 6 SYSTEMPATH/CLI/Commands.php(74): CodeIgniter\Commands\Database\Seed->run([])
 7 SYSTEMPATH/CLI/Console.php(47): CodeIgniter\CLI\Commands->run('db:seed', [...])
 8 SYSTEMPATH/Boot.php(360): CodeIgniter\CLI\Console->run()
 9 SYSTEMPATH/Boot.php(104): CodeIgniter\Boot::runCommand(Object(CodeIgniter\CLI\Console))
10 ROOTPATH/spark(87): CodeIgniter\Boot::bootSpark(Object(Config\Paths))
WARNING - 2025-09-12 15:25:51 --> [DEPRECATED] Since fakerphp/faker 1.14: Accessing property "name" is deprecated, use "name()" instead. in VENDORPATH/symfony/deprecation-contracts/function.php on line 25.
 1 VENDORPATH/symfony/deprecation-contracts/function.php(25): trigger_error('Since fakerphp/faker 1.14: Accessing property "name" is deprecated, use "name()" instead.', 16384)
 2 VENDORPATH/fakerphp/faker/src/Faker/Generator.php(962): trigger_deprecation('fakerphp/faker', '1.14', 'Accessing property "%s" is deprecated, use "%s()" instead.', 'name', 'name')
 3 APPPATH/Database/Seeds/GuruSeeder.php(15): Faker\Generator->__get('name')
 4 SYSTEMPATH/Database/Seeder.php(149): App\Database\Seeds\GuruSeeder->run()
 5 SYSTEMPATH/Commands/Database/Seed.php(79): CodeIgniter\Database\Seeder->call('App\\Database\\Seeds\\GuruSeeder')
 6 SYSTEMPATH/CLI/Commands.php(74): CodeIgniter\Commands\Database\Seed->run([])
 7 SYSTEMPATH/CLI/Console.php(47): CodeIgniter\CLI\Commands->run('db:seed', [...])
 8 SYSTEMPATH/Boot.php(360): CodeIgniter\CLI\Console->run()
 9 SYSTEMPATH/Boot.php(104): CodeIgniter\Boot::runCommand(Object(CodeIgniter\CLI\Console))
10 ROOTPATH/spark(87): CodeIgniter\Boot::bootSpark(Object(Config\Paths))
WARNING - 2025-09-12 15:25:51 --> [DEPRECATED] Since fakerphp/faker 1.14: Accessing property "address" is deprecated, use "address()" instead. in VENDORPATH/symfony/deprecation-contracts/function.php on line 25.
 1 VENDORPATH/symfony/deprecation-contracts/function.php(25): trigger_error('Since fakerphp/faker 1.14: Accessing property "address" is deprecated, use "address()" instead.', 16384)
 2 VENDORPATH/fakerphp/faker/src/Faker/Generator.php(962): trigger_deprecation('fakerphp/faker', '1.14', 'Accessing property "%s" is deprecated, use "%s()" instead.', 'address', 'address')
 3 APPPATH/Database/Seeds/GuruSeeder.php(17): Faker\Generator->__get('address')
 4 SYSTEMPATH/Database/Seeder.php(149): App\Database\Seeds\GuruSeeder->run()
 5 SYSTEMPATH/Commands/Database/Seed.php(79): CodeIgniter\Database\Seeder->call('App\\Database\\Seeds\\GuruSeeder')
 6 SYSTEMPATH/CLI/Commands.php(74): CodeIgniter\Commands\Database\Seed->run([])
 7 SYSTEMPATH/CLI/Console.php(47): CodeIgniter\CLI\Commands->run('db:seed', [...])
 8 SYSTEMPATH/Boot.php(360): CodeIgniter\CLI\Console->run()
 9 SYSTEMPATH/Boot.php(104): CodeIgniter\Boot::runCommand(Object(CodeIgniter\CLI\Console))
10 ROOTPATH/spark(87): CodeIgniter\Boot::bootSpark(Object(Config\Paths))
WARNING - 2025-09-12 15:25:51 --> [DEPRECATED] Since fakerphp/faker 1.14: Accessing property "phoneNumber" is deprecated, use "phoneNumber()" instead. in VENDORPATH/symfony/deprecation-contracts/function.php on line 25.
 1 VENDORPATH/symfony/deprecation-contracts/function.php(25): trigger_error('Since fakerphp/faker 1.14: Accessing property "phoneNumber" is deprecated, use "phoneNumber()" instead.', 16384)
 2 VENDORPATH/fakerphp/faker/src/Faker/Generator.php(962): trigger_deprecation('fakerphp/faker', '1.14', 'Accessing property "%s" is deprecated, use "%s()" instead.', 'phoneNumber', 'phoneNumber')
 3 APPPATH/Database/Seeds/GuruSeeder.php(19): Faker\Generator->__get('phoneNumber')
 4 SYSTEMPATH/Database/Seeder.php(149): App\Database\Seeds\GuruSeeder->run()
 5 SYSTEMPATH/Commands/Database/Seed.php(79): CodeIgniter\Database\Seeder->call('App\\Database\\Seeds\\GuruSeeder')
 6 SYSTEMPATH/CLI/Commands.php(74): CodeIgniter\Commands\Database\Seed->run([])
 7 SYSTEMPATH/CLI/Console.php(47): CodeIgniter\CLI\Commands->run('db:seed', [...])
 8 SYSTEMPATH/Boot.php(360): CodeIgniter\CLI\Console->run()
 9 SYSTEMPATH/Boot.php(104): CodeIgniter\Boot::runCommand(Object(CodeIgniter\CLI\Console))
10 ROOTPATH/spark(87): CodeIgniter\Boot::bootSpark(Object(Config\Paths))
WARNING - 2025-09-12 15:25:51 --> [DEPRECATED] Since fakerphp/faker 1.14: Accessing property "name" is deprecated, use "name()" instead. in VENDORPATH/symfony/deprecation-contracts/function.php on line 25.
 1 VENDORPATH/symfony/deprecation-contracts/function.php(25): trigger_error('Since fakerphp/faker 1.14: Accessing property "name" is deprecated, use "name()" instead.', 16384)
 2 VENDORPATH/fakerphp/faker/src/Faker/Generator.php(962): trigger_deprecation('fakerphp/faker', '1.14', 'Accessing property "%s" is deprecated, use "%s()" instead.', 'name', 'name')
 3 APPPATH/Database/Seeds/GuruSeeder.php(15): Faker\Generator->__get('name')
 4 SYSTEMPATH/Database/Seeder.php(149): App\Database\Seeds\GuruSeeder->run()
 5 SYSTEMPATH/Commands/Database/Seed.php(79): CodeIgniter\Database\Seeder->call('App\\Database\\Seeds\\GuruSeeder')
 6 SYSTEMPATH/CLI/Commands.php(74): CodeIgniter\Commands\Database\Seed->run([])
 7 SYSTEMPATH/CLI/Console.php(47): CodeIgniter\CLI\Commands->run('db:seed', [...])
 8 SYSTEMPATH/Boot.php(360): CodeIgniter\CLI\Console->run()
 9 SYSTEMPATH/Boot.php(104): CodeIgniter\Boot::runCommand(Object(CodeIgniter\CLI\Console))
10 ROOTPATH/spark(87): CodeIgniter\Boot::bootSpark(Object(Config\Paths))
WARNING - 2025-09-12 15:25:51 --> [DEPRECATED] Since fakerphp/faker 1.14: Accessing property "address" is deprecated, use "address()" instead. in VENDORPATH/symfony/deprecation-contracts/function.php on line 25.
 1 VENDORPATH/symfony/deprecation-contracts/function.php(25): trigger_error('Since fakerphp/faker 1.14: Accessing property "address" is deprecated, use "address()" instead.', 16384)
 2 VENDORPATH/fakerphp/faker/src/Faker/Generator.php(962): trigger_deprecation('fakerphp/faker', '1.14', 'Accessing property "%s" is deprecated, use "%s()" instead.', 'address', 'address')
 3 APPPATH/Database/Seeds/GuruSeeder.php(17): Faker\Generator->__get('address')
 4 SYSTEMPATH/Database/Seeder.php(149): App\Database\Seeds\GuruSeeder->run()
 5 SYSTEMPATH/Commands/Database/Seed.php(79): CodeIgniter\Database\Seeder->call('App\\Database\\Seeds\\GuruSeeder')
 6 SYSTEMPATH/CLI/Commands.php(74): CodeIgniter\Commands\Database\Seed->run([])
 7 SYSTEMPATH/CLI/Console.php(47): CodeIgniter\CLI\Commands->run('db:seed', [...])
 8 SYSTEMPATH/Boot.php(360): CodeIgniter\CLI\Console->run()
 9 SYSTEMPATH/Boot.php(104): CodeIgniter\Boot::runCommand(Object(CodeIgniter\CLI\Console))
10 ROOTPATH/spark(87): CodeIgniter\Boot::bootSpark(Object(Config\Paths))
WARNING - 2025-09-12 15:25:51 --> [DEPRECATED] Since fakerphp/faker 1.14: Accessing property "phoneNumber" is deprecated, use "phoneNumber()" instead. in VENDORPATH/symfony/deprecation-contracts/function.php on line 25.
 1 VENDORPATH/symfony/deprecation-contracts/function.php(25): trigger_error('Since fakerphp/faker 1.14: Accessing property "phoneNumber" is deprecated, use "phoneNumber()" instead.', 16384)
 2 VENDORPATH/fakerphp/faker/src/Faker/Generator.php(962): trigger_deprecation('fakerphp/faker', '1.14', 'Accessing property "%s" is deprecated, use "%s()" instead.', 'phoneNumber', 'phoneNumber')
 3 APPPATH/Database/Seeds/GuruSeeder.php(19): Faker\Generator->__get('phoneNumber')
 4 SYSTEMPATH/Database/Seeder.php(149): App\Database\Seeds\GuruSeeder->run()
 5 SYSTEMPATH/Commands/Database/Seed.php(79): CodeIgniter\Database\Seeder->call('App\\Database\\Seeds\\GuruSeeder')
 6 SYSTEMPATH/CLI/Commands.php(74): CodeIgniter\Commands\Database\Seed->run([])
 7 SYSTEMPATH/CLI/Console.php(47): CodeIgniter\CLI\Commands->run('db:seed', [...])
 8 SYSTEMPATH/Boot.php(360): CodeIgniter\CLI\Console->run()
 9 SYSTEMPATH/Boot.php(104): CodeIgniter\Boot::runCommand(Object(CodeIgniter\CLI\Console))
10 ROOTPATH/spark(87): CodeIgniter\Boot::bootSpark(Object(Config\Paths))
WARNING - 2025-09-12 15:25:51 --> [DEPRECATED] Since fakerphp/faker 1.14: Accessing property "name" is deprecated, use "name()" instead. in VENDORPATH/symfony/deprecation-contracts/function.php on line 25.
 1 VENDORPATH/symfony/deprecation-contracts/function.php(25): trigger_error('Since fakerphp/faker 1.14: Accessing property "name" is deprecated, use "name()" instead.', 16384)
 2 VENDORPATH/fakerphp/faker/src/Faker/Generator.php(962): trigger_deprecation('fakerphp/faker', '1.14', 'Accessing property "%s" is deprecated, use "%s()" instead.', 'name', 'name')
 3 APPPATH/Database/Seeds/GuruSeeder.php(15): Faker\Generator->__get('name')
 4 SYSTEMPATH/Database/Seeder.php(149): App\Database\Seeds\GuruSeeder->run()
 5 SYSTEMPATH/Commands/Database/Seed.php(79): CodeIgniter\Database\Seeder->call('App\\Database\\Seeds\\GuruSeeder')
 6 SYSTEMPATH/CLI/Commands.php(74): CodeIgniter\Commands\Database\Seed->run([])
 7 SYSTEMPATH/CLI/Console.php(47): CodeIgniter\CLI\Commands->run('db:seed', [...])
 8 SYSTEMPATH/Boot.php(360): CodeIgniter\CLI\Console->run()
 9 SYSTEMPATH/Boot.php(104): CodeIgniter\Boot::runCommand(Object(CodeIgniter\CLI\Console))
10 ROOTPATH/spark(87): CodeIgniter\Boot::bootSpark(Object(Config\Paths))
WARNING - 2025-09-12 15:25:51 --> [DEPRECATED] Since fakerphp/faker 1.14: Accessing property "address" is deprecated, use "address()" instead. in VENDORPATH/symfony/deprecation-contracts/function.php on line 25.
 1 VENDORPATH/symfony/deprecation-contracts/function.php(25): trigger_error('Since fakerphp/faker 1.14: Accessing property "address" is deprecated, use "address()" instead.', 16384)
 2 VENDORPATH/fakerphp/faker/src/Faker/Generator.php(962): trigger_deprecation('fakerphp/faker', '1.14', 'Accessing property "%s" is deprecated, use "%s()" instead.', 'address', 'address')
 3 APPPATH/Database/Seeds/GuruSeeder.php(17): Faker\Generator->__get('address')
 4 SYSTEMPATH/Database/Seeder.php(149): App\Database\Seeds\GuruSeeder->run()
 5 SYSTEMPATH/Commands/Database/Seed.php(79): CodeIgniter\Database\Seeder->call('App\\Database\\Seeds\\GuruSeeder')
 6 SYSTEMPATH/CLI/Commands.php(74): CodeIgniter\Commands\Database\Seed->run([])
 7 SYSTEMPATH/CLI/Console.php(47): CodeIgniter\CLI\Commands->run('db:seed', [...])
 8 SYSTEMPATH/Boot.php(360): CodeIgniter\CLI\Console->run()
 9 SYSTEMPATH/Boot.php(104): CodeIgniter\Boot::runCommand(Object(CodeIgniter\CLI\Console))
10 ROOTPATH/spark(87): CodeIgniter\Boot::bootSpark(Object(Config\Paths))
WARNING - 2025-09-12 15:25:51 --> [DEPRECATED] Since fakerphp/faker 1.14: Accessing property "phoneNumber" is deprecated, use "phoneNumber()" instead. in VENDORPATH/symfony/deprecation-contracts/function.php on line 25.
 1 VENDORPATH/symfony/deprecation-contracts/function.php(25): trigger_error('Since fakerphp/faker 1.14: Accessing property "phoneNumber" is deprecated, use "phoneNumber()" instead.', 16384)
 2 VENDORPATH/fakerphp/faker/src/Faker/Generator.php(962): trigger_deprecation('fakerphp/faker', '1.14', 'Accessing property "%s" is deprecated, use "%s()" instead.', 'phoneNumber', 'phoneNumber')
 3 APPPATH/Database/Seeds/GuruSeeder.php(19): Faker\Generator->__get('phoneNumber')
 4 SYSTEMPATH/Database/Seeder.php(149): App\Database\Seeds\GuruSeeder->run()
 5 SYSTEMPATH/Commands/Database/Seed.php(79): CodeIgniter\Database\Seeder->call('App\\Database\\Seeds\\GuruSeeder')
 6 SYSTEMPATH/CLI/Commands.php(74): CodeIgniter\Commands\Database\Seed->run([])
 7 SYSTEMPATH/CLI/Console.php(47): CodeIgniter\CLI\Commands->run('db:seed', [...])
 8 SYSTEMPATH/Boot.php(360): CodeIgniter\CLI\Console->run()
 9 SYSTEMPATH/Boot.php(104): CodeIgniter\Boot::runCommand(Object(CodeIgniter\CLI\Console))
10 ROOTPATH/spark(87): CodeIgniter\Boot::bootSpark(Object(Config\Paths))
WARNING - 2025-09-12 15:25:51 --> [DEPRECATED] Since fakerphp/faker 1.14: Accessing property "name" is deprecated, use "name()" instead. in VENDORPATH/symfony/deprecation-contracts/function.php on line 25.
 1 VENDORPATH/symfony/deprecation-contracts/function.php(25): trigger_error('Since fakerphp/faker 1.14: Accessing property "name" is deprecated, use "name()" instead.', 16384)
 2 VENDORPATH/fakerphp/faker/src/Faker/Generator.php(962): trigger_deprecation('fakerphp/faker', '1.14', 'Accessing property "%s" is deprecated, use "%s()" instead.', 'name', 'name')
 3 APPPATH/Database/Seeds/GuruSeeder.php(15): Faker\Generator->__get('name')
 4 SYSTEMPATH/Database/Seeder.php(149): App\Database\Seeds\GuruSeeder->run()
 5 SYSTEMPATH/Commands/Database/Seed.php(79): CodeIgniter\Database\Seeder->call('App\\Database\\Seeds\\GuruSeeder')
 6 SYSTEMPATH/CLI/Commands.php(74): CodeIgniter\Commands\Database\Seed->run([])
 7 SYSTEMPATH/CLI/Console.php(47): CodeIgniter\CLI\Commands->run('db:seed', [...])
 8 SYSTEMPATH/Boot.php(360): CodeIgniter\CLI\Console->run()
 9 SYSTEMPATH/Boot.php(104): CodeIgniter\Boot::runCommand(Object(CodeIgniter\CLI\Console))
10 ROOTPATH/spark(87): CodeIgniter\Boot::bootSpark(Object(Config\Paths))
WARNING - 2025-09-12 15:25:51 --> [DEPRECATED] Since fakerphp/faker 1.14: Accessing property "address" is deprecated, use "address()" instead. in VENDORPATH/symfony/deprecation-contracts/function.php on line 25.
 1 VENDORPATH/symfony/deprecation-contracts/function.php(25): trigger_error('Since fakerphp/faker 1.14: Accessing property "address" is deprecated, use "address()" instead.', 16384)
 2 VENDORPATH/fakerphp/faker/src/Faker/Generator.php(962): trigger_deprecation('fakerphp/faker', '1.14', 'Accessing property "%s" is deprecated, use "%s()" instead.', 'address', 'address')
 3 APPPATH/Database/Seeds/GuruSeeder.php(17): Faker\Generator->__get('address')
 4 SYSTEMPATH/Database/Seeder.php(149): App\Database\Seeds\GuruSeeder->run()
 5 SYSTEMPATH/Commands/Database/Seed.php(79): CodeIgniter\Database\Seeder->call('App\\Database\\Seeds\\GuruSeeder')
 6 SYSTEMPATH/CLI/Commands.php(74): CodeIgniter\Commands\Database\Seed->run([])
 7 SYSTEMPATH/CLI/Console.php(47): CodeIgniter\CLI\Commands->run('db:seed', [...])
 8 SYSTEMPATH/Boot.php(360): CodeIgniter\CLI\Console->run()
 9 SYSTEMPATH/Boot.php(104): CodeIgniter\Boot::runCommand(Object(CodeIgniter\CLI\Console))
10 ROOTPATH/spark(87): CodeIgniter\Boot::bootSpark(Object(Config\Paths))
WARNING - 2025-09-12 15:25:51 --> [DEPRECATED] Since fakerphp/faker 1.14: Accessing property "phoneNumber" is deprecated, use "phoneNumber()" instead. in VENDORPATH/symfony/deprecation-contracts/function.php on line 25.
 1 VENDORPATH/symfony/deprecation-contracts/function.php(25): trigger_error('Since fakerphp/faker 1.14: Accessing property "phoneNumber" is deprecated, use "phoneNumber()" instead.', 16384)
 2 VENDORPATH/fakerphp/faker/src/Faker/Generator.php(962): trigger_deprecation('fakerphp/faker', '1.14', 'Accessing property "%s" is deprecated, use "%s()" instead.', 'phoneNumber', 'phoneNumber')
 3 APPPATH/Database/Seeds/GuruSeeder.php(19): Faker\Generator->__get('phoneNumber')
 4 SYSTEMPATH/Database/Seeder.php(149): App\Database\Seeds\GuruSeeder->run()
 5 SYSTEMPATH/Commands/Database/Seed.php(79): CodeIgniter\Database\Seeder->call('App\\Database\\Seeds\\GuruSeeder')
 6 SYSTEMPATH/CLI/Commands.php(74): CodeIgniter\Commands\Database\Seed->run([])
 7 SYSTEMPATH/CLI/Console.php(47): CodeIgniter\CLI\Commands->run('db:seed', [...])
 8 SYSTEMPATH/Boot.php(360): CodeIgniter\CLI\Console->run()
 9 SYSTEMPATH/Boot.php(104): CodeIgniter\Boot::runCommand(Object(CodeIgniter\CLI\Console))
10 ROOTPATH/spark(87): CodeIgniter\Boot::bootSpark(Object(Config\Paths))
WARNING - 2025-09-12 15:25:51 --> [DEPRECATED] Since fakerphp/faker 1.14: Accessing property "name" is deprecated, use "name()" instead. in VENDORPATH/symfony/deprecation-contracts/function.php on line 25.
 1 VENDORPATH/symfony/deprecation-contracts/function.php(25): trigger_error('Since fakerphp/faker 1.14: Accessing property "name" is deprecated, use "name()" instead.', 16384)
 2 VENDORPATH/fakerphp/faker/src/Faker/Generator.php(962): trigger_deprecation('fakerphp/faker', '1.14', 'Accessing property "%s" is deprecated, use "%s()" instead.', 'name', 'name')
 3 APPPATH/Database/Seeds/GuruSeeder.php(15): Faker\Generator->__get('name')
 4 SYSTEMPATH/Database/Seeder.php(149): App\Database\Seeds\GuruSeeder->run()
 5 SYSTEMPATH/Commands/Database/Seed.php(79): CodeIgniter\Database\Seeder->call('App\\Database\\Seeds\\GuruSeeder')
 6 SYSTEMPATH/CLI/Commands.php(74): CodeIgniter\Commands\Database\Seed->run([])
 7 SYSTEMPATH/CLI/Console.php(47): CodeIgniter\CLI\Commands->run('db:seed', [...])
 8 SYSTEMPATH/Boot.php(360): CodeIgniter\CLI\Console->run()
 9 SYSTEMPATH/Boot.php(104): CodeIgniter\Boot::runCommand(Object(CodeIgniter\CLI\Console))
10 ROOTPATH/spark(87): CodeIgniter\Boot::bootSpark(Object(Config\Paths))
WARNING - 2025-09-12 15:25:51 --> [DEPRECATED] Since fakerphp/faker 1.14: Accessing property "address" is deprecated, use "address()" instead. in VENDORPATH/symfony/deprecation-contracts/function.php on line 25.
 1 VENDORPATH/symfony/deprecation-contracts/function.php(25): trigger_error('Since fakerphp/faker 1.14: Accessing property "address" is deprecated, use "address()" instead.', 16384)
 2 VENDORPATH/fakerphp/faker/src/Faker/Generator.php(962): trigger_deprecation('fakerphp/faker', '1.14', 'Accessing property "%s" is deprecated, use "%s()" instead.', 'address', 'address')
 3 APPPATH/Database/Seeds/GuruSeeder.php(17): Faker\Generator->__get('address')
 4 SYSTEMPATH/Database/Seeder.php(149): App\Database\Seeds\GuruSeeder->run()
 5 SYSTEMPATH/Commands/Database/Seed.php(79): CodeIgniter\Database\Seeder->call('App\\Database\\Seeds\\GuruSeeder')
 6 SYSTEMPATH/CLI/Commands.php(74): CodeIgniter\Commands\Database\Seed->run([])
 7 SYSTEMPATH/CLI/Console.php(47): CodeIgniter\CLI\Commands->run('db:seed', [...])
 8 SYSTEMPATH/Boot.php(360): CodeIgniter\CLI\Console->run()
 9 SYSTEMPATH/Boot.php(104): CodeIgniter\Boot::runCommand(Object(CodeIgniter\CLI\Console))
10 ROOTPATH/spark(87): CodeIgniter\Boot::bootSpark(Object(Config\Paths))
WARNING - 2025-09-12 15:25:51 --> [DEPRECATED] Since fakerphp/faker 1.14: Accessing property "phoneNumber" is deprecated, use "phoneNumber()" instead. in VENDORPATH/symfony/deprecation-contracts/function.php on line 25.
 1 VENDORPATH/symfony/deprecation-contracts/function.php(25): trigger_error('Since fakerphp/faker 1.14: Accessing property "phoneNumber" is deprecated, use "phoneNumber()" instead.', 16384)
 2 VENDORPATH/fakerphp/faker/src/Faker/Generator.php(962): trigger_deprecation('fakerphp/faker', '1.14', 'Accessing property "%s" is deprecated, use "%s()" instead.', 'phoneNumber', 'phoneNumber')
 3 APPPATH/Database/Seeds/GuruSeeder.php(19): Faker\Generator->__get('phoneNumber')
 4 SYSTEMPATH/Database/Seeder.php(149): App\Database\Seeds\GuruSeeder->run()
 5 SYSTEMPATH/Commands/Database/Seed.php(79): CodeIgniter\Database\Seeder->call('App\\Database\\Seeds\\GuruSeeder')
 6 SYSTEMPATH/CLI/Commands.php(74): CodeIgniter\Commands\Database\Seed->run([])
 7 SYSTEMPATH/CLI/Console.php(47): CodeIgniter\CLI\Commands->run('db:seed', [...])
 8 SYSTEMPATH/Boot.php(360): CodeIgniter\CLI\Console->run()
 9 SYSTEMPATH/Boot.php(104): CodeIgniter\Boot::runCommand(Object(CodeIgniter\CLI\Console))
10 ROOTPATH/spark(87): CodeIgniter\Boot::bootSpark(Object(Config\Paths))
WARNING - 2025-09-12 15:25:51 --> [DEPRECATED] Since fakerphp/faker 1.14: Accessing property "name" is deprecated, use "name()" instead. in VENDORPATH/symfony/deprecation-contracts/function.php on line 25.
 1 VENDORPATH/symfony/deprecation-contracts/function.php(25): trigger_error('Since fakerphp/faker 1.14: Accessing property "name" is deprecated, use "name()" instead.', 16384)
 2 VENDORPATH/fakerphp/faker/src/Faker/Generator.php(962): trigger_deprecation('fakerphp/faker', '1.14', 'Accessing property "%s" is deprecated, use "%s()" instead.', 'name', 'name')
 3 APPPATH/Database/Seeds/GuruSeeder.php(15): Faker\Generator->__get('name')
 4 SYSTEMPATH/Database/Seeder.php(149): App\Database\Seeds\GuruSeeder->run()
 5 SYSTEMPATH/Commands/Database/Seed.php(79): CodeIgniter\Database\Seeder->call('App\\Database\\Seeds\\GuruSeeder')
 6 SYSTEMPATH/CLI/Commands.php(74): CodeIgniter\Commands\Database\Seed->run([])
 7 SYSTEMPATH/CLI/Console.php(47): CodeIgniter\CLI\Commands->run('db:seed', [...])
 8 SYSTEMPATH/Boot.php(360): CodeIgniter\CLI\Console->run()
 9 SYSTEMPATH/Boot.php(104): CodeIgniter\Boot::runCommand(Object(CodeIgniter\CLI\Console))
10 ROOTPATH/spark(87): CodeIgniter\Boot::bootSpark(Object(Config\Paths))
WARNING - 2025-09-12 15:25:51 --> [DEPRECATED] Since fakerphp/faker 1.14: Accessing property "address" is deprecated, use "address()" instead. in VENDORPATH/symfony/deprecation-contracts/function.php on line 25.
 1 VENDORPATH/symfony/deprecation-contracts/function.php(25): trigger_error('Since fakerphp/faker 1.14: Accessing property "address" is deprecated, use "address()" instead.', 16384)
 2 VENDORPATH/fakerphp/faker/src/Faker/Generator.php(962): trigger_deprecation('fakerphp/faker', '1.14', 'Accessing property "%s" is deprecated, use "%s()" instead.', 'address', 'address')
 3 APPPATH/Database/Seeds/GuruSeeder.php(17): Faker\Generator->__get('address')
 4 SYSTEMPATH/Database/Seeder.php(149): App\Database\Seeds\GuruSeeder->run()
 5 SYSTEMPATH/Commands/Database/Seed.php(79): CodeIgniter\Database\Seeder->call('App\\Database\\Seeds\\GuruSeeder')
 6 SYSTEMPATH/CLI/Commands.php(74): CodeIgniter\Commands\Database\Seed->run([])
 7 SYSTEMPATH/CLI/Console.php(47): CodeIgniter\CLI\Commands->run('db:seed', [...])
 8 SYSTEMPATH/Boot.php(360): CodeIgniter\CLI\Console->run()
 9 SYSTEMPATH/Boot.php(104): CodeIgniter\Boot::runCommand(Object(CodeIgniter\CLI\Console))
10 ROOTPATH/spark(87): CodeIgniter\Boot::bootSpark(Object(Config\Paths))
WARNING - 2025-09-12 15:25:51 --> [DEPRECATED] Since fakerphp/faker 1.14: Accessing property "phoneNumber" is deprecated, use "phoneNumber()" instead. in VENDORPATH/symfony/deprecation-contracts/function.php on line 25.
 1 VENDORPATH/symfony/deprecation-contracts/function.php(25): trigger_error('Since fakerphp/faker 1.14: Accessing property "phoneNumber" is deprecated, use "phoneNumber()" instead.', 16384)
 2 VENDORPATH/fakerphp/faker/src/Faker/Generator.php(962): trigger_deprecation('fakerphp/faker', '1.14', 'Accessing property "%s" is deprecated, use "%s()" instead.', 'phoneNumber', 'phoneNumber')
 3 APPPATH/Database/Seeds/GuruSeeder.php(19): Faker\Generator->__get('phoneNumber')
 4 SYSTEMPATH/Database/Seeder.php(149): App\Database\Seeds\GuruSeeder->run()
 5 SYSTEMPATH/Commands/Database/Seed.php(79): CodeIgniter\Database\Seeder->call('App\\Database\\Seeds\\GuruSeeder')
 6 SYSTEMPATH/CLI/Commands.php(74): CodeIgniter\Commands\Database\Seed->run([])
 7 SYSTEMPATH/CLI/Console.php(47): CodeIgniter\CLI\Commands->run('db:seed', [...])
 8 SYSTEMPATH/Boot.php(360): CodeIgniter\CLI\Console->run()
 9 SYSTEMPATH/Boot.php(104): CodeIgniter\Boot::runCommand(Object(CodeIgniter\CLI\Console))
10 ROOTPATH/spark(87): CodeIgniter\Boot::bootSpark(Object(Config\Paths))
WARNING - 2025-09-12 15:25:51 --> [DEPRECATED] Since fakerphp/faker 1.14: Accessing property "name" is deprecated, use "name()" instead. in VENDORPATH/symfony/deprecation-contracts/function.php on line 25.
 1 VENDORPATH/symfony/deprecation-contracts/function.php(25): trigger_error('Since fakerphp/faker 1.14: Accessing property "name" is deprecated, use "name()" instead.', 16384)
 2 VENDORPATH/fakerphp/faker/src/Faker/Generator.php(962): trigger_deprecation('fakerphp/faker', '1.14', 'Accessing property "%s" is deprecated, use "%s()" instead.', 'name', 'name')
 3 APPPATH/Database/Seeds/GuruSeeder.php(15): Faker\Generator->__get('name')
 4 SYSTEMPATH/Database/Seeder.php(149): App\Database\Seeds\GuruSeeder->run()
 5 SYSTEMPATH/Commands/Database/Seed.php(79): CodeIgniter\Database\Seeder->call('App\\Database\\Seeds\\GuruSeeder')
 6 SYSTEMPATH/CLI/Commands.php(74): CodeIgniter\Commands\Database\Seed->run([])
 7 SYSTEMPATH/CLI/Console.php(47): CodeIgniter\CLI\Commands->run('db:seed', [...])
 8 SYSTEMPATH/Boot.php(360): CodeIgniter\CLI\Console->run()
 9 SYSTEMPATH/Boot.php(104): CodeIgniter\Boot::runCommand(Object(CodeIgniter\CLI\Console))
10 ROOTPATH/spark(87): CodeIgniter\Boot::bootSpark(Object(Config\Paths))
WARNING - 2025-09-12 15:25:51 --> [DEPRECATED] Since fakerphp/faker 1.14: Accessing property "address" is deprecated, use "address()" instead. in VENDORPATH/symfony/deprecation-contracts/function.php on line 25.
 1 VENDORPATH/symfony/deprecation-contracts/function.php(25): trigger_error('Since fakerphp/faker 1.14: Accessing property "address" is deprecated, use "address()" instead.', 16384)
 2 VENDORPATH/fakerphp/faker/src/Faker/Generator.php(962): trigger_deprecation('fakerphp/faker', '1.14', 'Accessing property "%s" is deprecated, use "%s()" instead.', 'address', 'address')
 3 APPPATH/Database/Seeds/GuruSeeder.php(17): Faker\Generator->__get('address')
 4 SYSTEMPATH/Database/Seeder.php(149): App\Database\Seeds\GuruSeeder->run()
 5 SYSTEMPATH/Commands/Database/Seed.php(79): CodeIgniter\Database\Seeder->call('App\\Database\\Seeds\\GuruSeeder')
 6 SYSTEMPATH/CLI/Commands.php(74): CodeIgniter\Commands\Database\Seed->run([])
 7 SYSTEMPATH/CLI/Console.php(47): CodeIgniter\CLI\Commands->run('db:seed', [...])
 8 SYSTEMPATH/Boot.php(360): CodeIgniter\CLI\Console->run()
 9 SYSTEMPATH/Boot.php(104): CodeIgniter\Boot::runCommand(Object(CodeIgniter\CLI\Console))
10 ROOTPATH/spark(87): CodeIgniter\Boot::bootSpark(Object(Config\Paths))
WARNING - 2025-09-12 15:25:51 --> [DEPRECATED] Since fakerphp/faker 1.14: Accessing property "phoneNumber" is deprecated, use "phoneNumber()" instead. in VENDORPATH/symfony/deprecation-contracts/function.php on line 25.
 1 VENDORPATH/symfony/deprecation-contracts/function.php(25): trigger_error('Since fakerphp/faker 1.14: Accessing property "phoneNumber" is deprecated, use "phoneNumber()" instead.', 16384)
 2 VENDORPATH/fakerphp/faker/src/Faker/Generator.php(962): trigger_deprecation('fakerphp/faker', '1.14', 'Accessing property "%s" is deprecated, use "%s()" instead.', 'phoneNumber', 'phoneNumber')
 3 APPPATH/Database/Seeds/GuruSeeder.php(19): Faker\Generator->__get('phoneNumber')
 4 SYSTEMPATH/Database/Seeder.php(149): App\Database\Seeds\GuruSeeder->run()
 5 SYSTEMPATH/Commands/Database/Seed.php(79): CodeIgniter\Database\Seeder->call('App\\Database\\Seeds\\GuruSeeder')
 6 SYSTEMPATH/CLI/Commands.php(74): CodeIgniter\Commands\Database\Seed->run([])
 7 SYSTEMPATH/CLI/Console.php(47): CodeIgniter\CLI\Commands->run('db:seed', [...])
 8 SYSTEMPATH/Boot.php(360): CodeIgniter\CLI\Console->run()
 9 SYSTEMPATH/Boot.php(104): CodeIgniter\Boot::runCommand(Object(CodeIgniter\CLI\Console))
10 ROOTPATH/spark(87): CodeIgniter\Boot::bootSpark(Object(Config\Paths))
CRITICAL - 2025-09-12 15:34:42 --> CodeIgniter\View\Exceptions\ViewException: Invalid file: "admin/guru/data_guru.php"
[Method: GET, Route: admin/data-guru]
in SYSTEMPATH/Exceptions/FrameworkException.php on line 39.
 1 SYSTEMPATH/View/View.php(212): CodeIgniter\Exceptions\FrameworkException::forInvalidFile()
 2 SYSTEMPATH/Common.php(1173): CodeIgniter\View\View->render()
 3 APPPATH/Controllers/GuruController.php(12): view()
 4 SYSTEMPATH/CodeIgniter.php(933): App\Controllers\GuruController->index()
 5 SYSTEMPATH/CodeIgniter.php(507): CodeIgniter\CodeIgniter->runController()
 6 SYSTEMPATH/CodeIgniter.php(354): CodeIgniter\CodeIgniter->handleRequest()
 7 SYSTEMPATH/Boot.php(334): CodeIgniter\CodeIgniter->run()
 8 SYSTEMPATH/Boot.php(67): CodeIgniter\Boot::runCodeIgniter()
 9 FCPATH/index.php(59): CodeIgniter\Boot::bootWeb()
10 SYSTEMPATH/rewrite.php(44): require_once('/home/zreis/Downloads/Project/Project-e-Keuangan/public/index.php')
CRITICAL - 2025-09-12 15:35:16 --> CodeIgniter\View\Exceptions\ViewException: Invalid file: "admin/data-tabel/data_guru.php"
[Method: GET, Route: admin/data-guru]
in SYSTEMPATH/Exceptions/FrameworkException.php on line 39.
 1 SYSTEMPATH/View/View.php(212): CodeIgniter\Exceptions\FrameworkException::forInvalidFile()
 2 SYSTEMPATH/Common.php(1173): CodeIgniter\View\View->render()
 3 APPPATH/Controllers/GuruController.php(12): view()
 4 SYSTEMPATH/CodeIgniter.php(933): App\Controllers\GuruController->index()
 5 SYSTEMPATH/CodeIgniter.php(507): CodeIgniter\CodeIgniter->runController()
 6 SYSTEMPATH/CodeIgniter.php(354): CodeIgniter\CodeIgniter->handleRequest()
 7 SYSTEMPATH/Boot.php(334): CodeIgniter\CodeIgniter->run()
 8 SYSTEMPATH/Boot.php(67): CodeIgniter\Boot::runCodeIgniter()
 9 FCPATH/index.php(59): CodeIgniter\Boot::bootWeb()
10 SYSTEMPATH/rewrite.php(44): require_once('/home/zreis/Downloads/Project/Project-e-Keuangan/public/index.php')
CRITICAL - 2025-09-12 15:35:18 --> CodeIgniter\View\Exceptions\ViewException: Invalid file: "admin/data-tabel/data_guru.php"
[Method: GET, Route: admin/data-guru]
in SYSTEMPATH/Exceptions/FrameworkException.php on line 39.
 1 SYSTEMPATH/View/View.php(212): CodeIgniter\Exceptions\FrameworkException::forInvalidFile()
 2 SYSTEMPATH/Common.php(1173): CodeIgniter\View\View->render()
 3 APPPATH/Controllers/GuruController.php(12): view()
 4 SYSTEMPATH/CodeIgniter.php(933): App\Controllers\GuruController->index()
 5 SYSTEMPATH/CodeIgniter.php(507): CodeIgniter\CodeIgniter->runController()
 6 SYSTEMPATH/CodeIgniter.php(354): CodeIgniter\CodeIgniter->handleRequest()
 7 SYSTEMPATH/Boot.php(334): CodeIgniter\CodeIgniter->run()
 8 SYSTEMPATH/Boot.php(67): CodeIgniter\Boot::runCodeIgniter()
 9 FCPATH/index.php(59): CodeIgniter\Boot::bootWeb()
10 SYSTEMPATH/rewrite.php(44): require_once('/home/zreis/Downloads/Project/Project-e-Keuangan/public/index.php')
CRITICAL - 2025-09-12 15:35:20 --> CodeIgniter\View\Exceptions\ViewException: Invalid file: "admin/data-tabel/data_guru.php"
[Method: GET, Route: admin/data-guru]
in SYSTEMPATH/Exceptions/FrameworkException.php on line 39.
 1 SYSTEMPATH/View/View.php(212): CodeIgniter\Exceptions\FrameworkException::forInvalidFile()
 2 SYSTEMPATH/Common.php(1173): CodeIgniter\View\View->render()
 3 APPPATH/Controllers/GuruController.php(12): view()
 4 SYSTEMPATH/CodeIgniter.php(933): App\Controllers\GuruController->index()
 5 SYSTEMPATH/CodeIgniter.php(507): CodeIgniter\CodeIgniter->runController()
 6 SYSTEMPATH/CodeIgniter.php(354): CodeIgniter\CodeIgniter->handleRequest()
 7 SYSTEMPATH/Boot.php(334): CodeIgniter\CodeIgniter->run()
 8 SYSTEMPATH/Boot.php(67): CodeIgniter\Boot::runCodeIgniter()
 9 FCPATH/index.php(59): CodeIgniter\Boot::bootWeb()
10 SYSTEMPATH/rewrite.php(44): require_once('/home/zreis/Downloads/Project/Project-e-Keuangan/public/index.php')
CRITICAL - 2025-09-12 15:54:33 --> ParseError: syntax error, unexpected token "<", expecting end of file
[Method: GET, Route: admin/data-guru]
in APPPATH/Views/admin/data-tabel/data-guru.php on line 53.
 1 SYSTEMPATH/View/View.php(227): CodeIgniter\View\View->{closure:CodeIgniter\View\View::render():221}()
 2 SYSTEMPATH/Common.php(1173): CodeIgniter\View\View->render()
 3 APPPATH/Controllers/GuruController.php(19): view()
 4 SYSTEMPATH/CodeIgniter.php(933): App\Controllers\GuruController->index()
 5 SYSTEMPATH/CodeIgniter.php(507): CodeIgniter\CodeIgniter->runController()
 6 SYSTEMPATH/CodeIgniter.php(354): CodeIgniter\CodeIgniter->handleRequest()
 7 SYSTEMPATH/Boot.php(334): CodeIgniter\CodeIgniter->run()
 8 SYSTEMPATH/Boot.php(67): CodeIgniter\Boot::runCodeIgniter()
 9 FCPATH/index.php(59): CodeIgniter\Boot::bootWeb()
10 SYSTEMPATH/rewrite.php(44): require_once('/home/zreis/Downloads/Project/Project-e-Keuangan/public/index.php')
CRITICAL - 2025-09-12 15:54:36 --> ParseError: syntax error, unexpected token "<", expecting end of file
[Method: GET, Route: admin/data-guru]
in APPPATH/Views/admin/data-tabel/data-guru.php on line 53.
 1 SYSTEMPATH/View/View.php(227): CodeIgniter\View\View->{closure:CodeIgniter\View\View::render():221}()
 2 SYSTEMPATH/Common.php(1173): CodeIgniter\View\View->render()
 3 APPPATH/Controllers/GuruController.php(19): view()
 4 SYSTEMPATH/CodeIgniter.php(933): App\Controllers\GuruController->index()
 5 SYSTEMPATH/CodeIgniter.php(507): CodeIgniter\CodeIgniter->runController()
 6 SYSTEMPATH/CodeIgniter.php(354): CodeIgniter\CodeIgniter->handleRequest()
 7 SYSTEMPATH/Boot.php(334): CodeIgniter\CodeIgniter->run()
 8 SYSTEMPATH/Boot.php(67): CodeIgniter\Boot::runCodeIgniter()
 9 FCPATH/index.php(59): CodeIgniter\Boot::bootWeb()
10 SYSTEMPATH/rewrite.php(44): require_once('/home/zreis/Downloads/Project/Project-e-Keuangan/public/index.php')
CRITICAL - 2025-09-12 15:57:35 --> Error: Call to undefined function word_limiter()
[Method: GET, Route: admin/data-guru]
in APPPATH/Views/admin/data-tabel/data-guru.php on line 68.
 1 SYSTEMPATH/View/View.php(224): include()
 2 SYSTEMPATH/View/View.php(227): CodeIgniter\View\View->{closure:CodeIgniter\View\View::render():221}()
 3 SYSTEMPATH/Common.php(1173): CodeIgniter\View\View->render()
 4 APPPATH/Controllers/GuruController.php(19): view()
 5 SYSTEMPATH/CodeIgniter.php(933): App\Controllers\GuruController->index()
 6 SYSTEMPATH/CodeIgniter.php(507): CodeIgniter\CodeIgniter->runController()
 7 SYSTEMPATH/CodeIgniter.php(354): CodeIgniter\CodeIgniter->handleRequest()
 8 SYSTEMPATH/Boot.php(334): CodeIgniter\CodeIgniter->run()
 9 SYSTEMPATH/Boot.php(67): CodeIgniter\Boot::runCodeIgniter()
10 FCPATH/index.php(59): CodeIgniter\Boot::bootWeb()
11 SYSTEMPATH/rewrite.php(44): require_once('/home/zreis/Downloads/Project/Project-e-Keuangan/public/index.php')
CRITICAL - 2025-09-12 15:57:42 --> Error: Call to undefined function word_limiter()
[Method: GET, Route: admin/data-guru]
in APPPATH/Views/admin/data-tabel/data-guru.php on line 68.
 1 SYSTEMPATH/View/View.php(224): include()
 2 SYSTEMPATH/View/View.php(227): CodeIgniter\View\View->{closure:CodeIgniter\View\View::render():221}()
 3 SYSTEMPATH/Common.php(1173): CodeIgniter\View\View->render()
 4 APPPATH/Controllers/GuruController.php(19): view()
 5 SYSTEMPATH/CodeIgniter.php(933): App\Controllers\GuruController->index()
 6 SYSTEMPATH/CodeIgniter.php(507): CodeIgniter\CodeIgniter->runController()
 7 SYSTEMPATH/CodeIgniter.php(354): CodeIgniter\CodeIgniter->handleRequest()
 8 SYSTEMPATH/Boot.php(334): CodeIgniter\CodeIgniter->run()
 9 SYSTEMPATH/Boot.php(67): CodeIgniter\Boot::runCodeIgniter()
10 FCPATH/index.php(59): CodeIgniter\Boot::bootWeb()
11 SYSTEMPATH/rewrite.php(44): require_once('/home/zreis/Downloads/Project/Project-e-Keuangan/public/index.php')
CRITICAL - 2025-09-12 15:58:04 --> Error: Call to undefined function word_limiter()
[Method: GET, Route: admin/data-guru]
in APPPATH/Views/admin/data-tabel/data-guru.php on line 68.
 1 SYSTEMPATH/View/View.php(224): include()
 2 SYSTEMPATH/View/View.php(227): CodeIgniter\View\View->{closure:CodeIgniter\View\View::render():221}()
 3 SYSTEMPATH/Common.php(1173): CodeIgniter\View\View->render()
 4 APPPATH/Controllers/GuruController.php(19): view()
 5 SYSTEMPATH/CodeIgniter.php(933): App\Controllers\GuruController->index()
 6 SYSTEMPATH/CodeIgniter.php(507): CodeIgniter\CodeIgniter->runController()
 7 SYSTEMPATH/CodeIgniter.php(354): CodeIgniter\CodeIgniter->handleRequest()
 8 SYSTEMPATH/Boot.php(334): CodeIgniter\CodeIgniter->run()
 9 SYSTEMPATH/Boot.php(67): CodeIgniter\Boot::runCodeIgniter()
10 FCPATH/index.php(59): CodeIgniter\Boot::bootWeb()
11 SYSTEMPATH/rewrite.php(44): require_once('/home/zreis/Downloads/Project/Project-e-Keuangan/public/index.php')
CRITICAL - 2025-09-12 15:58:04 --> Error: Call to undefined function word_limiter()
[Method: GET, Route: admin/data-guru]
in APPPATH/Views/admin/data-tabel/data-guru.php on line 68.
 1 SYSTEMPATH/View/View.php(224): include()
 2 SYSTEMPATH/View/View.php(227): CodeIgniter\View\View->{closure:CodeIgniter\View\View::render():221}()
 3 SYSTEMPATH/Common.php(1173): CodeIgniter\View\View->render()
 4 APPPATH/Controllers/GuruController.php(19): view()
 5 SYSTEMPATH/CodeIgniter.php(933): App\Controllers\GuruController->index()
 6 SYSTEMPATH/CodeIgniter.php(507): CodeIgniter\CodeIgniter->runController()
 7 SYSTEMPATH/CodeIgniter.php(354): CodeIgniter\CodeIgniter->handleRequest()
 8 SYSTEMPATH/Boot.php(334): CodeIgniter\CodeIgniter->run()
 9 SYSTEMPATH/Boot.php(67): CodeIgniter\Boot::runCodeIgniter()
10 FCPATH/index.php(59): CodeIgniter\Boot::bootWeb()
11 SYSTEMPATH/rewrite.php(44): require_once('/home/zreis/Downloads/Project/Project-e-Keuangan/public/index.php')
